#include "Arguments.H"
----------Arguments.H:#include "Arguments.tC"
----------Arguments.H:#include "DList.H
----------DList.H:#include "DListBase.H"
----------DList.H:#include "heapwr.H"
----------DListBase.H:#include "Subscript.H"
----------DListBase.H:#include "DNode.H"
----------Arguments.H:#include "Boolean.h"
----------Arguments.tC:#include "Conversions.H"
#include "Error.H"
#include "Fallible.H"
----------Fallible.H:#include "FallibleBase.H"
#include "InputReader.H"
#include "InputVariable.H"
----------InputVariable.H:#include "InputItem.H"
#include "MathTools.H"
----------MathTools.H:#include "double.H"
#include "MultiIndex.H"
#include "Pattern.H"
#include "Random.H"
#include "RunningVariable.H"
#include "StreamBuffer.H"
#include "String.H"
----------String.H:#include "array.H"
----------array.H:#include "array.tC"
#include "double.H"
----------double.H:#include "BinIOStream.H"
----------BinIOStream.H:#include "BinIOStream.iC"
----------BinIOStream.H://  #include "Constants.H"
----------BinIOStream.H:  #include "Definitions.H"
#include "globals.hh"
#include "newvector.H"
#include "undef.H"
----------undef.H:#include "undef.tC"
#include <algo.h>
#include <algobase.h>
#include <ctype.h>
#include <fstream.h>
#include <iomanip.h>
#include <iostream.h>
#include <list.h>
#include <math.h>
#include <stdarg.h>
#include <stdlib.h>
#include <string.h>
#include <strstream.h>
#include <vector.h>
//#include "Event.H"
//#include "double.H"
//#include "matrix_t.H"
------------matrix_t.H:#include "matrix_t.tC"
//#include "outputList.H"
//#include "vector.H"
