Environment variable "G4FORCE_RUN_MANAGER_TYPE" enabled with value == Serial. Forcing G4RunManager type...

        ############################################
        !!! WARNING - FPE detection is activated !!!
        ############################################


          ################################
          !!! G4Backtrace is activated !!!
          ################################


**************************************************************
 Geant4 version Name: geant4-11-04-patch-03    (01-October-2026)
                       Copyright : Geant4 Collaboration
                      References : NIM A 506 (2003), 250-303
                                 : IEEE-TNS 53 (2006), 270-278
                                 : NIM A 835 (2016), 186-225
                             WWW : http://geant4.org/
**************************************************************

<<< Geant4 Physics List simulation engine: FTFP_BERT

      ********************************************************* 
      ********** processes are wrapped for biasing ************ 
      ********************************************************* 
 Attaching biasing operator LeadingParticleBiasingOperator to logical volume test.logical

 hInelastic FTFP_BERT : threshold between BERT and FTFP is over the interval 
 for pions :   3 to 6 GeV
 for kaons :   3 to 6 GeV
 for proton :  3 to 6 GeV
 for neutron : 3 to 6 GeV

### Adding tracking cuts for neutron  TimeCut(ns)= 10000  KinEnergyCut(MeV)= 0
Visualization Manager instantiating with verbosity "warnings (3)"...
Visualization Manager initialising...
Registering graphics systems...

You have successfully registered the following graphics systems.
Registered graphics systems are:
  ASCIITree (ATree)
  DAWNFILE (DAWNFILE)
  RayTracer (RT)
  VRML2FILE (VRML2FILE)
  gMocrenFile (gMocrenFile)
  TOOLSSG_OFFSCREEN (TSG_OFFSCREEN, TSG_FILE)
  OpenGLImmediateQt (OGLIQt, OGLI)
  OpenGLStoredQt (OGLSQt, OGLS)
  OpenGLImmediateXm (OGLIXm, OGLIQt_FALLBACK)
  OpenGLStoredXm (OGLSXm, OGLSQt_FALLBACK)
  OpenGLImmediateX (OGLIX, OGLIQt_FALLBACK, OGLIXm_FALLBACK)
  OpenGLStoredX (OGLSX, OGLSQt_FALLBACK, OGLSXm_FALLBACK)
  RayTracerX (RTX)
  RayTracerQt (RTQt)
  TOOLSSG_X11_GLES (TSG_X11_GLES, TSGX11, TSG_XT_GLES_FALLBACK)
  TOOLSSG_X11_ZB (TSG_X11_ZB, TSGX11ZB)
  TOOLSSG_XT_GLES (TSG_XT_GLES, TSGXt, TSG_QT_GLES_FALLBACK)
  TOOLSSG_XT_ZB (TSG_XT_ZB, TSGXtZB)
  TOOLSSG_QT_GLES (TSG_QT_GLES, TSGQt, TSG, OGL)
  TOOLSSG_QT_ZB (TSG_QT_ZB, TSGQtZB, TSGZB)
You may choose a graphics system (driver) with a parameter of
the command "/vis/open" or "/vis/sceneHandler/create",
or you may omit the driver parameter and choose at run time:
- by argument in the construction of G4VisExecutive
- by environment variable "G4VIS_DEFAULT_DRIVER"
- by entry in "~/.g4session"
- by build flags.
- Note: This feature is not allowed in batch mode.
For further information see "examples/basic/B1/exampleB1.cc"
and "vis.mac".

Registering model factories...

You have successfully registered the following model factories.
Registered model factories:
  generic
  drawByAttribute
  drawByCharge
  drawByOriginVolume
  drawByParticleID
  drawByEncounteredVolume

Registered models:
  None

Registered filter factories:
  attributeFilter
  chargeFilter
  originVolumeFilter
  particleFilter
  encounteredVolumeFilter

Registered filters:
  None

You have successfully registered the following user vis actions.
Run Duration User Vis Actions: none
End of Event User Vis Actions: none
End of Run User Vis Actions: none

Some /vis commands (optionally) take a string to specify colour.
"/vis/list" to see available colours.
=======================================================================
======                 Electromagnetic Physics Parameters      ========
=======================================================================
LPM effect enabled                                 1
Enable creation and use of sampling tables         0
Apply cuts on all EM processes                     0
Use combined TransportationWithMsc                 Disabled
Use general process                                1
Enable linear polarisation for gamma               0
Enable photoeffect sampling below K-shell          1
Enable sampling of quantum entanglement            0
X-section factor for integral approach             0.8
Min kinetic energy for tables                      100 eV 
Max kinetic energy for tables                      100 TeV
Number of bins per decade of a table               7
Verbose level                                      1
Verbose level for worker thread                    0
Bremsstrahlung energy threshold above which 
  primary e+- is added to the list of secondary    100 TeV
Bremsstrahlung energy threshold above which primary
  muon/hadron is added to the list of secondary    100 TeV
Positron annihilation at rest model                SimplePositronium
Enable 3 gamma annihilation on fly                 0
Lowest triplet kinetic energy                      1 MeV
Enable sampling of gamma linear polarisation       0
5D gamma conversion model type                     0
5D gamma conversion model on isolated ion          0
Use RiGe 5D e+e- pair production model by muons    0
Livermore data directory                           epics_2017
=======================================================================
======                 Ionisation Parameters                   ========
=======================================================================
Step function for e+-                              (0.2, 1 mm)
Step function for muons/hadrons                    (0.2, 0.1 mm)
Step function for light ions                       (0.2, 0.1 mm)
Step function for general ions                     (0.2, 0.1 mm)
Lowest e+e- kinetic energy                         1 keV
Lowest muon/hadron kinetic energy                  1 keV
Use ICRU90 data                                    0
Fluctuations of dE/dx are enabled                  1
Type of fluctuation model for leptons and hadrons  Urban
Use built-in Birks saturation                      0
Build CSDA range enabled                           0
Use cut as a final range enabled                   0
Enable angular generator interface                 0
Max kinetic energy for CSDA tables                 1 GeV
Max kinetic energy for NIEL computation            0 eV 
Linear loss limit                                  0.01
Read data from file for e+e- pair production by mu 0
=======================================================================
======                 Multiple Scattering Parameters          ========
=======================================================================
Type of msc step limit algorithm for e+-           1
Type of msc step limit algorithm for muons/hadrons 0
Msc lateral displacement for e+- enabled           1
Msc lateral displacement for muons and hadrons     0
Urban msc model lateral displacement alg96         1
Range factor for msc step limit for e+-            0.04
Range factor for msc step limit for muons/hadrons  0.2
Geometry factor for msc step limitation of e+-     2.5
Safety factor for msc step limit for e+-           0.6
Skin parameter for msc step limitation of e+-      1
Lambda limit for msc step limit for e+-            1 mm
Use Mott correction for e- scattering              0
Factor used for dynamic computation of angular 
  limit between single and multiple scattering     1
Fixed angular limit between single 
  and multiple scattering                          3.1416 rad
Upper energy limit for e+- multiple scattering     100 MeV
Type of electron single scattering model           0
Type of nuclear form-factor                        1
Screening factor                                   1
=======================================================================

phot:  for gamma SubType=12 BuildTable=0
      LambdaPrime table from 200 keV to 100 TeV in 61 bins 
      ===== EM models for the G4Region  DefaultRegionForTheWorld ======
 LivermorePhElectric : Emin=    0 eV  Emax=  100 TeV  SauterGavrila Fluo

compt:  for gamma SubType=13 BuildTable=1
      Lambda table from 100 eV  to 1 MeV, 7 bins/decade, spline: 1
      LambdaPrime table from 1 MeV to 100 TeV in 56 bins 
      ===== EM models for the G4Region  DefaultRegionForTheWorld ======
       Klein-Nishina : Emin=    0 eV  Emax=  100 TeV

conv:  for gamma SubType=14 BuildTable=1
      Lambda table from 1.022 MeV to 100 TeV, 18 bins/decade, spline: 1
      ===== EM models for the G4Region  DefaultRegionForTheWorld ======
     BetheHeitlerLPM : Emin=    0 eV  Emax=  100 TeV  ModifiedTsai

Rayl:  for gamma SubType=11 BuildTable=1
      Lambda table from 100 eV  to 150 keV, 7 bins/decade, spline: 0
      LambdaPrime table from 150 keV to 100 TeV in 62 bins 
      ===== EM models for the G4Region  DefaultRegionForTheWorld ======
   LivermoreRayleigh : Emin=    0 eV  Emax=  100 TeV  CullenGenerator

msc:  for e-  SubType= 10
      ===== EM models for the G4Region  DefaultRegionForTheWorld ======
            UrbanMsc : Emin=    0 eV  Emax=  100 MeV Nbins=42 100 eV  - 100 MeV
          StepLim=UseSafety Rfact=0.04 Gfact=2.5 Sfact=0.6 DispFlag:1 Skin=1 Llim=1 mm
        WentzelVIUni : Emin=  100 MeV Emax=  100 TeV Nbins=42 100 MeV - 100 TeV
          StepLim=UseSafety Rfact=0.04 Gfact=2.5 Sfact=0.6 DispFlag:1 Skin=1 Llim=1 mm

eIoni:  for e-  XStype:3  SubType=2
      dE/dx and range tables from 100 eV  to 100 TeV in 84 bins
      Lambda tables from threshold to 100 TeV, 7 bins/decade, spline: 1
      StepFunction=(0.2, 1 mm), integ: 3, fluct: 1, linLossLim= 0.01
      ===== EM models for the G4Region  DefaultRegionForTheWorld ======
        MollerBhabha : Emin=    0 eV  Emax=  100 TeV

eBrem:  for e-  XStype:4  SubType=3
      dE/dx and range tables from 100 eV  to 100 TeV in 84 bins
      Lambda tables from threshold to 100 TeV, 7 bins/decade, spline: 1
      LPM flag: 1 for E > 1 GeV,  VertexHighEnergyTh(GeV)= 100000
      ===== EM models for the G4Region  DefaultRegionForTheWorld ======
             eBremSB : Emin=    0 eV  Emax=    1 GeV  ModifiedTsai
            eBremLPM : Emin=    1 GeV Emax=  100 TeV  ModifiedTsai

CoulombScat:  for e- XStype:1 SubType=1 BuildTable=1
      Lambda table from 100 MeV to 100 TeV, 7 bins/decade, spline: 0
      ThetaMin(p) < Theta(degree) < 180, pLimit(GeV^1)= 0.139531
      ===== EM models for the G4Region  DefaultRegionForTheWorld ======
  eCoulombScattering : Emin=  100 MeV Emax=  100 TeV

msc:  for e+  SubType= 10
      ===== EM models for the G4Region  DefaultRegionForTheWorld ======
            UrbanMsc : Emin=    0 eV  Emax=  100 MeV Nbins=42 100 eV  - 100 MeV
          StepLim=UseSafety Rfact=0.04 Gfact=2.5 Sfact=0.6 DispFlag:1 Skin=1 Llim=1 mm
        WentzelVIUni : Emin=  100 MeV Emax=  100 TeV Nbins=42 100 MeV - 100 TeV
          StepLim=UseSafety Rfact=0.04 Gfact=2.5 Sfact=0.6 DispFlag:1 Skin=1 Llim=1 mm

eIoni:  for e+  XStype:3  SubType=2
      dE/dx and range tables from 100 eV  to 100 TeV in 84 bins
      Lambda tables from threshold to 100 TeV, 7 bins/decade, spline: 1
      StepFunction=(0.2, 1 mm), integ: 3, fluct: 1, linLossLim= 0.01
      ===== EM models for the G4Region  DefaultRegionForTheWorld ======
        MollerBhabha : Emin=    0 eV  Emax=  100 TeV

eBrem:  for e+  XStype:4  SubType=3
      dE/dx and range tables from 100 eV  to 100 TeV in 84 bins
      Lambda tables from threshold to 100 TeV, 7 bins/decade, spline: 1
      LPM flag: 1 for E > 1 GeV,  VertexHighEnergyTh(GeV)= 100000
      ===== EM models for the G4Region  DefaultRegionForTheWorld ======
             eBremSB : Emin=    0 eV  Emax=    1 GeV  ModifiedTsai
            eBremLPM : Emin=    1 GeV Emax=  100 TeV  ModifiedTsai

CoulombScat:  for e+ XStype:1 SubType=1 BuildTable=1
      Lambda table from 100 MeV to 100 TeV, 7 bins/decade, spline: 0
      ThetaMin(p) < Theta(degree) < 180, pLimit(GeV^1)= 0.139531
      ===== EM models for the G4Region  DefaultRegionForTheWorld ======
  eCoulombScattering : Emin=  100 MeV Emax=  100 TeV

annihil:  for e+ XStype:2 SubType=5 AtRestModel:Simple BuildTable=0
      ===== EM models for the G4Region  DefaultRegionForTheWorld ======
            eplus2gg : Emin=    0 eV  Emax=  100 TeV

msc:  for proton  SubType= 10
      ===== EM models for the G4Region  DefaultRegionForTheWorld ======
        WentzelVIUni : Emin=    0 eV  Emax=  100 TeV Nbins=84 100 eV  - 100 TeV
          StepLim=Minimal Rfact=0.2 Gfact=2.5 Sfact=0.6 DispFlag:0 Skin=1 Llim=1 mm

hIoni:  for proton  XStype:3  SubType=2
      dE/dx and range tables from 100 eV  to 100 TeV in 84 bins
      Lambda tables from threshold to 100 TeV, 7 bins/decade, spline: 1
      StepFunction=(0.2, 0.1 mm), integ: 3, fluct: 1, linLossLim= 0.01
      ===== EM models for the G4Region  DefaultRegionForTheWorld ======
               Bragg : Emin=    0 eV  Emax=    2 MeV
          BetheBloch : Emin=    2 MeV Emax=  100 TeV

hBrems:  for proton  XStype:1  SubType=3
      dE/dx and range tables from 100 eV  to 100 TeV in 84 bins
      Lambda tables from threshold to 100 TeV, 7 bins/decade, spline: 1
      ===== EM models for the G4Region  DefaultRegionForTheWorld ======
               hBrem : Emin=    0 eV  Emax=  100 TeV  ModifiedMephi

hPairProd:  for proton  XStype:1  SubType=4
      dE/dx and range tables from 100 eV  to 100 TeV in 84 bins
      Lambda tables from threshold to 100 TeV, 7 bins/decade, spline: 1
      Sampling table 17x1001, from 7.50618 GeV to 100 TeV 
      ===== EM models for the G4Region  DefaultRegionForTheWorld ======
           hPairProd : Emin=    0 eV  Emax=  100 TeV  ModifiedMephi

CoulombScat:  for proton XStype:1 SubType=1 BuildTable=1
      Lambda table from threshold  to 100 TeV, 7 bins/decade, spline: 0
      ThetaMin(p) < Theta(degree) < 180, pLimit(GeV^1)= 0.139531
      ===== EM models for the G4Region  DefaultRegionForTheWorld ======
  eCoulombScattering : Emin=    0 eV  Emax=  100 TeV

msc:  for GenericIon  SubType= 10
      ===== EM models for the G4Region  DefaultRegionForTheWorld ======
            UrbanMsc : Emin=    0 eV  Emax=  100 TeV
          StepLim=Minimal Rfact=0.2 Gfact=2.5 Sfact=0.6 DispFlag:0 Skin=1 Llim=1 mm

ionIoni:  for GenericIon  XStype:3  SubType=2
      dE/dx and range tables from 100 eV  to 100 TeV in 84 bins
      Lambda tables from threshold to 100 TeV, 7 bins/decade, spline: 1
      StepFunction=(0.2, 0.1 mm), integ: 3, fluct: 1, linLossLim= 0.02
      ===== EM models for the G4Region  DefaultRegionForTheWorld ======
               Bragg : Emin=    0 eV  Emax=    2 MeV
          BetheBloch : Emin=    2 MeV Emax=  100 TeV

msc:  for alpha  SubType= 10
      ===== EM models for the G4Region  DefaultRegionForTheWorld ======
            UrbanMsc : Emin=    0 eV  Emax=  100 TeV
          StepLim=Minimal Rfact=0.2 Gfact=2.5 Sfact=0.6 DispFlag:0 Skin=1 Llim=1 mm

ionIoni:  for alpha  XStype:3  SubType=2
      dE/dx and range tables from 100 eV  to 100 TeV in 84 bins
      Lambda tables from threshold to 100 TeV, 7 bins/decade, spline: 1
      StepFunction=(0.2, 0.1 mm), integ: 3, fluct: 1, linLossLim= 0.02
      ===== EM models for the G4Region  DefaultRegionForTheWorld ======
            BraggIon : Emin=    0 eV  Emax=7.9452 MeV
          BetheBloch : Emin=7.9452 MeV Emax=  100 TeV

msc:  for anti_proton  SubType= 10
      ===== EM models for the G4Region  DefaultRegionForTheWorld ======
        WentzelVIUni : Emin=    0 eV  Emax=  100 TeV Nbins=84 100 eV  - 100 TeV
          StepLim=Minimal Rfact=0.2 Gfact=2.5 Sfact=0.6 DispFlag:0 Skin=1 Llim=1 mm

hIoni:  for anti_proton  XStype:3  SubType=2
      dE/dx and range tables from 100 eV  to 100 TeV in 84 bins
      Lambda tables from threshold to 100 TeV, 7 bins/decade, spline: 1
      StepFunction=(0.2, 0.1 mm), integ: 3, fluct: 1, linLossLim= 0.01
      ===== EM models for the G4Region  DefaultRegionForTheWorld ======
            ICRU73QO : Emin=    0 eV  Emax=    2 MeV
          BetheBloch : Emin=    2 MeV Emax=  100 TeV

hBrems:  for anti_proton  XStype:1  SubType=3
      dE/dx and range tables from 100 eV  to 100 TeV in 84 bins
      Lambda tables from threshold to 100 TeV, 7 bins/decade, spline: 1
      ===== EM models for the G4Region  DefaultRegionForTheWorld ======
               hBrem : Emin=    0 eV  Emax=  100 TeV  ModifiedMephi

hPairProd:  for anti_proton  XStype:1  SubType=4
      dE/dx and range tables from 100 eV  to 100 TeV in 84 bins
      Lambda tables from threshold to 100 TeV, 7 bins/decade, spline: 1
      Sampling table 17x1001, from 7.50618 GeV to 100 TeV 
      ===== EM models for the G4Region  DefaultRegionForTheWorld ======
           hPairProd : Emin=    0 eV  Emax=  100 TeV  ModifiedMephi

CoulombScat:  for anti_proton XStype:1 SubType=1 BuildTable=1
      Lambda table from threshold  to 100 TeV, 7 bins/decade, spline: 0
      ThetaMin(p) < Theta(degree) < 180, pLimit(GeV^1)= 0.139531
      ===== EM models for the G4Region  DefaultRegionForTheWorld ======
  eCoulombScattering : Emin=    0 eV  Emax=  100 TeV

msc:  for kaon+  SubType= 10
      ===== EM models for the G4Region  DefaultRegionForTheWorld ======
        WentzelVIUni : Emin=    0 eV  Emax=  100 TeV Nbins=84 100 eV  - 100 TeV
          StepLim=Minimal Rfact=0.2 Gfact=2.5 Sfact=0.6 DispFlag:0 Skin=1 Llim=1 mm

hIoni:  for kaon+  XStype:3  SubType=2
      dE/dx and range tables from 100 eV  to 100 TeV in 84 bins
      Lambda tables from threshold to 100 TeV, 7 bins/decade, spline: 1
      StepFunction=(0.2, 0.1 mm), integ: 3, fluct: 1, linLossLim= 0.01
      ===== EM models for the G4Region  DefaultRegionForTheWorld ======
               Bragg : Emin=    0 eV  Emax=1.05231 MeV
          BetheBloch : Emin=1.05231 MeV Emax=  100 TeV

hBrems:  for kaon+  XStype:1  SubType=3
      dE/dx and range tables from 100 eV  to 100 TeV in 84 bins
      Lambda tables from threshold to 100 TeV, 7 bins/decade, spline: 1
      ===== EM models for the G4Region  DefaultRegionForTheWorld ======
               hBrem : Emin=    0 eV  Emax=  100 TeV  ModifiedMephi

hPairProd:  for kaon+  XStype:1  SubType=4
      dE/dx and range tables from 100 eV  to 100 TeV in 84 bins
      Lambda tables from threshold to 100 TeV, 7 bins/decade, spline: 1
      Sampling table 18x1001, from 3.94942 GeV to 100 TeV 
      ===== EM models for the G4Region  DefaultRegionForTheWorld ======
           hPairProd : Emin=    0 eV  Emax=  100 TeV  ModifiedMephi

CoulombScat:  for kaon+ XStype:1 SubType=1 BuildTable=1
      Lambda table from threshold  to 100 TeV, 7 bins/decade, spline: 0
      ThetaMin(p) < Theta(degree) < 180, pLimit(GeV^1)= 0.139531
      ===== EM models for the G4Region  DefaultRegionForTheWorld ======
  eCoulombScattering : Emin=    0 eV  Emax=  100 TeV

msc:  for kaon-  SubType= 10
      ===== EM models for the G4Region  DefaultRegionForTheWorld ======
        WentzelVIUni : Emin=    0 eV  Emax=  100 TeV Nbins=84 100 eV  - 100 TeV
          StepLim=Minimal Rfact=0.2 Gfact=2.5 Sfact=0.6 DispFlag:0 Skin=1 Llim=1 mm

hIoni:  for kaon-  XStype:3  SubType=2
      dE/dx and range tables from 100 eV  to 100 TeV in 84 bins
      Lambda tables from threshold to 100 TeV, 7 bins/decade, spline: 1
      StepFunction=(0.2, 0.1 mm), integ: 3, fluct: 1, linLossLim= 0.01
      ===== EM models for the G4Region  DefaultRegionForTheWorld ======
            ICRU73QO : Emin=    0 eV  Emax=1.05231 MeV
          BetheBloch : Emin=1.05231 MeV Emax=  100 TeV

hBrems:  for kaon-  XStype:1  SubType=3
      dE/dx and range tables from 100 eV  to 100 TeV in 84 bins
      Lambda tables from threshold to 100 TeV, 7 bins/decade, spline: 1
      ===== EM models for the G4Region  DefaultRegionForTheWorld ======
               hBrem : Emin=    0 eV  Emax=  100 TeV  ModifiedMephi

hPairProd:  for kaon-  XStype:1  SubType=4
      dE/dx and range tables from 100 eV  to 100 TeV in 84 bins
      Lambda tables from threshold to 100 TeV, 7 bins/decade, spline: 1
      Sampling table 18x1001, from 3.94942 GeV to 100 TeV 
      ===== EM models for the G4Region  DefaultRegionForTheWorld ======
           hPairProd : Emin=    0 eV  Emax=  100 TeV  ModifiedMephi

CoulombScat:  for kaon- XStype:1 SubType=1 BuildTable=1
      Used Lambda table of kaon+
      ThetaMin(p) < Theta(degree) < 180, pLimit(GeV^1)= 0.139531
      ===== EM models for the G4Region  DefaultRegionForTheWorld ======
  eCoulombScattering : Emin=    0 eV  Emax=  100 TeV

msc:  for mu+  SubType= 10
      ===== EM models for the G4Region  DefaultRegionForTheWorld ======
        WentzelVIUni : Emin=    0 eV  Emax=  100 TeV Nbins=84 100 eV  - 100 TeV
          StepLim=Minimal Rfact=0.2 Gfact=2.5 Sfact=0.6 DispFlag:0 Skin=1 Llim=1 mm

muIoni:  for mu+  XStype:3  SubType=2
      dE/dx and range tables from 100 eV  to 100 TeV in 84 bins
      Lambda tables from threshold to 100 TeV, 7 bins/decade, spline: 1
      StepFunction=(0.2, 0.1 mm), integ: 3, fluct: 1, linLossLim= 0.01
      ===== EM models for the G4Region  DefaultRegionForTheWorld ======
               Bragg : Emin=    0 eV  Emax=  200 keV
        MuBetheBloch : Emin=  200 keV Emax=  100 TeV

muBrems:  for mu+  XStype:1  SubType=3
      dE/dx and range tables from 100 eV  to 100 TeV in 84 bins
      Lambda tables from threshold to 100 TeV, 7 bins/decade, spline: 1
      ===== EM models for the G4Region  DefaultRegionForTheWorld ======
              MuBrem : Emin=    0 eV  Emax=  100 TeV  ModifiedMephi

muPairProd:  for mu+  XStype:1  SubType=4
      dE/dx and range tables from 100 eV  to 100 TeV in 84 bins
      Lambda tables from threshold to 100 TeV, 7 bins/decade, spline: 1
      Sampling table 21x1001, from 0.85 GeV to 100 TeV 
      ===== EM models for the G4Region  DefaultRegionForTheWorld ======
          muPairProd : Emin=    0 eV  Emax=  100 TeV  ModifiedMephi

CoulombScat:  for mu+ XStype:1 SubType=1 BuildTable=1
      Lambda table from threshold  to 100 TeV, 7 bins/decade, spline: 0
      ThetaMin(p) < Theta(degree) < 180, pLimit(GeV^1)= 0.139531
      ===== EM models for the G4Region  DefaultRegionForTheWorld ======
  eCoulombScattering : Emin=    0 eV  Emax=  100 TeV

msc:  for mu-  SubType= 10
      ===== EM models for the G4Region  DefaultRegionForTheWorld ======
        WentzelVIUni : Emin=    0 eV  Emax=  100 TeV Nbins=84 100 eV  - 100 TeV
          StepLim=Minimal Rfact=0.2 Gfact=2.5 Sfact=0.6 DispFlag:0 Skin=1 Llim=1 mm

muIoni:  for mu-  XStype:3  SubType=2
      dE/dx and range tables from 100 eV  to 100 TeV in 84 bins
      Lambda tables from threshold to 100 TeV, 7 bins/decade, spline: 1
      StepFunction=(0.2, 0.1 mm), integ: 3, fluct: 1, linLossLim= 0.01
      ===== EM models for the G4Region  DefaultRegionForTheWorld ======
            ICRU73QO : Emin=    0 eV  Emax=  200 keV
        MuBetheBloch : Emin=  200 keV Emax=  100 TeV

muBrems:  for mu-  XStype:1  SubType=3
      dE/dx and range tables from 100 eV  to 100 TeV in 84 bins
      Lambda tables from threshold to 100 TeV, 7 bins/decade, spline: 1
      ===== EM models for the G4Region  DefaultRegionForTheWorld ======
              MuBrem : Emin=    0 eV  Emax=  100 TeV  ModifiedMephi

muPairProd:  for mu-  XStype:1  SubType=4
      dE/dx and range tables from 100 eV  to 100 TeV in 84 bins
      Lambda tables from threshold to 100 TeV, 7 bins/decade, spline: 1
      Sampling table 21x1001, from 0.85 GeV to 100 TeV 
      ===== EM models for the G4Region  DefaultRegionForTheWorld ======
          muPairProd : Emin=    0 eV  Emax=  100 TeV  ModifiedMephi

CoulombScat:  for mu- XStype:1 SubType=1 BuildTable=1
      Used Lambda table of mu+
      ThetaMin(p) < Theta(degree) < 180, pLimit(GeV^1)= 0.139531
      ===== EM models for the G4Region  DefaultRegionForTheWorld ======
  eCoulombScattering : Emin=    0 eV  Emax=  100 TeV

msc:  for pi+  SubType= 10
      ===== EM models for the G4Region  DefaultRegionForTheWorld ======
        WentzelVIUni : Emin=    0 eV  Emax=  100 TeV Nbins=84 100 eV  - 100 TeV
          StepLim=Minimal Rfact=0.2 Gfact=2.5 Sfact=0.6 DispFlag:0 Skin=1 Llim=1 mm

hIoni:  for pi+  XStype:3  SubType=2
      dE/dx and range tables from 100 eV  to 100 TeV in 84 bins
      Lambda tables from threshold to 100 TeV, 7 bins/decade, spline: 1
      StepFunction=(0.2, 0.1 mm), integ: 3, fluct: 1, linLossLim= 0.01
      ===== EM models for the G4Region  DefaultRegionForTheWorld ======
               Bragg : Emin=    0 eV  Emax=297.505 keV
          BetheBloch : Emin=297.505 keV Emax=  100 TeV

hBrems:  for pi+  XStype:1  SubType=3
      dE/dx and range tables from 100 eV  to 100 TeV in 84 bins
      Lambda tables from threshold to 100 TeV, 7 bins/decade, spline: 1
      ===== EM models for the G4Region  DefaultRegionForTheWorld ======
               hBrem : Emin=    0 eV  Emax=  100 TeV  ModifiedMephi

hPairProd:  for pi+  XStype:1  SubType=4
      dE/dx and range tables from 100 eV  to 100 TeV in 84 bins
      Lambda tables from threshold to 100 TeV, 7 bins/decade, spline: 1
      Sampling table 20x1001, from 1.11656 GeV to 100 TeV 
      ===== EM models for the G4Region  DefaultRegionForTheWorld ======
           hPairProd : Emin=    0 eV  Emax=  100 TeV  ModifiedMephi

CoulombScat:  for pi+ XStype:1 SubType=1 BuildTable=1
      Lambda table from threshold  to 100 TeV, 7 bins/decade, spline: 0
      ThetaMin(p) < Theta(degree) < 180, pLimit(GeV^1)= 0.139531
      ===== EM models for the G4Region  DefaultRegionForTheWorld ======
  eCoulombScattering : Emin=    0 eV  Emax=  100 TeV

msc:  for pi-  SubType= 10
      ===== EM models for the G4Region  DefaultRegionForTheWorld ======
        WentzelVIUni : Emin=    0 eV  Emax=  100 TeV Nbins=84 100 eV  - 100 TeV
          StepLim=Minimal Rfact=0.2 Gfact=2.5 Sfact=0.6 DispFlag:0 Skin=1 Llim=1 mm

hIoni:  for pi-  XStype:3  SubType=2
      dE/dx and range tables from 100 eV  to 100 TeV in 84 bins
      Lambda tables from threshold to 100 TeV, 7 bins/decade, spline: 1
      StepFunction=(0.2, 0.1 mm), integ: 3, fluct: 1, linLossLim= 0.01
      ===== EM models for the G4Region  DefaultRegionForTheWorld ======
            ICRU73QO : Emin=    0 eV  Emax=297.505 keV
          BetheBloch : Emin=297.505 keV Emax=  100 TeV

hBrems:  for pi-  XStype:1  SubType=3
      dE/dx and range tables from 100 eV  to 100 TeV in 84 bins
      Lambda tables from threshold to 100 TeV, 7 bins/decade, spline: 1
      ===== EM models for the G4Region  DefaultRegionForTheWorld ======
               hBrem : Emin=    0 eV  Emax=  100 TeV  ModifiedMephi

hPairProd:  for pi-  XStype:1  SubType=4
      dE/dx and range tables from 100 eV  to 100 TeV in 84 bins
      Lambda tables from threshold to 100 TeV, 7 bins/decade, spline: 1
      Sampling table 20x1001, from 1.11656 GeV to 100 TeV 
      ===== EM models for the G4Region  DefaultRegionForTheWorld ======
           hPairProd : Emin=    0 eV  Emax=  100 TeV  ModifiedMephi

CoulombScat:  for pi- XStype:1 SubType=1 BuildTable=1
      Used Lambda table of pi+
      ThetaMin(p) < Theta(degree) < 180, pLimit(GeV^1)= 0.139531
      ===== EM models for the G4Region  DefaultRegionForTheWorld ======
  eCoulombScattering : Emin=    0 eV  Emax=  100 TeV

====================================================================
                  HADRONIC PROCESSES SUMMARY (verbose level 1)
-----------------------------------------------------------------------
                           Hadronic Processes for neutron
  Process: hadElastic
        Model:             hElasticCHIPS: 0 eV  ---> 100 TeV
     Cr_sctns:        G4NeutronElasticXS: 0 eV  ---> 100 TeV
  Process: neutronInelastic
        Model:                      FTFP: 3 GeV ---> 100 TeV
        Model:            BertiniCascade: 0 eV  ---> 6 GeV
     Cr_sctns:      G4NeutronInelasticXS: 0 eV  ---> 100 TeV
  Process: nCapture
        Model:               nRadCapture: 0 eV  ---> 100 TeV
     Cr_sctns:        G4NeutronCaptureXS: 0 eV  ---> 100 TeV
  Process: nKiller
-----------------------------------------------------------------------
                           Hadronic Processes for B-
  Process: hadElastic
        Model:              hElasticLHEP: 0 eV  ---> 100 TeV
     Cr_sctns:            Glauber-Gribov: 0 eV  ---> 100 TeV
  Process: B-Inelastic
        Model:                      FTFP: 0 eV  ---> 100 TeV
     Cr_sctns:            Glauber-Gribov: 0 eV  ---> 100 TeV
-----------------------------------------------------------------------
                           Hadronic Processes for D-
  Process: hadElastic
        Model:              hElasticLHEP: 0 eV  ---> 100 TeV
     Cr_sctns:            Glauber-Gribov: 0 eV  ---> 100 TeV
  Process: D-Inelastic
        Model:                      FTFP: 0 eV  ---> 100 TeV
     Cr_sctns:            Glauber-Gribov: 0 eV  ---> 100 TeV
-----------------------------------------------------------------------
                           Hadronic Processes for GenericIon
  Process: ionInelastic
        Model:  Binary Light Ion Cascade: 0 eV /n ---> 6 GeV/n
        Model:                      FTFP: 3 GeV/n ---> 100 TeV/n
     Cr_sctns:  Glauber-Gribov Nucl-nucl: 0 eV  ---> 25.6 PeV
-----------------------------------------------------------------------
                           Hadronic Processes for He3
  Process: hadElastic
        Model:              hElasticLHEP: 0 eV /n ---> 100 TeV/n
     Cr_sctns:  Glauber-Gribov Nucl-nucl: 0 eV  ---> 25.6 PeV
  Process: He3Inelastic
        Model:  Binary Light Ion Cascade: 0 eV /n ---> 6 GeV/n
        Model:                      FTFP: 3 GeV/n ---> 100 TeV/n
     Cr_sctns:  Glauber-Gribov Nucl-nucl: 0 eV  ---> 25.6 PeV
-----------------------------------------------------------------------
                           Hadronic Processes for alpha
  Process: hadElastic
        Model:              hElasticLHEP: 0 eV /n ---> 100 TeV/n
     Cr_sctns:  Glauber-Gribov Nucl-nucl: 0 eV  ---> 25.6 PeV
  Process: alphaInelastic
        Model:  Binary Light Ion Cascade: 0 eV /n ---> 6 GeV/n
        Model:                      FTFP: 3 GeV/n ---> 100 TeV/n
     Cr_sctns:  Glauber-Gribov Nucl-nucl: 0 eV  ---> 25.6 PeV
-----------------------------------------------------------------------
                           Hadronic Processes for anti_He3
  Process: hadElastic
        Model:              hElasticLHEP: 0 eV /n ---> 100.1 MeV/n
        Model:              AntiAElastic: 100 MeV/n ---> 100 TeV/n
     Cr_sctns:              AntiAGlauber: 0 eV  ---> 25.6 PeV
  Process: anti_He3Inelastic
        Model:                      FTFP: 0 eV /n ---> 100 TeV/n
     Cr_sctns:              AntiAGlauber: 0 eV  ---> 25.6 PeV
  Process: hFritiofCaptureAtRest
-----------------------------------------------------------------------
                           Hadronic Processes for anti_alpha
  Process: hadElastic
        Model:              hElasticLHEP: 0 eV /n ---> 100.1 MeV/n
        Model:              AntiAElastic: 100 MeV/n ---> 100 TeV/n
     Cr_sctns:              AntiAGlauber: 0 eV  ---> 25.6 PeV
  Process: anti_alphaInelastic
        Model:                      FTFP: 0 eV /n ---> 100 TeV/n
     Cr_sctns:              AntiAGlauber: 0 eV  ---> 25.6 PeV
  Process: hFritiofCaptureAtRest
-----------------------------------------------------------------------
                           Hadronic Processes for anti_deuteron
  Process: hadElastic
        Model:              hElasticLHEP: 0 eV /n ---> 100.1 MeV/n
        Model:              AntiAElastic: 100 MeV/n ---> 100 TeV/n
     Cr_sctns:              AntiAGlauber: 0 eV  ---> 25.6 PeV
  Process: anti_deuteronInelastic
        Model:                      FTFP: 0 eV /n ---> 100 TeV/n
     Cr_sctns:              AntiAGlauber: 0 eV  ---> 25.6 PeV
  Process: hFritiofCaptureAtRest
-------------------------------------------------------------------------
                           Hadronic Processes for anti_hypertriton
  Process: hFritiofCaptureAtRest
-----------------------------------------------------------------------
                           Hadronic Processes for anti_lambda
  Process: hadElastic
        Model:              hElasticLHEP: 0 eV  ---> 100 TeV
     Cr_sctns:            Glauber-Gribov: 0 eV  ---> 100 TeV
  Process: anti_lambdaInelastic
        Model:                      FTFP: 0 eV  ---> 100 TeV
     Cr_sctns:            Glauber-Gribov: 0 eV  ---> 100 TeV
  Process: hFritiofCaptureAtRest
-----------------------------------------------------------------------
                           Hadronic Processes for anti_neutron
  Process: hadElastic
        Model:              hElasticLHEP: 0 eV  ---> 100.1 MeV
        Model:              AntiAElastic: 100 MeV ---> 100 TeV
     Cr_sctns:              AntiAGlauber: 0 eV  ---> 25.6 PeV
  Process: anti_neutronInelastic
        Model:                      FTFP: 0 eV  ---> 100 TeV
     Cr_sctns:              AntiAGlauber: 0 eV  ---> 25.6 PeV
  Process: hFritiofCaptureAtRest
-----------------------------------------------------------------------
                           Hadronic Processes for anti_proton
  Process: hadElastic
        Model:              hElasticLHEP: 0 eV  ---> 100.1 MeV
        Model:              AntiAElastic: 100 MeV ---> 100 TeV
     Cr_sctns:              AntiAGlauber: 0 eV  ---> 25.6 PeV
  Process: anti_protonInelastic
        Model:                      FTFP: 0 eV  ---> 100 TeV
     Cr_sctns:              AntiAGlauber: 0 eV  ---> 25.6 PeV
  Process: hFritiofCaptureAtRest
-----------------------------------------------------------------------
                           Hadronic Processes for anti_triton
  Process: hadElastic
        Model:              hElasticLHEP: 0 eV /n ---> 100.1 MeV/n
        Model:              AntiAElastic: 100 MeV/n ---> 100 TeV/n
     Cr_sctns:              AntiAGlauber: 0 eV  ---> 25.6 PeV
  Process: anti_tritonInelastic
        Model:                      FTFP: 0 eV /n ---> 100 TeV/n
     Cr_sctns:              AntiAGlauber: 0 eV  ---> 25.6 PeV
  Process: hFritiofCaptureAtRest
-----------------------------------------------------------------------
                           Hadronic Processes for deuteron
  Process: hadElastic
        Model:              hElasticLHEP: 0 eV /n ---> 100 TeV/n
     Cr_sctns:  Glauber-Gribov Nucl-nucl: 0 eV  ---> 25.6 PeV
  Process: dInelastic
        Model:  Binary Light Ion Cascade: 0 eV /n ---> 6 GeV/n
        Model:                      FTFP: 3 GeV/n ---> 100 TeV/n
     Cr_sctns:  Glauber-Gribov Nucl-nucl: 0 eV  ---> 25.6 PeV
-----------------------------------------------------------------------
                           Hadronic Processes for e+
  Process: positronNuclear
        Model:   G4ElectroVDNuclearModel: 0 eV  ---> 1 PeV
     Cr_sctns:          ElectroNuclearXS: 0 eV  ---> 100 TeV
-----------------------------------------------------------------------
                           Hadronic Processes for e-
  Process: electronNuclear
        Model:   G4ElectroVDNuclearModel: 0 eV  ---> 1 PeV
     Cr_sctns:          ElectroNuclearXS: 0 eV  ---> 100 TeV
-----------------------------------------------------------------------
                           Hadronic Processes for gamma
  Process: photonNuclear
        Model:               GammaNPreco: 0 eV  ---> 200 MeV
        Model:            BertiniCascade: 199 MeV ---> 6 GeV
        Model:           TheoFSGenerator: 3 GeV ---> 100 TeV
     Cr_sctns:            GammaNuclearXS: 0 eV  ---> 100 TeV
-----------------------------------------------------------------------
                           Hadronic Processes for kaon+
  Process: hadElastic
        Model:              hElasticLHEP: 0 eV  ---> 100 TeV
     Cr_sctns:            Glauber-Gribov: 0 eV  ---> 100 TeV
  Process: kaon+Inelastic
        Model:                      FTFP: 3 GeV ---> 100 TeV
        Model:            BertiniCascade: 0 eV  ---> 6 GeV
     Cr_sctns:            Glauber-Gribov: 0 eV  ---> 100 TeV
-----------------------------------------------------------------------
                           Hadronic Processes for kaon-
  Process: hadElastic
        Model:              hElasticLHEP: 0 eV  ---> 100 TeV
     Cr_sctns:            Glauber-Gribov: 0 eV  ---> 100 TeV
  Process: kaon-Inelastic
        Model:                      FTFP: 3 GeV ---> 100 TeV
        Model:            BertiniCascade: 0 eV  ---> 6 GeV
     Cr_sctns:            Glauber-Gribov: 0 eV  ---> 100 TeV
  Process: hBertiniCaptureAtRest
-----------------------------------------------------------------------
                           Hadronic Processes for lambda
  Process: hadElastic
        Model:              hElasticLHEP: 0 eV  ---> 100 TeV
     Cr_sctns:            Glauber-Gribov: 0 eV  ---> 100 TeV
  Process: lambdaInelastic
        Model:                      FTFP: 3 GeV ---> 100 TeV
        Model:            BertiniCascade: 0 eV  ---> 6 GeV
     Cr_sctns:            Glauber-Gribov: 0 eV  ---> 100 TeV
-----------------------------------------------------------------------
                           Hadronic Processes for mu+
  Process: muonNuclear
        Model:      G4MuonVDNuclearModel: 0 eV  ---> 1 PeV
     Cr_sctns:     KokoulinMuonNuclearXS: 0 eV  ---> 100 TeV
-----------------------------------------------------------------------
                           Hadronic Processes for mu-
  Process: muonNuclear
        Model:      G4MuonVDNuclearModel: 0 eV  ---> 1 PeV
     Cr_sctns:     KokoulinMuonNuclearXS: 0 eV  ---> 100 TeV
  Process: muMinusCaptureAtRest
-----------------------------------------------------------------------
                           Hadronic Processes for pi+
  Process: hadElastic
        Model:           hElasticGlauber: 0 eV  ---> 100 TeV
     Cr_sctns:  BarashenkovGlauberGribov: 0 eV  ---> 100 TeV
  Process: pi+Inelastic
        Model:                      FTFP: 3 GeV ---> 100 TeV
        Model:            BertiniCascade: 0 eV  ---> 6 GeV
     Cr_sctns:  BarashenkovGlauberGribov: 0 eV  ---> 100 TeV
-----------------------------------------------------------------------
                           Hadronic Processes for pi-
  Process: hadElastic
        Model:           hElasticGlauber: 0 eV  ---> 100 TeV
     Cr_sctns:  BarashenkovGlauberGribov: 0 eV  ---> 100 TeV
  Process: pi-Inelastic
        Model:                      FTFP: 3 GeV ---> 100 TeV
        Model:            BertiniCascade: 0 eV  ---> 6 GeV
     Cr_sctns:  BarashenkovGlauberGribov: 0 eV  ---> 100 TeV
  Process: hBertiniCaptureAtRest
-----------------------------------------------------------------------
                           Hadronic Processes for proton
  Process: hadElastic
        Model:             hElasticCHIPS: 0 eV  ---> 100 TeV
     Cr_sctns:  BarashenkovGlauberGribov: 0 eV  ---> 100 TeV
  Process: protonInelastic
        Model:                      FTFP: 3 GeV ---> 100 TeV
        Model:            BertiniCascade: 0 eV  ---> 6 GeV
     Cr_sctns:  BarashenkovGlauberGribov: 0 eV  ---> 100 TeV
-----------------------------------------------------------------------
                           Hadronic Processes for sigma-
  Process: hadElastic
        Model:              hElasticLHEP: 0 eV  ---> 100 TeV
     Cr_sctns:            Glauber-Gribov: 0 eV  ---> 100 TeV
  Process: sigma-Inelastic
        Model:                      FTFP: 3 GeV ---> 100 TeV
        Model:            BertiniCascade: 0 eV  ---> 6 GeV
     Cr_sctns:            Glauber-Gribov: 0 eV  ---> 100 TeV
  Process: hBertiniCaptureAtRest
-----------------------------------------------------------------------
                           Hadronic Processes for triton
  Process: hadElastic
        Model:              hElasticLHEP: 0 eV /n ---> 100 TeV/n
     Cr_sctns:  Glauber-Gribov Nucl-nucl: 0 eV  ---> 25.6 PeV
  Process: tInelastic
        Model:  Binary Light Ion Cascade: 0 eV /n ---> 6 GeV/n
        Model:                      FTFP: 3 GeV/n ---> 100 TeV/n
     Cr_sctns:  Glauber-Gribov Nucl-nucl: 0 eV  ---> 25.6 PeV
=======================================================================
======       Geant4 Native Pre-compound Model Parameters       ========
=======================================================================
Type of pre-compound model                          0
Type of pre-compound inverse x-section              1
Pre-compound model active                           1
Pre-compound excitation low energy                  0.1 MeV 
Pre-compound excitation high energy                 15 MeV 
Angular generator for pre-compound model            1
Use NeverGoBack option for pre-compound model       0
Use SoftCutOff option for pre-compound model        0
Use CEM transitions for pre-compound model          1
Use GNASH transitions for pre-compound model        0
Use HETC submodel for pre-compound model            0
=======================================================================
======       Nuclear De-excitation Module Parameters           ========
=======================================================================
Type of de-excitation inverse x-section             3
Type of de-excitation factory                       Evaporation+GEM
Number of de-excitation channels                    68
Type of Fermi BreakUp model                         ModelVI
Min excitation energy                               0.01 keV 
Min energy per nucleon for multifragmentation       2e+05 MeV
Level density (1/MeV)                               0.075
Use simple level density model                      1
Use discrete excitation energy of the residual      0
Time limit for long lived isomeres                  1 ns 
Isomer production flag                              1
Internal e- conversion flag                         1
Store e- internal conversion data                   1
Correlated gamma emission flag                      0
Max 2J for sampling of angular correlations         10
=======================================================================
    anti_nu_mu, kinetic energy (MeV) =      42.3478, position (cm) = (19.6273,26.1037,200),	 weight = 2
         gamma, kinetic energy (MeV) =     0.563101, position (cm) = (-28.5027,-23.7887,200),	 weight = 2
       neutron, kinetic energy (MeV) =      1.36507, position (cm) = (-28.5765,-23.9402,200),	 weight = 6
        proton, kinetic energy (MeV) =      114.222, position (cm) = (-28.3325,-23.7618,200),	 weight = 2
        proton, kinetic energy (MeV) =      483.281, position (cm) = (-28.5496,-23.8881,200),	 weight = 2
         gamma, kinetic energy (MeV) =     0.764669, position (cm) = (-34.4928,-48.7891,200),	 weight = 1
       neutron, kinetic energy (MeV) =      4229.53, position (cm) = (-9.0522,1.84822,200),	 weight = 1
         nu_mu, kinetic energy (MeV) =      29.7919, position (cm) = (-93.524,92.4421,200),	 weight = 2
       neutron, kinetic energy (MeV) =      225.372, position (cm) = (-29.3892,50.5741,200),	 weight = 1
         gamma, kinetic energy (MeV) =      4.08652, position (cm) = (85.1516,44.5043,200),	 weight = 8
         gamma, kinetic energy (MeV) =     0.169527, position (cm) = (49.0623,16.3577,200),	 weight = 24
         gamma, kinetic energy (MeV) =      5.57004, position (cm) = (55.2738,33.6169,200),	 weight = 24
         gamma, kinetic energy (MeV) =      0.55769, position (cm) = (66.7875,28.0772,200),	 weight = 24
         gamma, kinetic energy (MeV) =     0.661629, position (cm) = (60.913,26.3656,200),	 weight = 24
         gamma, kinetic energy (MeV) =      1.76976, position (cm) = (-63.6884,42.2171,200),	 weight = 2
       neutron, kinetic energy (MeV) =       30.795, position (cm) = (38.0913,16.2178,200),	 weight = 2
        proton, kinetic energy (MeV) =      429.175, position (cm) = (-64.344,7.96878,200),	 weight = 1
         gamma, kinetic energy (MeV) =      45.2166, position (cm) = (21.1198,2.10089,200),	 weight = 1
         gamma, kinetic energy (MeV) =     0.494394, position (cm) = (-6.94995,41.8105,200),	 weight = 3
         gamma, kinetic energy (MeV) =     0.111207, position (cm) = (-22.0937,45.5033,200),	 weight = 1
         gamma, kinetic energy (MeV) =    0.0989972, position (cm) = (-18.2486,44.3792,200),	 weight = 1
         gamma, kinetic energy (MeV) =     0.396052, position (cm) = (-48.7375,59.9123,200),	 weight = 1
         gamma, kinetic energy (MeV) =     0.510999, position (cm) = (-28.0078,46.4338,200),	 weight = 1
         gamma, kinetic energy (MeV) =    0.0603488, position (cm) = (-34.3783,57.2824,200),	 weight = 1
            e-, kinetic energy (MeV) =      7.61478, position (cm) = (-35.3517,53.2098,200),	 weight = 1
         gamma, kinetic energy (MeV) =    0.0556969, position (cm) = (-30.4043,49.4566,200),	 weight = 1
         gamma, kinetic energy (MeV) =       1.2409, position (cm) = (-31.4698,48.18,200),	 weight = 1
         gamma, kinetic energy (MeV) =      0.33013, position (cm) = (-29.7588,50.5979,200),	 weight = 1
         gamma, kinetic energy (MeV) =    0.0569433, position (cm) = (-26.5223,50.2851,200),	 weight = 1
         gamma, kinetic energy (MeV) =      3.88105, position (cm) = (-30.5997,55,200),	 weight = 1
         gamma, kinetic energy (MeV) =     0.127118, position (cm) = (-29.9013,56.4024,200),	 weight = 1
         gamma, kinetic energy (MeV) =     0.357283, position (cm) = (-42.9335,53.9099,200),	 weight = 1
         gamma, kinetic energy (MeV) =      0.13895, position (cm) = (-30.8984,42.1722,200),	 weight = 1
         gamma, kinetic energy (MeV) =      1.04399, position (cm) = (-33.7691,55.5958,200),	 weight = 1
         gamma, kinetic energy (MeV) =      22.6019, position (cm) = (-34.3533,55.7053,200),	 weight = 1
         gamma, kinetic energy (MeV) =     0.660472, position (cm) = (-30.2264,47.7468,200),	 weight = 1
         gamma, kinetic energy (MeV) =      145.991, position (cm) = (-29.7852,49.0674,200),	 weight = 1
         gamma, kinetic energy (MeV) =      25.4836, position (cm) = (-29.6825,49.6679,200),	 weight = 1
         gamma, kinetic energy (MeV) =     0.685016, position (cm) = (-30.48,47.6019,200),	 weight = 1
         gamma, kinetic energy (MeV) =      1.72394, position (cm) = (-21.0438,42.5333,200),	 weight = 1
         gamma, kinetic energy (MeV) =       1.7741, position (cm) = (-59.9525,24.7998,200),	 weight = 3
         gamma, kinetic energy (MeV) =     0.105085, position (cm) = (-54.6066,26.6268,200),	 weight = 3
         gamma, kinetic energy (MeV) =     0.108419, position (cm) = (-57.7123,27.6788,200),	 weight = 3
         gamma, kinetic energy (MeV) =     0.349108, position (cm) = (-53.686,24.1977,200),	 weight = 3
         gamma, kinetic energy (MeV) =       23.438, position (cm) = (-60.1243,28.5206,200),	 weight = 3
         gamma, kinetic energy (MeV) =     0.886225, position (cm) = (-61.0293,28.3265,200),	 weight = 3
       neutron, kinetic energy (MeV) =      162.519, position (cm) = (-29.4905,41.539,200),	 weight = 3
       neutron, kinetic energy (MeV) =      178.385, position (cm) = (85.3478,79.4576,200),	 weight = 4
        proton, kinetic energy (MeV) =      182.147, position (cm) = (-13.9112,-8.64692,200),	 weight = 1
         gamma, kinetic energy (MeV) =    0.0739918, position (cm) = (40.8038,-69.7489,200),	 weight = 4
           pi-, kinetic energy (MeV) =      220.832, position (cm) = (19.3461,1.73311,200),	 weight = 1
        proton, kinetic energy (MeV) =       202.68, position (cm) = (17.3355,-40.0406,200),	 weight = 2
        proton, kinetic energy (MeV) =      417.299, position (cm) = (-8.54929,-34.197,200),	 weight = 1
       neutron, kinetic energy (MeV) =      3598.24, position (cm) = (12.3212,-4.70246,200),	 weight = 1
       neutron, kinetic energy (MeV) =      538.251, position (cm) = (-47.1685,-23.739,200),	 weight = 1
          nu_e, kinetic energy (MeV) =      43.1385, position (cm) = (-42.0786,-37.0816,200),	 weight = 2
         nu_mu, kinetic energy (MeV) =      29.7919, position (cm) = (83.3199,-54.2594,200),	 weight = 1
         nu_mu, kinetic energy (MeV) =      29.7919, position (cm) = (-48.0774,-48.8639,200),	 weight = 5
         gamma, kinetic energy (MeV) =      8.83505, position (cm) = (-26.3819,-19.9116,200),	 weight = 3
       neutron, kinetic energy (MeV) =  1.43453e-05, position (cm) = (52.184,42.9008,200),	 weight = 1
       neutron, kinetic energy (MeV) =      418.456, position (cm) = (70.4969,16.7419,200),	 weight = 1
         gamma, kinetic energy (MeV) =     0.418633, position (cm) = (-0.467729,40.8739,200),	 weight = 3
         gamma, kinetic energy (MeV) =     0.165457, position (cm) = (-62.5095,0.994573,200),	 weight = 1
         gamma, kinetic energy (MeV) =      2.55638, position (cm) = (-51.8822,-1.72572,200),	 weight = 1
         gamma, kinetic energy (MeV) =      5.21825, position (cm) = (-72.1034,6.87698,200),	 weight = 1
         gamma, kinetic energy (MeV) =     0.467729, position (cm) = (-12.1797,22.9959,200),	 weight = 1
         gamma, kinetic energy (MeV) =    0.0649116, position (cm) = (-10.4321,20.7845,200),	 weight = 1
         gamma, kinetic energy (MeV) =      1.18997, position (cm) = (-14.7408,19.2733,200),	 weight = 1
         gamma, kinetic energy (MeV) =      2.75523, position (cm) = (-13.7295,18.8389,200),	 weight = 1
         gamma, kinetic energy (MeV) =      6.03967, position (cm) = (-88.2854,-37.9015,200),	 weight = 1
            e-, kinetic energy (MeV) =       12.093, position (cm) = (-88.0342,-38.3653,200),	 weight = 1
         gamma, kinetic energy (MeV) =     0.181871, position (cm) = (-87.988,-38.3567,200),	 weight = 1
         gamma, kinetic energy (MeV) =      0.27332, position (cm) = (-87.989,-38.1495,200),	 weight = 1
         gamma, kinetic energy (MeV) =     0.533735, position (cm) = (-86.2102,-41.7409,200),	 weight = 1
       neutron, kinetic energy (MeV) =      160.905, position (cm) = (-22.6199,0.857829,200),	 weight = 3
       neutron, kinetic energy (MeV) =       5.0519, position (cm) = (-68.2073,-66.0662,200),	 weight = 3
       neutron, kinetic energy (MeV) =      38.9899, position (cm) = (-71.4142,-85.7236,200),	 weight = 3
        proton, kinetic energy (MeV) =      1354.61, position (cm) = (-25.5707,-1.96154,200),	 weight = 1
         gamma, kinetic energy (MeV) =      7.94853, position (cm) = (-59.3721,-30.7593,200),	 weight = 1
           pi+, kinetic energy (MeV) =      791.502, position (cm) = (45.3794,-5.8989,200),	 weight = 1
       neutron, kinetic energy (MeV) =      8.75532, position (cm) = (5.13215,31.2203,200),	 weight = 2
    anti_nu_mu, kinetic energy (MeV) =       31.196, position (cm) = (-7.55957,-20.2394,200),	 weight = 1
          nu_e, kinetic energy (MeV) =      36.0097, position (cm) = (-1.67454,69.1086,200),	 weight = 1
         gamma, kinetic energy (MeV) =      6.97513, position (cm) = (22.4298,-16.2812,200),	 weight = 1
          nu_e, kinetic energy (MeV) =      40.5753, position (cm) = (0.871982,-0.979698,200),	 weight = 1
         nu_mu, kinetic energy (MeV) =      29.7919, position (cm) = (1.36557,28.3166,200),	 weight = 1
         gamma, kinetic energy (MeV) =      2.01943, position (cm) = (49.2047,-9.89226,200),	 weight = 1
         gamma, kinetic energy (MeV) =       22.815, position (cm) = (70.7331,-4.75042,200),	 weight = 1
         gamma, kinetic energy (MeV) =     0.858035, position (cm) = (53.2236,-4.82849,200),	 weight = 1
         gamma, kinetic energy (MeV) =     0.068565, position (cm) = (54.3566,-9.96825,200),	 weight = 1
         gamma, kinetic energy (MeV) =      6.20897, position (cm) = (62.0721,-2.01989,200),	 weight = 1
         gamma, kinetic energy (MeV) =      112.542, position (cm) = (60.3335,-4.72582,200),	 weight = 1
         gamma, kinetic energy (MeV) =       14.239, position (cm) = (60.3451,-4.59933,200),	 weight = 1
            e+, kinetic energy (MeV) =      3.56083, position (cm) = (59.6172,-6.7388,200),	 weight = 1
         gamma, kinetic energy (MeV) =     0.119738, position (cm) = (59.596,-6.73074,200),	 weight = 1
         gamma, kinetic energy (MeV) =      0.75803, position (cm) = (61.2944,-5.00534,200),	 weight = 1
         gamma, kinetic energy (MeV) =     0.115784, position (cm) = (57.8725,-2.59153,200),	 weight = 1
            e+, kinetic energy (MeV) =      8.12729, position (cm) = (61.4276,-4.15173,200),	 weight = 1
            e-, kinetic energy (MeV) =      4.49074, position (cm) = (61.5857,-4.06182,200),	 weight = 1
         gamma, kinetic energy (MeV) =     0.101519, position (cm) = (61.5735,-4.0752,200),	 weight = 1
         gamma, kinetic energy (MeV) =      37.3487, position (cm) = (59.8853,-3.76226,200),	 weight = 1
         gamma, kinetic energy (MeV) =      1.95211, position (cm) = (59.559,-4.4474,200),	 weight = 1
         gamma, kinetic energy (MeV) =     0.114979, position (cm) = (57.2685,-11.8511,200),	 weight = 1
         gamma, kinetic energy (MeV) =     0.395475, position (cm) = (49.3727,-5.65171,200),	 weight = 1
         gamma, kinetic energy (MeV) =       16.625, position (cm) = (58.1512,-5.08668,200),	 weight = 1
         gamma, kinetic energy (MeV) =      1.58343, position (cm) = (57.3441,-4.75056,200),	 weight = 1
         gamma, kinetic energy (MeV) =       9.5411, position (cm) = (57.5217,-4.48258,200),	 weight = 1
            e+, kinetic energy (MeV) =     0.684999, position (cm) = (57.2342,-5.1742,200),	 weight = 1
         gamma, kinetic energy (MeV) =     0.850326, position (cm) = (57.2458,-5.17936,200),	 weight = 1
            e-, kinetic energy (MeV) =      5.28053, position (cm) = (57.1749,-5.15044,200),	 weight = 1
            e-, kinetic energy (MeV) =     0.881939, position (cm) = (57.0489,-5.25229,200),	 weight = 1
         gamma, kinetic energy (MeV) =      1.84719, position (cm) = (57.4265,-5.16173,200),	 weight = 1
         gamma, kinetic energy (MeV) =      22.0686, position (cm) = (58.5408,-6.24306,200),	 weight = 1
         gamma, kinetic energy (MeV) =     0.510999, position (cm) = (49.3009,-13.5614,200),	 weight = 1
         gamma, kinetic energy (MeV) =     0.109607, position (cm) = (40.8902,14.0627,200),	 weight = 1
         gamma, kinetic energy (MeV) =       3.0917, position (cm) = (60.2049,-4.32679,200),	 weight = 1
         gamma, kinetic energy (MeV) =      1.84071, position (cm) = (60.4125,-4.38076,200),	 weight = 1
         gamma, kinetic energy (MeV) =       4.5873, position (cm) = (56.0483,-9.89182,200),	 weight = 1
        proton, kinetic energy (MeV) =      2791.17, position (cm) = (-6.25915,-4.13782,200),	 weight = 1
         gamma, kinetic energy (MeV) =      2.34095, position (cm) = (-3.43777,21.4225,200),	 weight = 3
         gamma, kinetic energy (MeV) =     0.199205, position (cm) = (-2.34817,18.7679,200),	 weight = 3
         gamma, kinetic energy (MeV) =      75.1879, position (cm) = (-5.14893,20.0723,200),	 weight = 3
         gamma, kinetic energy (MeV) =     0.510999, position (cm) = (-14.4762,17.7021,200),	 weight = 3
         gamma, kinetic energy (MeV) =      16.0587, position (cm) = (-5.36779,20.7832,200),	 weight = 3
         gamma, kinetic energy (MeV) =     0.510999, position (cm) = (-17.4597,18.7335,200),	 weight = 3
         gamma, kinetic energy (MeV) =      8.83051, position (cm) = (-4.36571,16.0601,200),	 weight = 3
         gamma, kinetic energy (MeV) =     0.939319, position (cm) = (-6.71703,25.6073,200),	 weight = 3
         gamma, kinetic energy (MeV) =       16.679, position (cm) = (-5.59943,21.9447,200),	 weight = 3
            e+, kinetic energy (MeV) =      5.26743, position (cm) = (-5.12977,21.2743,200),	 weight = 3
            e-, kinetic energy (MeV) =      9.23021, position (cm) = (-5.15048,21.2559,200),	 weight = 3
         gamma, kinetic energy (MeV) =      2.98394, position (cm) = (-5.5423,21.0421,200),	 weight = 3
         gamma, kinetic energy (MeV) =     0.128608, position (cm) = (9.52242,33.8031,200),	 weight = 3
            e+, kinetic energy (MeV) =      15.4525, position (cm) = (-5.29745,19.4539,200),	 weight = 3
         gamma, kinetic energy (MeV) =      1.62646, position (cm) = (-5.29621,19.453,200),	 weight = 3
         gamma, kinetic energy (MeV) =      1.74999, position (cm) = (-5.30836,20.0805,200),	 weight = 3
         gamma, kinetic energy (MeV) =      3.66935, position (cm) = (-3.97193,19.6593,200),	 weight = 3
         gamma, kinetic energy (MeV) =     0.672913, position (cm) = (-4.88364,17.1494,200),	 weight = 3
         gamma, kinetic energy (MeV) =      1.18378, position (cm) = (-4.60424,18.752,200),	 weight = 3
         gamma, kinetic energy (MeV) =      25.8018, position (cm) = (-4.3815,20.3176,200),	 weight = 3
         gamma, kinetic energy (MeV) =     0.139204, position (cm) = (-37.7073,-7.5302,200),	 weight = 3
         gamma, kinetic energy (MeV) =       18.069, position (cm) = (-2.63795,22.8733,200),	 weight = 3
         gamma, kinetic energy (MeV) =     0.274289, position (cm) = (-15.9719,7.65696,200),	 weight = 3
         gamma, kinetic energy (MeV) =     0.376369, position (cm) = (-2.69375,10.8418,200),	 weight = 3
         gamma, kinetic energy (MeV) =     0.493412, position (cm) = (-13.8535,12.162,200),	 weight = 3
         gamma, kinetic energy (MeV) =     0.901841, position (cm) = (-3.78015,18.0014,200),	 weight = 3
         gamma, kinetic energy (MeV) =      29.1534, position (cm) = (-3.6084,20.5531,200),	 weight = 3
         gamma, kinetic energy (MeV) =      1.29295, position (cm) = (1.21062,27.9235,200),	 weight = 3
         gamma, kinetic energy (MeV) =      30.5786, position (cm) = (-4.11178,17.477,200),	 weight = 3
         gamma, kinetic energy (MeV) =     0.701444, position (cm) = (-5.67642,12.2444,200),	 weight = 3
         gamma, kinetic energy (MeV) =     0.220288, position (cm) = (-4.84657,13.6455,200),	 weight = 3
         gamma, kinetic energy (MeV) =     0.222918, position (cm) = (-3.41426,17.1542,200),	 weight = 3
         gamma, kinetic energy (MeV) =     0.189665, position (cm) = (-17.4129,35.5912,200),	 weight = 1
         gamma, kinetic energy (MeV) =      28.5528, position (cm) = (10.2224,-7.95381,200),	 weight = 1
         gamma, kinetic energy (MeV) =      4.90401, position (cm) = (-0.446772,-7.48739,200),	 weight = 1
         gamma, kinetic energy (MeV) =     0.860508, position (cm) = (3.87459,1.14088,200),	 weight = 1
         gamma, kinetic energy (MeV) =      2.68331, position (cm) = (-9.14246,2.64492,200),	 weight = 1
         gamma, kinetic energy (MeV) =      0.10377, position (cm) = (-7.42554,-1.01631,200),	 weight = 1
         gamma, kinetic energy (MeV) =      3.36266, position (cm) = (9.93589,6.49122,200),	 weight = 1
         gamma, kinetic energy (MeV) =       6.0332, position (cm) = (9.10824,5.59645,200),	 weight = 1
         gamma, kinetic energy (MeV) =     0.218086, position (cm) = (3.24593,33.246,200),	 weight = 1
         gamma, kinetic energy (MeV) =      1.83118, position (cm) = (-6.46976,9.54146,200),	 weight = 1
         gamma, kinetic energy (MeV) =     0.353634, position (cm) = (-12.5056,20.8917,200),	 weight = 1
         gamma, kinetic energy (MeV) =       17.385, position (cm) = (-26.368,8.53502,200),	 weight = 1
         gamma, kinetic energy (MeV) =      1.11135, position (cm) = (-24.9565,0.922649,200),	 weight = 1
         gamma, kinetic energy (MeV) =      4.62518, position (cm) = (-2.73582,-9.55745,200),	 weight = 1
         gamma, kinetic energy (MeV) =      7.73329, position (cm) = (0.570413,-8.02852,200),	 weight = 1
         gamma, kinetic energy (MeV) =      10.8707, position (cm) = (0.691307,1.91886,200),	 weight = 1
         gamma, kinetic energy (MeV) =      18.2776, position (cm) = (3.20764,-0.405178,200),	 weight = 1
         gamma, kinetic energy (MeV) =     0.127857, position (cm) = (1.76021,-0.263788,200),	 weight = 1
         gamma, kinetic energy (MeV) =      5.42719, position (cm) = (-28.6084,7.98203,200),	 weight = 1
         gamma, kinetic energy (MeV) =     0.434356, position (cm) = (4.83016,11.7232,200),	 weight = 1
         gamma, kinetic energy (MeV) =       2.5312, position (cm) = (13.1313,0.136935,200),	 weight = 1
         gamma, kinetic energy (MeV) =    0.0844082, position (cm) = (25.712,-2.64478,200),	 weight = 1
         gamma, kinetic energy (MeV) =     0.216631, position (cm) = (-0.0329241,-0.515005,200),	 weight = 1
         gamma, kinetic energy (MeV) =     0.297362, position (cm) = (-12.8429,-3.48718,200),	 weight = 1
         gamma, kinetic energy (MeV) =      9.19647, position (cm) = (-27.2252,19.9596,200),	 weight = 1
         gamma, kinetic energy (MeV) =    0.0582798, position (cm) = (20.6974,-0.563083,200),	 weight = 1
         gamma, kinetic energy (MeV) =       17.541, position (cm) = (-0.15282,7.32421,200),	 weight = 1
         gamma, kinetic energy (MeV) =      1.46267, position (cm) = (-4.07,3.39002,200),	 weight = 1
         gamma, kinetic energy (MeV) =      2.22816, position (cm) = (11.8836,10.6619,200),	 weight = 1
         gamma, kinetic energy (MeV) =      0.12391, position (cm) = (-11.0643,-10.6934,200),	 weight = 1
         gamma, kinetic energy (MeV) =      4.36672, position (cm) = (31.2973,3.0853,200),	 weight = 1
            e+, kinetic energy (MeV) =      6.78559, position (cm) = (-4.76577,0.6269,200),	 weight = 1
            e-, kinetic energy (MeV) =      3.08719, position (cm) = (-4.71228,0.383792,200),	 weight = 1
         gamma, kinetic energy (MeV) =    0.0645209, position (cm) = (30.8856,4.77458,200),	 weight = 1
         gamma, kinetic energy (MeV) =      8.58954, position (cm) = (-1.2173,1.13175,200),	 weight = 1
         gamma, kinetic energy (MeV) =    0.0681164, position (cm) = (-1.27614,1.98712,200),	 weight = 1
         gamma, kinetic energy (MeV) =     0.813253, position (cm) = (-1.40848,2.48376,200),	 weight = 1
            e+, kinetic energy (MeV) =      28.1046, position (cm) = (-4.03183,-0.310428,200),	 weight = 1
         gamma, kinetic energy (MeV) =     0.821536, position (cm) = (-4.04507,-0.49331,200),	 weight = 1
         gamma, kinetic energy (MeV) =     0.363766, position (cm) = (-3.93301,-0.739913,200),	 weight = 1
         gamma, kinetic energy (MeV) =     0.113657, position (cm) = (-3.93957,-0.602083,200),	 weight = 1
         gamma, kinetic energy (MeV) =     0.104685, position (cm) = (-3.94995,-1.15383,200),	 weight = 1
         gamma, kinetic energy (MeV) =    0.0596394, position (cm) = (-7.65394,-9.13727,200),	 weight = 1
            e-, kinetic energy (MeV) =      7.88712, position (cm) = (-4.44069,-1.8248,200),	 weight = 1
         gamma, kinetic energy (MeV) =     0.549371, position (cm) = (-4.43839,-1.82919,200),	 weight = 1
         gamma, kinetic energy (MeV) =     0.135462, position (cm) = (-4.45688,-1.86948,200),	 weight = 1
         gamma, kinetic energy (MeV) =    0.0873417, position (cm) = (-4.53734,-1.97763,200),	 weight = 1
         gamma, kinetic energy (MeV) =     0.364817, position (cm) = (-4.60008,-1.54166,200),	 weight = 1
         gamma, kinetic energy (MeV) =    0.0871876, position (cm) = (-9.49784,-5.48905,200),	 weight = 1
         gamma, kinetic energy (MeV) =      4.82106, position (cm) = (4.50877,-6.44154,200),	 weight = 1
         gamma, kinetic energy (MeV) =     0.907264, position (cm) = (14.5191,8.99618,200),	 weight = 1
         gamma, kinetic energy (MeV) =     0.592714, position (cm) = (-23.2372,-14.7514,200),	 weight = 1
         gamma, kinetic energy (MeV) =      3.87511, position (cm) = (-16.1466,4.08737,200),	 weight = 1
         gamma, kinetic energy (MeV) =     0.263709, position (cm) = (-6.45617,10.0977,200),	 weight = 1
         gamma, kinetic energy (MeV) =      4.32402, position (cm) = (22.0551,28.0407,200),	 weight = 1
         gamma, kinetic energy (MeV) =     0.107116, position (cm) = (7.05964,-14.1423,200),	 weight = 1
         gamma, kinetic energy (MeV) =      7.57422, position (cm) = (-16.4929,11.3473,200),	 weight = 1
         gamma, kinetic energy (MeV) =      0.13529, position (cm) = (-5.49294,-23.2305,200),	 weight = 1
         gamma, kinetic energy (MeV) =      12.5239, position (cm) = (-34.499,-20.1297,200),	 weight = 1
         gamma, kinetic energy (MeV) =      18.3474, position (cm) = (1.81484,6.85516,200),	 weight = 1
         gamma, kinetic energy (MeV) =      16.4065, position (cm) = (16.4151,-49.8352,200),	 weight = 1
         gamma, kinetic energy (MeV) =      3.65858, position (cm) = (6.78687,-1.46362,200),	 weight = 1
         gamma, kinetic energy (MeV) =      15.4994, position (cm) = (-0.840593,18.4512,200),	 weight = 1
         gamma, kinetic energy (MeV) =     0.550032, position (cm) = (-24.2607,4.4059,200),	 weight = 1
         gamma, kinetic energy (MeV) =     0.339781, position (cm) = (-20.6402,9.10446,200),	 weight = 1
         gamma, kinetic energy (MeV) =     0.388938, position (cm) = (8.94607,-0.212842,200),	 weight = 1
         gamma, kinetic energy (MeV) =      2.85981, position (cm) = (16.3325,-7.2088,200),	 weight = 1
         gamma, kinetic energy (MeV) =     0.301598, position (cm) = (26.671,-14.0903,200),	 weight = 1
         gamma, kinetic energy (MeV) =      10.9103, position (cm) = (15.351,31.2016,200),	 weight = 1
         gamma, kinetic energy (MeV) =      13.8812, position (cm) = (-20.4089,13.5681,200),	 weight = 1
         gamma, kinetic energy (MeV) =     0.128239, position (cm) = (7.84029,5.16911,200),	 weight = 1
         gamma, kinetic energy (MeV) =    0.0803559, position (cm) = (-4.04146,2.62461,200),	 weight = 1
         gamma, kinetic energy (MeV) =      3.12779, position (cm) = (1.61947,-16.04,200),	 weight = 1
         gamma, kinetic energy (MeV) =      5.02112, position (cm) = (4.48799,-15.7553,200),	 weight = 1
         gamma, kinetic energy (MeV) =      1.79242, position (cm) = (4.55168,-15.1093,200),	 weight = 1
            e-, kinetic energy (MeV) =      3.27003, position (cm) = (4.52684,-14.5575,200),	 weight = 1
         gamma, kinetic energy (MeV) =      27.1342, position (cm) = (1.18297,-4.81894,200),	 weight = 1
         gamma, kinetic energy (MeV) =      6.72725, position (cm) = (-26.3718,17.641,200),	 weight = 1
         gamma, kinetic energy (MeV) =      1.33599, position (cm) = (-49.1591,-16.5763,200),	 weight = 1
         gamma, kinetic energy (MeV) =      4.42683, position (cm) = (4.24326,37.033,200),	 weight = 1
         gamma, kinetic energy (MeV) =     0.385107, position (cm) = (-16.1234,10.5834,200),	 weight = 1
         gamma, kinetic energy (MeV) =     0.582258, position (cm) = (-2.85884,0.473765,200),	 weight = 1
         gamma, kinetic energy (MeV) =       4.2943, position (cm) = (-5.20893,11.411,200),	 weight = 1
         gamma, kinetic energy (MeV) =       14.531, position (cm) = (-3.01054,11.5451,200),	 weight = 1
         gamma, kinetic energy (MeV) =     0.508031, position (cm) = (11.1718,23.2629,200),	 weight = 1
         gamma, kinetic energy (MeV) =     0.510999, position (cm) = (0.5891,3.62697,200),	 weight = 1
         gamma, kinetic energy (MeV) =       1.3277, position (cm) = (2.18977,8.60915,200),	 weight = 1
         gamma, kinetic energy (MeV) =      2.32382, position (cm) = (-22.5175,22.9345,200),	 weight = 1
         gamma, kinetic energy (MeV) =     0.510999, position (cm) = (6.88273,-4.1978,200),	 weight = 1
         gamma, kinetic energy (MeV) =      1.75674, position (cm) = (8.76421,-3.28388,200),	 weight = 1
         gamma, kinetic energy (MeV) =      2.24019, position (cm) = (4.69306,-2.83555,200),	 weight = 1
         gamma, kinetic energy (MeV) =       6.4163, position (cm) = (-1.30224,5.29681,200),	 weight = 1
         gamma, kinetic energy (MeV) =      11.5733, position (cm) = (2.12033,4.7285,200),	 weight = 1
          nu_e, kinetic energy (MeV) =      21.3219, position (cm) = (61.854,-54.403,200),	 weight = 1
    anti_nu_mu, kinetic energy (MeV) =      34.7686, position (cm) = (-44.1725,23.0803,200),	 weight = 1
         nu_mu, kinetic energy (MeV) =      29.7919, position (cm) = (34.9215,-64.6718,200),	 weight = 1
         gamma, kinetic energy (MeV) =     0.510999, position (cm) = (15.6882,51.3159,200),	 weight = 1
         gamma, kinetic energy (MeV) =      1.06102, position (cm) = (17.0957,52.0098,200),	 weight = 1
         gamma, kinetic energy (MeV) =      2.54467, position (cm) = (-6.87797,-4.39497,200),	 weight = 1
         gamma, kinetic energy (MeV) =      10.5103, position (cm) = (-1.54438,16.4032,200),	 weight = 1
         gamma, kinetic energy (MeV) =      3.68256, position (cm) = (4.39455,-2.19495,200),	 weight = 1
         gamma, kinetic energy (MeV) =      4.55379, position (cm) = (6.85177,1.51717,200),	 weight = 1
         gamma, kinetic energy (MeV) =      8.23832, position (cm) = (-3.11073,-8.33219,200),	 weight = 1
         gamma, kinetic energy (MeV) =      6.24522, position (cm) = (-0.171071,1.52795,200),	 weight = 1
         gamma, kinetic energy (MeV) =    0.0991498, position (cm) = (4.02396,-3.82928,200),	 weight = 1
         gamma, kinetic energy (MeV) =      1.54982, position (cm) = (8.00412,8.77095,200),	 weight = 1
         gamma, kinetic energy (MeV) =     0.202002, position (cm) = (1.78583,34.1289,200),	 weight = 1
         gamma, kinetic energy (MeV) =      8.07604, position (cm) = (-1.30357,-1.44105,200),	 weight = 1
         gamma, kinetic energy (MeV) =     0.114335, position (cm) = (8.15748,6.88454,200),	 weight = 1
            e-, kinetic energy (MeV) =     0.985864, position (cm) = (7.75855,7.94381,200),	 weight = 1
         gamma, kinetic energy (MeV) =      1.93614, position (cm) = (-13.8609,-24.4535,200),	 weight = 1
         gamma, kinetic energy (MeV) =     0.457349, position (cm) = (-12.8847,3.22116,200),	 weight = 1
         gamma, kinetic energy (MeV) =     0.228903, position (cm) = (-16.9081,2.5702,200),	 weight = 1
         gamma, kinetic energy (MeV) =      12.0257, position (cm) = (23.5137,18.2692,200),	 weight = 1
         gamma, kinetic energy (MeV) =      4.39553, position (cm) = (16.7665,6.38586,200),	 weight = 3
         gamma, kinetic energy (MeV) =     0.367967, position (cm) = (19.0533,-5.01562,200),	 weight = 1
         gamma, kinetic energy (MeV) =      9.34072, position (cm) = (4.12535,5.41144,200),	 weight = 1
         gamma, kinetic energy (MeV) =      8.63618, position (cm) = (4.00503,0.490707,200),	 weight = 1
         gamma, kinetic energy (MeV) =      2.55032, position (cm) = (-16.0406,41.8681,200),	 weight = 1
         gamma, kinetic energy (MeV) =      1.14202, position (cm) = (23.7511,5.72996,200),	 weight = 1
Graphics systems deleted.
Visualization Manager deleting...
