Environment variable "G4FORCE_RUN_MANAGER_TYPE" enabled with value == Serial. Forcing G4RunManager type...

        ############################################
        !!! WARNING - FPE detection is activated !!!
        ############################################


          ################################
          !!! G4Backtrace is activated !!!
          ################################


**************************************************************
 Geant4 version Name: geant4-11-04-patch-03    (01-October-2026)
                       Copyright : Geant4 Collaboration
                      References : NIM A 506 (2003), 250-303
                                 : IEEE-TNS 53 (2006), 270-278
                                 : NIM A 835 (2016), 186-225
                             WWW : http://geant4.org/
**************************************************************

<<< Geant4 Physics List simulation engine: FTFP_BERT

Visualization Manager instantiating with verbosity "warnings (3)"...
Visualization Manager initialising...
Registering graphics systems...

You have successfully registered the following graphics systems.
Registered graphics systems are:
  ASCIITree (ATree)
  DAWNFILE (DAWNFILE)
  RayTracer (RT)
  VRML2FILE (VRML2FILE)
  gMocrenFile (gMocrenFile)
  TOOLSSG_OFFSCREEN (TSG_OFFSCREEN, TSG_FILE)
  OpenGLImmediateQt (OGLIQt, OGLI)
  OpenGLStoredQt (OGLSQt, OGLS)
  OpenGLImmediateXm (OGLIXm, OGLIQt_FALLBACK)
  OpenGLStoredXm (OGLSXm, OGLSQt_FALLBACK)
  OpenGLImmediateX (OGLIX, OGLIQt_FALLBACK, OGLIXm_FALLBACK)
  OpenGLStoredX (OGLSX, OGLSQt_FALLBACK, OGLSXm_FALLBACK)
  RayTracerX (RTX)
  RayTracerQt (RTQt)
  TOOLSSG_X11_GLES (TSG_X11_GLES, TSGX11, TSG_XT_GLES_FALLBACK)
  TOOLSSG_X11_ZB (TSG_X11_ZB, TSGX11ZB)
  TOOLSSG_XT_GLES (TSG_XT_GLES, TSGXt, TSG_QT_GLES_FALLBACK)
  TOOLSSG_XT_ZB (TSG_XT_ZB, TSGXtZB)
  TOOLSSG_QT_GLES (TSG_QT_GLES, TSGQt, TSG, OGL)
  TOOLSSG_QT_ZB (TSG_QT_ZB, TSGQtZB, TSGZB)
You may choose a graphics system (driver) with a parameter of
the command "/vis/open" or "/vis/sceneHandler/create",
or you may omit the driver parameter and choose at run time:
- by argument in the construction of G4VisExecutive
- by environment variable "G4VIS_DEFAULT_DRIVER"
- by entry in "~/.g4session"
- by build flags.
- Note: This feature is not allowed in batch mode.
For further information see "examples/basic/B1/exampleB1.cc"
and "vis.mac".

Registering model factories...

You have successfully registered the following model factories.
Registered model factories:
  generic
  drawByAttribute
  drawByCharge
  drawByOriginVolume
  drawByParticleID
  drawByEncounteredVolume

Registered models:
  None

Registered filter factories:
  attributeFilter
  chargeFilter
  originVolumeFilter
  particleFilter
  encounteredVolumeFilter

Registered filters:
  None

You have successfully registered the following user vis actions.
Run Duration User Vis Actions: none
End of Event User Vis Actions: none
End of Run User Vis Actions: none

Some /vis commands (optionally) take a string to specify colour.
"/vis/list" to see available colours.

The materials defined are : 


***** Table : Nb of materials = 5 *****

 Material:   G4_AIR    density:  1.205 mg/cm3  RadL: 303.921 m    Nucl.Int.Length: 710.095 m  
                       Imean:  85.700 eV   temperature: 293.15 K  pressure:   1.00 atm

   --->  Element: C (C)   Z =  6.0   N =    12   A = 12.011 g/mole
         --->  Isotope:   C12   Z =  6   N =  12   A =  12.00 g/mole   abundance: 98.930 %
         --->  Isotope:   C13   Z =  6   N =  13   A =  13.00 g/mole   abundance:  1.070 %
          ElmMassFraction:   0.01 %  ElmAbundance   0.02 % 

   --->  Element: N (N)   Z =  7.0   N =    14   A = 14.007 g/mole
         --->  Isotope:   N14   Z =  7   N =  14   A =  14.00 g/mole   abundance: 99.632 %
         --->  Isotope:   N15   Z =  7   N =  15   A =  15.00 g/mole   abundance:  0.368 %
          ElmMassFraction:  75.53 %  ElmAbundance  78.44 % 

   --->  Element: O (O)   Z =  8.0   N =    16   A = 15.999 g/mole
         --->  Isotope:   O16   Z =  8   N =  16   A =  15.99 g/mole   abundance: 99.757 %
         --->  Isotope:   O17   Z =  8   N =  17   A =  17.00 g/mole   abundance:  0.038 %
         --->  Isotope:   O18   Z =  8   N =  18   A =  18.00 g/mole   abundance:  0.205 %
          ElmMassFraction:  23.18 %  ElmAbundance  21.07 % 

   --->  Element: Ar (Ar)   Z = 18.0   N =    40   A = 39.948 g/mole
         --->  Isotope:  Ar36   Z = 18   N =  36   A =  35.97 g/mole   abundance:  0.337 %
         --->  Isotope:  Ar38   Z = 18   N =  38   A =  37.96 g/mole   abundance:  0.063 %
         --->  Isotope:  Ar40   Z = 18   N =  40   A =  39.96 g/mole   abundance: 99.600 %
          ElmMassFraction:   1.28 %  ElmAbundance   0.47 % 


 Material:    G4_Ar    density:  1.662 mg/cm3  RadL: 117.621 m    Nucl.Int.Length: 719.888 m  
                       Imean: 188.000 eV   temperature: 293.15 K  pressure:   1.00 atm

   --->  Element: Ar (Ar)   Z = 18.0   N =    40   A = 39.948 g/mole
         --->  Isotope:  Ar36   Z = 18   N =  36   A =  35.97 g/mole   abundance:  0.337 %
         --->  Isotope:  Ar38   Z = 18   N =  38   A =  37.96 g/mole   abundance:  0.063 %
         --->  Isotope:  Ar40   Z = 18   N =  40   A =  39.96 g/mole   abundance: 99.600 %
          ElmMassFraction: 100.00 %  ElmAbundance 100.00 % 


 Material: G4_PLASTIC_SC_VINYLTOLUENE    density:  1.032 g/cm3   RadL:  42.544 cm   Nucl.Int.Length:  69.969 cm 
                       Imean:  64.700 eV   temperature: 293.15 K  pressure:   1.00 atm

   --->  Element: C (C)   Z =  6.0   N =    12   A = 12.011 g/mole
         --->  Isotope:   C12   Z =  6   N =  12   A =  12.00 g/mole   abundance: 98.930 %
         --->  Isotope:   C13   Z =  6   N =  13   A =  13.00 g/mole   abundance:  1.070 %
          ElmMassFraction:  91.47 %  ElmAbundance  47.37 % 

   --->  Element: H (H)   Z =  1.0   N =     1   A =  1.008 g/mole
         --->  Isotope:    H1   Z =  1   N =   1   A =   1.01 g/mole   abundance: 99.989 %
         --->  Isotope:    H2   Z =  1   N =   2   A =   2.01 g/mole   abundance:  0.011 %
          ElmMassFraction:   8.53 %  ElmAbundance  52.63 % 


 Material: G4_CESIUM_IODIDE    density:  4.510 g/cm3   RadL:   1.860 cm   Nucl.Int.Length:  39.306 cm 
                       Imean: 553.100 eV   temperature: 293.15 K  pressure:   1.00 atm

   --->  Element: Cs (Cs)   Z = 55.0   N =   133   A = 132.905 g/mole
         --->  Isotope: Cs133   Z = 55   N = 133   A = 132.91 g/mole   abundance: 100.000 %
          ElmMassFraction:  51.15 %  ElmAbundance  50.00 % 

   --->  Element: I (I)   Z = 53.0   N =   127   A = 126.904 g/mole
         --->  Isotope:  I127   Z = 53   N = 127   A = 126.90 g/mole   abundance: 100.000 %
          ElmMassFraction:  48.85 %  ElmAbundance  50.00 % 


 Material:    G4_Pb    density: 11.350 g/cm3   RadL:   5.613 mm   Nucl.Int.Length:  18.248 cm 
                       Imean: 823.000 eV   temperature: 293.15 K  pressure:   1.00 atm

   --->  Element: Pb (Pb)   Z = 82.0   N =   207   A = 207.217 g/mole
         --->  Isotope: Pb204   Z = 82   N = 204   A = 203.97 g/mole   abundance:  1.400 %
         --->  Isotope: Pb206   Z = 82   N = 206   A = 205.97 g/mole   abundance: 24.100 %
         --->  Isotope: Pb207   Z = 82   N = 207   A = 206.98 g/mole   abundance: 22.100 %
         --->  Isotope: Pb208   Z = 82   N = 208   A = 207.98 g/mole   abundance: 52.400 %
          ElmMassFraction: 100.00 %  ElmAbundance 100.00 % 



Checking overlaps for volume magneticPhysical:0 (G4Tubs) ... OK! 
Checking overlaps for volume firstArmPhysical:0 (G4Box) ... OK! 
Checking overlaps for volume fSecondArmPhys:0 (G4Box) ... OK! 
Checking overlaps for volume hodoscope1Physical:0 (G4Box) ... OK! 
Checking overlaps for volume hodoscope1Physical:1 (G4Box) ... OK! 
Checking overlaps for volume hodoscope1Physical:2 (G4Box) ... OK! 
Checking overlaps for volume hodoscope1Physical:3 (G4Box) ... OK! 
Checking overlaps for volume hodoscope1Physical:4 (G4Box) ... OK! 
Checking overlaps for volume hodoscope1Physical:5 (G4Box) ... OK! 
Checking overlaps for volume hodoscope1Physical:6 (G4Box) ... OK! 
Checking overlaps for volume hodoscope1Physical:7 (G4Box) ... OK! 
Checking overlaps for volume hodoscope1Physical:8 (G4Box) ... OK! 
Checking overlaps for volume hodoscope1Physical:9 (G4Box) ... OK! 
Checking overlaps for volume hodoscope1Physical:10 (G4Box) ... OK! 
Checking overlaps for volume hodoscope1Physical:11 (G4Box) ... OK! 
Checking overlaps for volume hodoscope1Physical:12 (G4Box) ... OK! 
Checking overlaps for volume hodoscope1Physical:13 (G4Box) ... OK! 
Checking overlaps for volume hodoscope1Physical:14 (G4Box) ... OK! 
Checking overlaps for volume chamber1Physical:0 (G4Box) ... OK! 
Checking overlaps for volume chamber1Physical:1 (G4Box) ... OK! 
Checking overlaps for volume chamber1Physical:2 (G4Box) ... OK! 
Checking overlaps for volume chamber1Physical:3 (G4Box) ... OK! 
Checking overlaps for volume chamber1Physical:4 (G4Box) ... OK! 
Checking overlaps for volume wirePlane1Physical:0 (G4Box) ... OK! 
Checking overlaps for volume hodoscope2Physical:0 (G4Box) ... OK! 
Checking overlaps for volume hodoscope2Physical:1 (G4Box) ... OK! 
Checking overlaps for volume hodoscope2Physical:2 (G4Box) ... OK! 
Checking overlaps for volume hodoscope2Physical:3 (G4Box) ... OK! 
Checking overlaps for volume hodoscope2Physical:4 (G4Box) ... OK! 
Checking overlaps for volume hodoscope2Physical:5 (G4Box) ... OK! 
Checking overlaps for volume hodoscope2Physical:6 (G4Box) ... OK! 
Checking overlaps for volume hodoscope2Physical:7 (G4Box) ... OK! 
Checking overlaps for volume hodoscope2Physical:8 (G4Box) ... OK! 
Checking overlaps for volume hodoscope2Physical:9 (G4Box) ... OK! 
Checking overlaps for volume hodoscope2Physical:10 (G4Box) ... OK! 
Checking overlaps for volume hodoscope2Physical:11 (G4Box) ... OK! 
Checking overlaps for volume hodoscope2Physical:12 (G4Box) ... OK! 
Checking overlaps for volume hodoscope2Physical:13 (G4Box) ... OK! 
Checking overlaps for volume hodoscope2Physical:14 (G4Box) ... OK! 
Checking overlaps for volume hodoscope2Physical:15 (G4Box) ... OK! 
Checking overlaps for volume hodoscope2Physical:16 (G4Box) ... OK! 
Checking overlaps for volume hodoscope2Physical:17 (G4Box) ... OK! 
Checking overlaps for volume hodoscope2Physical:18 (G4Box) ... OK! 
Checking overlaps for volume hodoscope2Physical:19 (G4Box) ... OK! 
Checking overlaps for volume hodoscope2Physical:20 (G4Box) ... OK! 
Checking overlaps for volume hodoscope2Physical:21 (G4Box) ... OK! 
Checking overlaps for volume hodoscope2Physical:22 (G4Box) ... OK! 
Checking overlaps for volume hodoscope2Physical:23 (G4Box) ... OK! 
Checking overlaps for volume hodoscope2Physical:24 (G4Box) ... OK! 
Checking overlaps for volume chamber2Physical:0 (G4Box) ... OK! 
Checking overlaps for volume chamber2Physical:1 (G4Box) ... OK! 
Checking overlaps for volume chamber2Physical:2 (G4Box) ... OK! 
Checking overlaps for volume chamber2Physical:3 (G4Box) ... OK! 
Checking overlaps for volume chamber2Physical:4 (G4Box) ... OK! 
Checking overlaps for volume wirePlane2Physical:0 (G4Box) ... OK! 
Checking overlaps for volume EMcalorimeterPhysical:0 (G4Box) ... OK! 
Checking overlaps for volume HadCalorimeterPhysical:0 (G4Box) ... OK! 
Checking overlaps for volume HadCalScintiPhysical:0 (G4Box) ... OK! 
 G4ChordFinder: stepperDriverId: 2

 hInelastic FTFP_BERT : threshold between BERT and FTFP is over the interval 
 for pions :   3 to 6 GeV
 for kaons :   3 to 6 GeV
 for proton :  3 to 6 GeV
 for neutron : 3 to 6 GeV

### Adding tracking cuts for neutron  TimeCut(ns)= 10000  KinEnergyCut(MeV)= 0
=======================================================================
======                 Electromagnetic Physics Parameters      ========
=======================================================================
LPM effect enabled                                 1
Enable creation and use of sampling tables         0
Apply cuts on all EM processes                     0
Use combined TransportationWithMsc                 Disabled
Use general process                                1
Enable linear polarisation for gamma               0
Enable photoeffect sampling below K-shell          1
Enable sampling of quantum entanglement            0
X-section factor for integral approach             0.8
Min kinetic energy for tables                      100 eV 
Max kinetic energy for tables                      100 TeV
Number of bins per decade of a table               7
Verbose level                                      1
Verbose level for worker thread                    0
Bremsstrahlung energy threshold above which 
  primary e+- is added to the list of secondary    100 TeV
Bremsstrahlung energy threshold above which primary
  muon/hadron is added to the list of secondary    100 TeV
Positron annihilation at rest model                SimplePositronium
Enable 3 gamma annihilation on fly                 0
Lowest triplet kinetic energy                      1 MeV
Enable sampling of gamma linear polarisation       0
5D gamma conversion model type                     0
5D gamma conversion model on isolated ion          0
Use RiGe 5D e+e- pair production model by muons    0
Livermore data directory                           epics_2017
=======================================================================
======                 Ionisation Parameters                   ========
=======================================================================
Step function for e+-                              (0.2, 1 mm)
Step function for muons/hadrons                    (0.2, 0.1 mm)
Step function for light ions                       (0.2, 0.1 mm)
Step function for general ions                     (0.2, 0.1 mm)
Lowest e+e- kinetic energy                         1 keV
Lowest muon/hadron kinetic energy                  1 keV
Use ICRU90 data                                    0
Fluctuations of dE/dx are enabled                  1
Type of fluctuation model for leptons and hadrons  Urban
Use built-in Birks saturation                      0
Build CSDA range enabled                           0
Use cut as a final range enabled                   0
Enable angular generator interface                 0
Max kinetic energy for CSDA tables                 1 GeV
Max kinetic energy for NIEL computation            0 eV 
Linear loss limit                                  0.01
Read data from file for e+e- pair production by mu 0
=======================================================================
======                 Multiple Scattering Parameters          ========
=======================================================================
Type of msc step limit algorithm for e+-           1
Type of msc step limit algorithm for muons/hadrons 0
Msc lateral displacement for e+- enabled           1
Msc lateral displacement for muons and hadrons     0
Urban msc model lateral displacement alg96         1
Range factor for msc step limit for e+-            0.04
Range factor for msc step limit for muons/hadrons  0.2
Geometry factor for msc step limitation of e+-     2.5
Safety factor for msc step limit for e+-           0.6
Skin parameter for msc step limitation of e+-      1
Lambda limit for msc step limit for e+-            1 mm
Use Mott correction for e- scattering              0
Factor used for dynamic computation of angular 
  limit between single and multiple scattering     1
Fixed angular limit between single 
  and multiple scattering                          3.1416 rad
Upper energy limit for e+- multiple scattering     100 MeV
Type of electron single scattering model           0
Type of nuclear form-factor                        1
Screening factor                                   1
=======================================================================

phot:  for gamma SubType=12 BuildTable=0
      LambdaPrime table from 200 keV to 100 TeV in 61 bins 
      ===== EM models for the G4Region  DefaultRegionForTheWorld ======
 LivermorePhElectric : Emin=    0 eV  Emax=  100 TeV  SauterGavrila Fluo

compt:  for gamma SubType=13 BuildTable=1
      Lambda table from 100 eV  to 1 MeV, 7 bins/decade, spline: 1
      LambdaPrime table from 1 MeV to 100 TeV in 56 bins 
      ===== EM models for the G4Region  DefaultRegionForTheWorld ======
       Klein-Nishina : Emin=    0 eV  Emax=  100 TeV

conv:  for gamma SubType=14 BuildTable=1
      Lambda table from 1.022 MeV to 100 TeV, 18 bins/decade, spline: 1
      ===== EM models for the G4Region  DefaultRegionForTheWorld ======
     BetheHeitlerLPM : Emin=    0 eV  Emax=  100 TeV  ModifiedTsai

Rayl:  for gamma SubType=11 BuildTable=1
      Lambda table from 100 eV  to 150 keV, 7 bins/decade, spline: 0
      LambdaPrime table from 150 keV to 100 TeV in 62 bins 
      ===== EM models for the G4Region  DefaultRegionForTheWorld ======
   LivermoreRayleigh : Emin=    0 eV  Emax=  100 TeV  CullenGenerator

msc:  for e-  SubType= 10
      ===== EM models for the G4Region  DefaultRegionForTheWorld ======
            UrbanMsc : Emin=    0 eV  Emax=  100 MeV Nbins=42 100 eV  - 100 MeV
          StepLim=UseSafety Rfact=0.04 Gfact=2.5 Sfact=0.6 DispFlag:1 Skin=1 Llim=1 mm
        WentzelVIUni : Emin=  100 MeV Emax=  100 TeV Nbins=42 100 MeV - 100 TeV
          StepLim=UseSafety Rfact=0.04 Gfact=2.5 Sfact=0.6 DispFlag:1 Skin=1 Llim=1 mm

eIoni:  for e-  XStype:3  SubType=2
      dE/dx and range tables from 100 eV  to 100 TeV in 84 bins
      Lambda tables from threshold to 100 TeV, 7 bins/decade, spline: 1
      StepFunction=(0.2, 1 mm), integ: 3, fluct: 1, linLossLim= 0.01
      ===== EM models for the G4Region  DefaultRegionForTheWorld ======
        MollerBhabha : Emin=    0 eV  Emax=  100 TeV

eBrem:  for e-  XStype:4  SubType=3
      dE/dx and range tables from 100 eV  to 100 TeV in 84 bins
      Lambda tables from threshold to 100 TeV, 7 bins/decade, spline: 1
      LPM flag: 1 for E > 1 GeV,  VertexHighEnergyTh(GeV)= 100000
      ===== EM models for the G4Region  DefaultRegionForTheWorld ======
             eBremSB : Emin=    0 eV  Emax=    1 GeV  ModifiedTsai
            eBremLPM : Emin=    1 GeV Emax=  100 TeV  ModifiedTsai

CoulombScat:  for e- XStype:1 SubType=1 BuildTable=1
      Lambda table from 100 MeV to 100 TeV, 7 bins/decade, spline: 0
      ThetaMin(p) < Theta(degree) < 180, pLimit(GeV^1)= 0.139531
      ===== EM models for the G4Region  DefaultRegionForTheWorld ======
  eCoulombScattering : Emin=  100 MeV Emax=  100 TeV

msc:  for e+  SubType= 10
      ===== EM models for the G4Region  DefaultRegionForTheWorld ======
            UrbanMsc : Emin=    0 eV  Emax=  100 MeV Nbins=42 100 eV  - 100 MeV
          StepLim=UseSafety Rfact=0.04 Gfact=2.5 Sfact=0.6 DispFlag:1 Skin=1 Llim=1 mm
        WentzelVIUni : Emin=  100 MeV Emax=  100 TeV Nbins=42 100 MeV - 100 TeV
          StepLim=UseSafety Rfact=0.04 Gfact=2.5 Sfact=0.6 DispFlag:1 Skin=1 Llim=1 mm

eIoni:  for e+  XStype:3  SubType=2
      dE/dx and range tables from 100 eV  to 100 TeV in 84 bins
      Lambda tables from threshold to 100 TeV, 7 bins/decade, spline: 1
      StepFunction=(0.2, 1 mm), integ: 3, fluct: 1, linLossLim= 0.01
      ===== EM models for the G4Region  DefaultRegionForTheWorld ======
        MollerBhabha : Emin=    0 eV  Emax=  100 TeV

eBrem:  for e+  XStype:4  SubType=3
      dE/dx and range tables from 100 eV  to 100 TeV in 84 bins
      Lambda tables from threshold to 100 TeV, 7 bins/decade, spline: 1
      LPM flag: 1 for E > 1 GeV,  VertexHighEnergyTh(GeV)= 100000
      ===== EM models for the G4Region  DefaultRegionForTheWorld ======
             eBremSB : Emin=    0 eV  Emax=    1 GeV  ModifiedTsai
            eBremLPM : Emin=    1 GeV Emax=  100 TeV  ModifiedTsai

annihil:  for e+ XStype:2 SubType=5 AtRestModel:Simple BuildTable=0
      ===== EM models for the G4Region  DefaultRegionForTheWorld ======
            eplus2gg : Emin=    0 eV  Emax=  100 TeV

CoulombScat:  for e+ XStype:1 SubType=1 BuildTable=1
      Lambda table from 100 MeV to 100 TeV, 7 bins/decade, spline: 0
      ThetaMin(p) < Theta(degree) < 180, pLimit(GeV^1)= 0.139531
      ===== EM models for the G4Region  DefaultRegionForTheWorld ======
  eCoulombScattering : Emin=  100 MeV Emax=  100 TeV

msc:  for proton  SubType= 10
      ===== EM models for the G4Region  DefaultRegionForTheWorld ======
        WentzelVIUni : Emin=    0 eV  Emax=  100 TeV Nbins=84 100 eV  - 100 TeV
          StepLim=Minimal Rfact=0.2 Gfact=2.5 Sfact=0.6 DispFlag:0 Skin=1 Llim=1 mm

hIoni:  for proton  XStype:3  SubType=2
      dE/dx and range tables from 100 eV  to 100 TeV in 84 bins
      Lambda tables from threshold to 100 TeV, 7 bins/decade, spline: 1
      StepFunction=(0.2, 0.1 mm), integ: 3, fluct: 1, linLossLim= 0.01
      ===== EM models for the G4Region  DefaultRegionForTheWorld ======
               Bragg : Emin=    0 eV  Emax=    2 MeV
          BetheBloch : Emin=    2 MeV Emax=  100 TeV

hBrems:  for proton  XStype:1  SubType=3
      dE/dx and range tables from 100 eV  to 100 TeV in 84 bins
      Lambda tables from threshold to 100 TeV, 7 bins/decade, spline: 1
      ===== EM models for the G4Region  DefaultRegionForTheWorld ======
               hBrem : Emin=    0 eV  Emax=  100 TeV  ModifiedMephi

hPairProd:  for proton  XStype:1  SubType=4
      dE/dx and range tables from 100 eV  to 100 TeV in 84 bins
      Lambda tables from threshold to 100 TeV, 7 bins/decade, spline: 1
      Sampling table 17x1001, from 7.50618 GeV to 100 TeV 
      ===== EM models for the G4Region  DefaultRegionForTheWorld ======
           hPairProd : Emin=    0 eV  Emax=  100 TeV  ModifiedMephi

CoulombScat:  for proton XStype:1 SubType=1 BuildTable=1
      Lambda table from threshold  to 100 TeV, 7 bins/decade, spline: 0
      ThetaMin(p) < Theta(degree) < 180, pLimit(GeV^1)= 0.139531
      ===== EM models for the G4Region  DefaultRegionForTheWorld ======
  eCoulombScattering : Emin=    0 eV  Emax=  100 TeV

msc:  for GenericIon  SubType= 10
      ===== EM models for the G4Region  DefaultRegionForTheWorld ======
            UrbanMsc : Emin=    0 eV  Emax=  100 TeV
          StepLim=Minimal Rfact=0.2 Gfact=2.5 Sfact=0.6 DispFlag:0 Skin=1 Llim=1 mm

ionIoni:  for GenericIon  XStype:3  SubType=2
      dE/dx and range tables from 100 eV  to 100 TeV in 84 bins
      Lambda tables from threshold to 100 TeV, 7 bins/decade, spline: 1
      StepFunction=(0.2, 0.1 mm), integ: 3, fluct: 1, linLossLim= 0.02
      ===== EM models for the G4Region  DefaultRegionForTheWorld ======
               Bragg : Emin=    0 eV  Emax=    2 MeV
          BetheBloch : Emin=    2 MeV Emax=  100 TeV

msc:  for alpha  SubType= 10
      ===== EM models for the G4Region  DefaultRegionForTheWorld ======
            UrbanMsc : Emin=    0 eV  Emax=  100 TeV
          StepLim=Minimal Rfact=0.2 Gfact=2.5 Sfact=0.6 DispFlag:0 Skin=1 Llim=1 mm

ionIoni:  for alpha  XStype:3  SubType=2
      dE/dx and range tables from 100 eV  to 100 TeV in 84 bins
      Lambda tables from threshold to 100 TeV, 7 bins/decade, spline: 1
      StepFunction=(0.2, 0.1 mm), integ: 3, fluct: 1, linLossLim= 0.02
      ===== EM models for the G4Region  DefaultRegionForTheWorld ======
            BraggIon : Emin=    0 eV  Emax=7.9452 MeV
          BetheBloch : Emin=7.9452 MeV Emax=  100 TeV

msc:  for anti_proton  SubType= 10
      ===== EM models for the G4Region  DefaultRegionForTheWorld ======
        WentzelVIUni : Emin=    0 eV  Emax=  100 TeV Nbins=84 100 eV  - 100 TeV
          StepLim=Minimal Rfact=0.2 Gfact=2.5 Sfact=0.6 DispFlag:0 Skin=1 Llim=1 mm

hIoni:  for anti_proton  XStype:3  SubType=2
      dE/dx and range tables from 100 eV  to 100 TeV in 84 bins
      Lambda tables from threshold to 100 TeV, 7 bins/decade, spline: 1
      StepFunction=(0.2, 0.1 mm), integ: 3, fluct: 1, linLossLim= 0.01
      ===== EM models for the G4Region  DefaultRegionForTheWorld ======
            ICRU73QO : Emin=    0 eV  Emax=    2 MeV
          BetheBloch : Emin=    2 MeV Emax=  100 TeV

hBrems:  for anti_proton  XStype:1  SubType=3
      dE/dx and range tables from 100 eV  to 100 TeV in 84 bins
      Lambda tables from threshold to 100 TeV, 7 bins/decade, spline: 1
      ===== EM models for the G4Region  DefaultRegionForTheWorld ======
               hBrem : Emin=    0 eV  Emax=  100 TeV  ModifiedMephi

hPairProd:  for anti_proton  XStype:1  SubType=4
      dE/dx and range tables from 100 eV  to 100 TeV in 84 bins
      Lambda tables from threshold to 100 TeV, 7 bins/decade, spline: 1
      Sampling table 17x1001, from 7.50618 GeV to 100 TeV 
      ===== EM models for the G4Region  DefaultRegionForTheWorld ======
           hPairProd : Emin=    0 eV  Emax=  100 TeV  ModifiedMephi

CoulombScat:  for anti_proton XStype:1 SubType=1 BuildTable=1
      Lambda table from threshold  to 100 TeV, 7 bins/decade, spline: 0
      ThetaMin(p) < Theta(degree) < 180, pLimit(GeV^1)= 0.139531
      ===== EM models for the G4Region  DefaultRegionForTheWorld ======
  eCoulombScattering : Emin=    0 eV  Emax=  100 TeV

msc:  for kaon+  SubType= 10
      ===== EM models for the G4Region  DefaultRegionForTheWorld ======
        WentzelVIUni : Emin=    0 eV  Emax=  100 TeV Nbins=84 100 eV  - 100 TeV
          StepLim=Minimal Rfact=0.2 Gfact=2.5 Sfact=0.6 DispFlag:0 Skin=1 Llim=1 mm

hIoni:  for kaon+  XStype:3  SubType=2
      dE/dx and range tables from 100 eV  to 100 TeV in 84 bins
      Lambda tables from threshold to 100 TeV, 7 bins/decade, spline: 1
      StepFunction=(0.2, 0.1 mm), integ: 3, fluct: 1, linLossLim= 0.01
      ===== EM models for the G4Region  DefaultRegionForTheWorld ======
               Bragg : Emin=    0 eV  Emax=1.05231 MeV
          BetheBloch : Emin=1.05231 MeV Emax=  100 TeV

hBrems:  for kaon+  XStype:1  SubType=3
      dE/dx and range tables from 100 eV  to 100 TeV in 84 bins
      Lambda tables from threshold to 100 TeV, 7 bins/decade, spline: 1
      ===== EM models for the G4Region  DefaultRegionForTheWorld ======
               hBrem : Emin=    0 eV  Emax=  100 TeV  ModifiedMephi

hPairProd:  for kaon+  XStype:1  SubType=4
      dE/dx and range tables from 100 eV  to 100 TeV in 84 bins
      Lambda tables from threshold to 100 TeV, 7 bins/decade, spline: 1
      Sampling table 18x1001, from 3.94942 GeV to 100 TeV 
      ===== EM models for the G4Region  DefaultRegionForTheWorld ======
           hPairProd : Emin=    0 eV  Emax=  100 TeV  ModifiedMephi

CoulombScat:  for kaon+ XStype:1 SubType=1 BuildTable=1
      Lambda table from threshold  to 100 TeV, 7 bins/decade, spline: 0
      ThetaMin(p) < Theta(degree) < 180, pLimit(GeV^1)= 0.139531
      ===== EM models for the G4Region  DefaultRegionForTheWorld ======
  eCoulombScattering : Emin=    0 eV  Emax=  100 TeV

msc:  for kaon-  SubType= 10
      ===== EM models for the G4Region  DefaultRegionForTheWorld ======
        WentzelVIUni : Emin=    0 eV  Emax=  100 TeV Nbins=84 100 eV  - 100 TeV
          StepLim=Minimal Rfact=0.2 Gfact=2.5 Sfact=0.6 DispFlag:0 Skin=1 Llim=1 mm

hIoni:  for kaon-  XStype:3  SubType=2
      dE/dx and range tables from 100 eV  to 100 TeV in 84 bins
      Lambda tables from threshold to 100 TeV, 7 bins/decade, spline: 1
      StepFunction=(0.2, 0.1 mm), integ: 3, fluct: 1, linLossLim= 0.01
      ===== EM models for the G4Region  DefaultRegionForTheWorld ======
            ICRU73QO : Emin=    0 eV  Emax=1.05231 MeV
          BetheBloch : Emin=1.05231 MeV Emax=  100 TeV

hBrems:  for kaon-  XStype:1  SubType=3
      dE/dx and range tables from 100 eV  to 100 TeV in 84 bins
      Lambda tables from threshold to 100 TeV, 7 bins/decade, spline: 1
      ===== EM models for the G4Region  DefaultRegionForTheWorld ======
               hBrem : Emin=    0 eV  Emax=  100 TeV  ModifiedMephi

hPairProd:  for kaon-  XStype:1  SubType=4
      dE/dx and range tables from 100 eV  to 100 TeV in 84 bins
      Lambda tables from threshold to 100 TeV, 7 bins/decade, spline: 1
      Sampling table 18x1001, from 3.94942 GeV to 100 TeV 
      ===== EM models for the G4Region  DefaultRegionForTheWorld ======
           hPairProd : Emin=    0 eV  Emax=  100 TeV  ModifiedMephi

CoulombScat:  for kaon- XStype:1 SubType=1 BuildTable=1
      Used Lambda table of kaon+
      ThetaMin(p) < Theta(degree) < 180, pLimit(GeV^1)= 0.139531
      ===== EM models for the G4Region  DefaultRegionForTheWorld ======
  eCoulombScattering : Emin=    0 eV  Emax=  100 TeV

msc:  for mu+  SubType= 10
      ===== EM models for the G4Region  DefaultRegionForTheWorld ======
        WentzelVIUni : Emin=    0 eV  Emax=  100 TeV Nbins=84 100 eV  - 100 TeV
          StepLim=Minimal Rfact=0.2 Gfact=2.5 Sfact=0.6 DispFlag:0 Skin=1 Llim=1 mm

muIoni:  for mu+  XStype:3  SubType=2
      dE/dx and range tables from 100 eV  to 100 TeV in 84 bins
      Lambda tables from threshold to 100 TeV, 7 bins/decade, spline: 1
      StepFunction=(0.2, 0.1 mm), integ: 3, fluct: 1, linLossLim= 0.01
      ===== EM models for the G4Region  DefaultRegionForTheWorld ======
               Bragg : Emin=    0 eV  Emax=  200 keV
        MuBetheBloch : Emin=  200 keV Emax=  100 TeV

muBrems:  for mu+  XStype:1  SubType=3
      dE/dx and range tables from 100 eV  to 100 TeV in 84 bins
      Lambda tables from threshold to 100 TeV, 7 bins/decade, spline: 1
      ===== EM models for the G4Region  DefaultRegionForTheWorld ======
              MuBrem : Emin=    0 eV  Emax=  100 TeV  ModifiedMephi

muPairProd:  for mu+  XStype:1  SubType=4
      dE/dx and range tables from 100 eV  to 100 TeV in 84 bins
      Lambda tables from threshold to 100 TeV, 7 bins/decade, spline: 1
      Sampling table 21x1001, from 0.85 GeV to 100 TeV 
      ===== EM models for the G4Region  DefaultRegionForTheWorld ======
          muPairProd : Emin=    0 eV  Emax=  100 TeV  ModifiedMephi

CoulombScat:  for mu+ XStype:1 SubType=1 BuildTable=1
      Lambda table from threshold  to 100 TeV, 7 bins/decade, spline: 0
      ThetaMin(p) < Theta(degree) < 180, pLimit(GeV^1)= 0.139531
      ===== EM models for the G4Region  DefaultRegionForTheWorld ======
  eCoulombScattering : Emin=    0 eV  Emax=  100 TeV

msc:  for mu-  SubType= 10
      ===== EM models for the G4Region  DefaultRegionForTheWorld ======
        WentzelVIUni : Emin=    0 eV  Emax=  100 TeV Nbins=84 100 eV  - 100 TeV
          StepLim=Minimal Rfact=0.2 Gfact=2.5 Sfact=0.6 DispFlag:0 Skin=1 Llim=1 mm

muIoni:  for mu-  XStype:3  SubType=2
      dE/dx and range tables from 100 eV  to 100 TeV in 84 bins
      Lambda tables from threshold to 100 TeV, 7 bins/decade, spline: 1
      StepFunction=(0.2, 0.1 mm), integ: 3, fluct: 1, linLossLim= 0.01
      ===== EM models for the G4Region  DefaultRegionForTheWorld ======
            ICRU73QO : Emin=    0 eV  Emax=  200 keV
        MuBetheBloch : Emin=  200 keV Emax=  100 TeV

muBrems:  for mu-  XStype:1  SubType=3
      dE/dx and range tables from 100 eV  to 100 TeV in 84 bins
      Lambda tables from threshold to 100 TeV, 7 bins/decade, spline: 1
      ===== EM models for the G4Region  DefaultRegionForTheWorld ======
              MuBrem : Emin=    0 eV  Emax=  100 TeV  ModifiedMephi

muPairProd:  for mu-  XStype:1  SubType=4
      dE/dx and range tables from 100 eV  to 100 TeV in 84 bins
      Lambda tables from threshold to 100 TeV, 7 bins/decade, spline: 1
      Sampling table 21x1001, from 0.85 GeV to 100 TeV 
      ===== EM models for the G4Region  DefaultRegionForTheWorld ======
          muPairProd : Emin=    0 eV  Emax=  100 TeV  ModifiedMephi

CoulombScat:  for mu- XStype:1 SubType=1 BuildTable=1
      Used Lambda table of mu+
      ThetaMin(p) < Theta(degree) < 180, pLimit(GeV^1)= 0.139531
      ===== EM models for the G4Region  DefaultRegionForTheWorld ======
  eCoulombScattering : Emin=    0 eV  Emax=  100 TeV

msc:  for pi+  SubType= 10
      ===== EM models for the G4Region  DefaultRegionForTheWorld ======
        WentzelVIUni : Emin=    0 eV  Emax=  100 TeV Nbins=84 100 eV  - 100 TeV
          StepLim=Minimal Rfact=0.2 Gfact=2.5 Sfact=0.6 DispFlag:0 Skin=1 Llim=1 mm

hIoni:  for pi+  XStype:3  SubType=2
      dE/dx and range tables from 100 eV  to 100 TeV in 84 bins
      Lambda tables from threshold to 100 TeV, 7 bins/decade, spline: 1
      StepFunction=(0.2, 0.1 mm), integ: 3, fluct: 1, linLossLim= 0.01
      ===== EM models for the G4Region  DefaultRegionForTheWorld ======
               Bragg : Emin=    0 eV  Emax=297.505 keV
          BetheBloch : Emin=297.505 keV Emax=  100 TeV

hBrems:  for pi+  XStype:1  SubType=3
      dE/dx and range tables from 100 eV  to 100 TeV in 84 bins
      Lambda tables from threshold to 100 TeV, 7 bins/decade, spline: 1
      ===== EM models for the G4Region  DefaultRegionForTheWorld ======
               hBrem : Emin=    0 eV  Emax=  100 TeV  ModifiedMephi

hPairProd:  for pi+  XStype:1  SubType=4
      dE/dx and range tables from 100 eV  to 100 TeV in 84 bins
      Lambda tables from threshold to 100 TeV, 7 bins/decade, spline: 1
      Sampling table 20x1001, from 1.11656 GeV to 100 TeV 
      ===== EM models for the G4Region  DefaultRegionForTheWorld ======
           hPairProd : Emin=    0 eV  Emax=  100 TeV  ModifiedMephi

CoulombScat:  for pi+ XStype:1 SubType=1 BuildTable=1
      Lambda table from threshold  to 100 TeV, 7 bins/decade, spline: 0
      ThetaMin(p) < Theta(degree) < 180, pLimit(GeV^1)= 0.139531
      ===== EM models for the G4Region  DefaultRegionForTheWorld ======
  eCoulombScattering : Emin=    0 eV  Emax=  100 TeV

msc:  for pi-  SubType= 10
      ===== EM models for the G4Region  DefaultRegionForTheWorld ======
        WentzelVIUni : Emin=    0 eV  Emax=  100 TeV Nbins=84 100 eV  - 100 TeV
          StepLim=Minimal Rfact=0.2 Gfact=2.5 Sfact=0.6 DispFlag:0 Skin=1 Llim=1 mm

hIoni:  for pi-  XStype:3  SubType=2
      dE/dx and range tables from 100 eV  to 100 TeV in 84 bins
      Lambda tables from threshold to 100 TeV, 7 bins/decade, spline: 1
      StepFunction=(0.2, 0.1 mm), integ: 3, fluct: 1, linLossLim= 0.01
      ===== EM models for the G4Region  DefaultRegionForTheWorld ======
            ICRU73QO : Emin=    0 eV  Emax=297.505 keV
          BetheBloch : Emin=297.505 keV Emax=  100 TeV

hBrems:  for pi-  XStype:1  SubType=3
      dE/dx and range tables from 100 eV  to 100 TeV in 84 bins
      Lambda tables from threshold to 100 TeV, 7 bins/decade, spline: 1
      ===== EM models for the G4Region  DefaultRegionForTheWorld ======
               hBrem : Emin=    0 eV  Emax=  100 TeV  ModifiedMephi

hPairProd:  for pi-  XStype:1  SubType=4
      dE/dx and range tables from 100 eV  to 100 TeV in 84 bins
      Lambda tables from threshold to 100 TeV, 7 bins/decade, spline: 1
      Sampling table 20x1001, from 1.11656 GeV to 100 TeV 
      ===== EM models for the G4Region  DefaultRegionForTheWorld ======
           hPairProd : Emin=    0 eV  Emax=  100 TeV  ModifiedMephi

CoulombScat:  for pi- XStype:1 SubType=1 BuildTable=1
      Used Lambda table of pi+
      ThetaMin(p) < Theta(degree) < 180, pLimit(GeV^1)= 0.139531
      ===== EM models for the G4Region  DefaultRegionForTheWorld ======
  eCoulombScattering : Emin=    0 eV  Emax=  100 TeV

====================================================================
                  HADRONIC PROCESSES SUMMARY (verbose level 1)
-----------------------------------------------------------------------
                           Hadronic Processes for neutron
  Process: hadElastic
        Model:             hElasticCHIPS: 0 eV  ---> 100 TeV
     Cr_sctns:        G4NeutronElasticXS: 0 eV  ---> 100 TeV
  Process: neutronInelastic
        Model:                      FTFP: 3 GeV ---> 100 TeV
        Model:            BertiniCascade: 0 eV  ---> 6 GeV
     Cr_sctns:      G4NeutronInelasticXS: 0 eV  ---> 100 TeV
  Process: nCapture
        Model:               nRadCapture: 0 eV  ---> 100 TeV
     Cr_sctns:        G4NeutronCaptureXS: 0 eV  ---> 100 TeV
  Process: nKiller
-----------------------------------------------------------------------
                           Hadronic Processes for B-
  Process: hadElastic
        Model:              hElasticLHEP: 0 eV  ---> 100 TeV
     Cr_sctns:            Glauber-Gribov: 0 eV  ---> 100 TeV
  Process: B-Inelastic
        Model:                      FTFP: 0 eV  ---> 100 TeV
     Cr_sctns:            Glauber-Gribov: 0 eV  ---> 100 TeV
-----------------------------------------------------------------------
                           Hadronic Processes for D-
  Process: hadElastic
        Model:              hElasticLHEP: 0 eV  ---> 100 TeV
     Cr_sctns:            Glauber-Gribov: 0 eV  ---> 100 TeV
  Process: D-Inelastic
        Model:                      FTFP: 0 eV  ---> 100 TeV
     Cr_sctns:            Glauber-Gribov: 0 eV  ---> 100 TeV
-----------------------------------------------------------------------
                           Hadronic Processes for GenericIon
  Process: ionInelastic
        Model:  Binary Light Ion Cascade: 0 eV /n ---> 6 GeV/n
        Model:                      FTFP: 3 GeV/n ---> 100 TeV/n
     Cr_sctns:  Glauber-Gribov Nucl-nucl: 0 eV  ---> 25.6 PeV
-----------------------------------------------------------------------
                           Hadronic Processes for He3
  Process: hadElastic
        Model:              hElasticLHEP: 0 eV /n ---> 100 TeV/n
     Cr_sctns:  Glauber-Gribov Nucl-nucl: 0 eV  ---> 25.6 PeV
  Process: He3Inelastic
        Model:  Binary Light Ion Cascade: 0 eV /n ---> 6 GeV/n
        Model:                      FTFP: 3 GeV/n ---> 100 TeV/n
     Cr_sctns:  Glauber-Gribov Nucl-nucl: 0 eV  ---> 25.6 PeV
-----------------------------------------------------------------------
                           Hadronic Processes for alpha
  Process: hadElastic
        Model:              hElasticLHEP: 0 eV /n ---> 100 TeV/n
     Cr_sctns:  Glauber-Gribov Nucl-nucl: 0 eV  ---> 25.6 PeV
  Process: alphaInelastic
        Model:  Binary Light Ion Cascade: 0 eV /n ---> 6 GeV/n
        Model:                      FTFP: 3 GeV/n ---> 100 TeV/n
     Cr_sctns:  Glauber-Gribov Nucl-nucl: 0 eV  ---> 25.6 PeV
-----------------------------------------------------------------------
                           Hadronic Processes for anti_He3
  Process: hadElastic
        Model:              hElasticLHEP: 0 eV /n ---> 100.1 MeV/n
        Model:              AntiAElastic: 100 MeV/n ---> 100 TeV/n
     Cr_sctns:              AntiAGlauber: 0 eV  ---> 25.6 PeV
  Process: anti_He3Inelastic
        Model:                      FTFP: 0 eV /n ---> 100 TeV/n
     Cr_sctns:              AntiAGlauber: 0 eV  ---> 25.6 PeV
  Process: hFritiofCaptureAtRest
-----------------------------------------------------------------------
                           Hadronic Processes for anti_alpha
  Process: hadElastic
        Model:              hElasticLHEP: 0 eV /n ---> 100.1 MeV/n
        Model:              AntiAElastic: 100 MeV/n ---> 100 TeV/n
     Cr_sctns:              AntiAGlauber: 0 eV  ---> 25.6 PeV
  Process: anti_alphaInelastic
        Model:                      FTFP: 0 eV /n ---> 100 TeV/n
     Cr_sctns:              AntiAGlauber: 0 eV  ---> 25.6 PeV
  Process: hFritiofCaptureAtRest
-----------------------------------------------------------------------
                           Hadronic Processes for anti_deuteron
  Process: hadElastic
        Model:              hElasticLHEP: 0 eV /n ---> 100.1 MeV/n
        Model:              AntiAElastic: 100 MeV/n ---> 100 TeV/n
     Cr_sctns:              AntiAGlauber: 0 eV  ---> 25.6 PeV
  Process: anti_deuteronInelastic
        Model:                      FTFP: 0 eV /n ---> 100 TeV/n
     Cr_sctns:              AntiAGlauber: 0 eV  ---> 25.6 PeV
  Process: hFritiofCaptureAtRest
-------------------------------------------------------------------------
                           Hadronic Processes for anti_hypertriton
  Process: hFritiofCaptureAtRest
-----------------------------------------------------------------------
                           Hadronic Processes for anti_lambda
  Process: hadElastic
        Model:              hElasticLHEP: 0 eV  ---> 100 TeV
     Cr_sctns:            Glauber-Gribov: 0 eV  ---> 100 TeV
  Process: anti_lambdaInelastic
        Model:                      FTFP: 0 eV  ---> 100 TeV
     Cr_sctns:            Glauber-Gribov: 0 eV  ---> 100 TeV
  Process: hFritiofCaptureAtRest
-----------------------------------------------------------------------
                           Hadronic Processes for anti_neutron
  Process: hadElastic
        Model:              hElasticLHEP: 0 eV  ---> 100.1 MeV
        Model:              AntiAElastic: 100 MeV ---> 100 TeV
     Cr_sctns:              AntiAGlauber: 0 eV  ---> 25.6 PeV
  Process: anti_neutronInelastic
        Model:                      FTFP: 0 eV  ---> 100 TeV
     Cr_sctns:              AntiAGlauber: 0 eV  ---> 25.6 PeV
  Process: hFritiofCaptureAtRest
-----------------------------------------------------------------------
                           Hadronic Processes for anti_proton
  Process: hadElastic
        Model:              hElasticLHEP: 0 eV  ---> 100.1 MeV
        Model:              AntiAElastic: 100 MeV ---> 100 TeV
     Cr_sctns:              AntiAGlauber: 0 eV  ---> 25.6 PeV
  Process: anti_protonInelastic
        Model:                      FTFP: 0 eV  ---> 100 TeV
     Cr_sctns:              AntiAGlauber: 0 eV  ---> 25.6 PeV
  Process: hFritiofCaptureAtRest
-----------------------------------------------------------------------
                           Hadronic Processes for anti_triton
  Process: hadElastic
        Model:              hElasticLHEP: 0 eV /n ---> 100.1 MeV/n
        Model:              AntiAElastic: 100 MeV/n ---> 100 TeV/n
     Cr_sctns:              AntiAGlauber: 0 eV  ---> 25.6 PeV
  Process: anti_tritonInelastic
        Model:                      FTFP: 0 eV /n ---> 100 TeV/n
     Cr_sctns:              AntiAGlauber: 0 eV  ---> 25.6 PeV
  Process: hFritiofCaptureAtRest
-----------------------------------------------------------------------
                           Hadronic Processes for deuteron
  Process: hadElastic
        Model:              hElasticLHEP: 0 eV /n ---> 100 TeV/n
     Cr_sctns:  Glauber-Gribov Nucl-nucl: 0 eV  ---> 25.6 PeV
  Process: dInelastic
        Model:  Binary Light Ion Cascade: 0 eV /n ---> 6 GeV/n
        Model:                      FTFP: 3 GeV/n ---> 100 TeV/n
     Cr_sctns:  Glauber-Gribov Nucl-nucl: 0 eV  ---> 25.6 PeV
-----------------------------------------------------------------------
                           Hadronic Processes for e+
  Process: positronNuclear
        Model:   G4ElectroVDNuclearModel: 0 eV  ---> 1 PeV
     Cr_sctns:          ElectroNuclearXS: 0 eV  ---> 100 TeV
-----------------------------------------------------------------------
                           Hadronic Processes for e-
  Process: electronNuclear
        Model:   G4ElectroVDNuclearModel: 0 eV  ---> 1 PeV
     Cr_sctns:          ElectroNuclearXS: 0 eV  ---> 100 TeV
-----------------------------------------------------------------------
                           Hadronic Processes for gamma
  Process: photonNuclear
        Model:               GammaNPreco: 0 eV  ---> 200 MeV
        Model:            BertiniCascade: 199 MeV ---> 6 GeV
        Model:           TheoFSGenerator: 3 GeV ---> 100 TeV
     Cr_sctns:            GammaNuclearXS: 0 eV  ---> 100 TeV
-----------------------------------------------------------------------
                           Hadronic Processes for kaon+
  Process: hadElastic
        Model:              hElasticLHEP: 0 eV  ---> 100 TeV
     Cr_sctns:            Glauber-Gribov: 0 eV  ---> 100 TeV
  Process: kaon+Inelastic
        Model:                      FTFP: 3 GeV ---> 100 TeV
        Model:            BertiniCascade: 0 eV  ---> 6 GeV
     Cr_sctns:            Glauber-Gribov: 0 eV  ---> 100 TeV
-----------------------------------------------------------------------
                           Hadronic Processes for kaon-
  Process: hadElastic
        Model:              hElasticLHEP: 0 eV  ---> 100 TeV
     Cr_sctns:            Glauber-Gribov: 0 eV  ---> 100 TeV
  Process: kaon-Inelastic
        Model:                      FTFP: 3 GeV ---> 100 TeV
        Model:            BertiniCascade: 0 eV  ---> 6 GeV
     Cr_sctns:            Glauber-Gribov: 0 eV  ---> 100 TeV
  Process: hBertiniCaptureAtRest
-----------------------------------------------------------------------
                           Hadronic Processes for lambda
  Process: hadElastic
        Model:              hElasticLHEP: 0 eV  ---> 100 TeV
     Cr_sctns:            Glauber-Gribov: 0 eV  ---> 100 TeV
  Process: lambdaInelastic
        Model:                      FTFP: 3 GeV ---> 100 TeV
        Model:            BertiniCascade: 0 eV  ---> 6 GeV
     Cr_sctns:            Glauber-Gribov: 0 eV  ---> 100 TeV
-----------------------------------------------------------------------
                           Hadronic Processes for mu+
  Process: muonNuclear
        Model:      G4MuonVDNuclearModel: 0 eV  ---> 1 PeV
     Cr_sctns:     KokoulinMuonNuclearXS: 0 eV  ---> 100 TeV
-----------------------------------------------------------------------
                           Hadronic Processes for mu-
  Process: muonNuclear
        Model:      G4MuonVDNuclearModel: 0 eV  ---> 1 PeV
     Cr_sctns:     KokoulinMuonNuclearXS: 0 eV  ---> 100 TeV
  Process: muMinusCaptureAtRest
-----------------------------------------------------------------------
                           Hadronic Processes for pi+
  Process: hadElastic
        Model:           hElasticGlauber: 0 eV  ---> 100 TeV
     Cr_sctns:  BarashenkovGlauberGribov: 0 eV  ---> 100 TeV
  Process: pi+Inelastic
        Model:                      FTFP: 3 GeV ---> 100 TeV
        Model:            BertiniCascade: 0 eV  ---> 6 GeV
     Cr_sctns:  BarashenkovGlauberGribov: 0 eV  ---> 100 TeV
-----------------------------------------------------------------------
                           Hadronic Processes for pi-
  Process: hadElastic
        Model:           hElasticGlauber: 0 eV  ---> 100 TeV
     Cr_sctns:  BarashenkovGlauberGribov: 0 eV  ---> 100 TeV
  Process: pi-Inelastic
        Model:                      FTFP: 3 GeV ---> 100 TeV
        Model:            BertiniCascade: 0 eV  ---> 6 GeV
     Cr_sctns:  BarashenkovGlauberGribov: 0 eV  ---> 100 TeV
  Process: hBertiniCaptureAtRest
-----------------------------------------------------------------------
                           Hadronic Processes for proton
  Process: hadElastic
        Model:             hElasticCHIPS: 0 eV  ---> 100 TeV
     Cr_sctns:  BarashenkovGlauberGribov: 0 eV  ---> 100 TeV
  Process: protonInelastic
        Model:                      FTFP: 3 GeV ---> 100 TeV
        Model:            BertiniCascade: 0 eV  ---> 6 GeV
     Cr_sctns:  BarashenkovGlauberGribov: 0 eV  ---> 100 TeV
-----------------------------------------------------------------------
                           Hadronic Processes for sigma-
  Process: hadElastic
        Model:              hElasticLHEP: 0 eV  ---> 100 TeV
     Cr_sctns:            Glauber-Gribov: 0 eV  ---> 100 TeV
  Process: sigma-Inelastic
        Model:                      FTFP: 3 GeV ---> 100 TeV
        Model:            BertiniCascade: 0 eV  ---> 6 GeV
     Cr_sctns:            Glauber-Gribov: 0 eV  ---> 100 TeV
  Process: hBertiniCaptureAtRest
-----------------------------------------------------------------------
                           Hadronic Processes for triton
  Process: hadElastic
        Model:              hElasticLHEP: 0 eV /n ---> 100 TeV/n
     Cr_sctns:  Glauber-Gribov Nucl-nucl: 0 eV  ---> 25.6 PeV
  Process: tInelastic
        Model:  Binary Light Ion Cascade: 0 eV /n ---> 6 GeV/n
        Model:                      FTFP: 3 GeV/n ---> 100 TeV/n
     Cr_sctns:  Glauber-Gribov Nucl-nucl: 0 eV  ---> 25.6 PeV
=======================================================================
======       Geant4 Native Pre-compound Model Parameters       ========
=======================================================================
Type of pre-compound model                          0
Type of pre-compound inverse x-section              1
Pre-compound model active                           1
Pre-compound excitation low energy                  0.1 MeV 
Pre-compound excitation high energy                 15 MeV 
Angular generator for pre-compound model            1
Use NeverGoBack option for pre-compound model       0
Use SoftCutOff option for pre-compound model        0
Use CEM transitions for pre-compound model          1
Use GNASH transitions for pre-compound model        0
Use HETC submodel for pre-compound model            0
=======================================================================
======       Nuclear De-excitation Module Parameters           ========
=======================================================================
Type of de-excitation inverse x-section             3
Type of de-excitation factory                       Evaporation+GEM
Number of de-excitation channels                    68
Type of Fermi BreakUp model                         ModelVI
Min excitation energy                               0.01 keV 
Min energy per nucleon for multifragmentation       2e+05 MeV
Level density (1/MeV)                               0.075
Use simple level density model                      1
Use discrete excitation energy of the residual      0
Time limit for long lived isomeres                  1 ns 
Isomer production flag                              1
Internal e- conversion flag                         1
Store e- internal conversion data                   1
Correlated gamma emission flag                      0
Max 2J for sampling of angular correlations         10
=======================================================================
### Run 0 starts.

-------- WWWW ------- G4Exception-START -------- WWWW -------
*** G4Exception : Analysis_W001
      issued by : G4RootNtupleFileManager::SetNtupleMergingMode
Merging ntuples is not applicable in sequential application.
Setting was ignored.
*** This is just a warning message. ***
-------- WWWW -------- G4Exception-END --------- WWWW -------

... set ntuple merging row mode : row-wise - done
... create file : B5.root - done
... open analysis file : B5.root - done
... create file : B5ntuple.root - done
... open analysis file : B5.root - done
--> Event 0 starts.

>>> Event 0 >>> Simulation truth : proton (0,0,100000)
Hodoscope 1 has 2 hits.
  Hodoscope[7] 4.9870027260872 (nsec)
  Hodoscope[10] 43.079749026655 (nsec)
Hodoscope 2 has 0 hits.
Drift Chamber 1 has 51 hits.
  Layer[0] : time 6.7003455022627 (nsec) --- local (x,y) 34.711898788203, 63.30673453331
  Layer[0] : time 6.6722560005557 (nsec) --- local (x,y) -8.9755422921273, 7.5205317187763
  Layer[0] : time 42.001555952922 (nsec) --- local (x,y) 847.97983545878, 168.89023516838
  Layer[0] : time 6.6731244680017 (nsec) --- local (x,y) 13.131944448677, 4.2681365813641
  Layer[0] : time 41.422457331855 (nsec) --- local (x,y) 275.749469482, 92.671220526616
  Layer[0] : time 6.6768059237046 (nsec) --- local (x,y) -19.270812951366, -32.078428514142
  Layer[0] : time 6.6729436023968 (nsec) --- local (x,y) -18.699856348266, 5.0971208829894
  Layer[0] : time 6.9218559769075 (nsec) --- local (x,y) -147.56779341396, -140.16330784819
  Layer[0] : time 6.6949527341162 (nsec) --- local (x,y) -17.375246550062, -62.709495599034
  Layer[0] : time 6.6829582760473 (nsec) --- local (x,y) -3.0101576488507, 22.978779840326
  Layer[0] : time 6.7464348996511 (nsec) --- local (x,y) -85.080272367489, -50.43253023332
  Layer[1] : time 8.3971480216769 (nsec) --- local (x,y) 69.18030319821, 126.17980286494
  Layer[1] : time 8.3411621924205 (nsec) --- local (x,y) -17.946457164877, 15.025150035117
  Layer[1] : time 40.320657237604 (nsec) --- local (x,y) 787.27384895201, 161.1947969543
  Layer[1] : time 8.3428876420879 (nsec) --- local (x,y) 26.12740051582, 8.6083055347666
  Layer[1] : time 39.748776137069 (nsec) --- local (x,y) 239.07032308135, 88.510674803219
  Layer[1] : time 8.3502084589133 (nsec) --- local (x,y) -38.362076609721, -63.895321857172
  Layer[1] : time 8.3425365858019 (nsec) --- local (x,y) -37.347281171406, 10.164859581457
  Layer[1] : time 8.8377933465701 (nsec) --- local (x,y) -293.32168893599, -279.21864911956
  Layer[1] : time 8.3862961460311 (nsec) --- local (x,y) -34.575472704295, -124.77142684196
  Layer[1] : time 8.3624771087642 (nsec) --- local (x,y) -5.9665328678743, 45.716013552072
  Layer[1] : time 8.4886055004868 (nsec) --- local (x,y) -169.08715861926, -100.10412790581
  Layer[2] : time 10.09396375314 (nsec) --- local (x,y) 103.66615403948, 189.07419718993
  Layer[2] : time 10.01007341973 (nsec) --- local (x,y) -26.977119944472, 22.55813058507
  Layer[2] : time 38.639773852165 (nsec) --- local (x,y) 726.60315301844, 153.52129984533
  Layer[2] : time 10.01264887437 (nsec) --- local (x,y) 39.096203251344, 12.958121113804
  Layer[2] : time 38.075097084546 (nsec) --- local (x,y) 202.39936551156, 84.347185371933
  Layer[2] : time 10.023632030078 (nsec) --- local (x,y) -57.519199603263, -95.771654639838
  Layer[2] : time 10.012135387026 (nsec) --- local (x,y) -56.035121997855, 15.255207862564
  Layer[2] : time 10.077511312521 (nsec) --- local (x,y) -51.67928658591, -186.54542090278
  Layer[2] : time 10.041998237208 (nsec) --- local (x,y) -8.9289661385936, 68.456251547825
  Layer[2] : time 10.230837693971 (nsec) --- local (x,y) -253.09197810294, -149.92771456637
  Layer[3] : time 11.790771688665 (nsec) --- local (x,y) 138.16938819015, 251.93973965719
  Layer[3] : time 11.678985830017 (nsec) --- local (x,y) -36.033289543683, 30.083488101894
  Layer[3] : time 36.958905415916 (nsec) --- local (x,y) 665.96979450085, 145.84619656855
  Layer[3] : time 37.000462649364 (nsec) --- local (x,y) 672.46373614127, 153.3394741443
  Layer[3] : time 11.682402727176 (nsec) --- local (x,y) 51.996154745684, 17.256577511251
  Layer[3] : time 36.401409338915 (nsec) --- local (x,y) 165.69288565376, 80.177665396977
  Layer[3] : time 11.697056134839 (nsec) --- local (x,y) -76.66327586597, -127.6581188411
  Layer[3] : time 11.681730791601 (nsec) --- local (x,y) -74.694048130146, 20.350818061495
  Layer[3] : time 11.768642496596 (nsec) --- local (x,y) -68.598462977587, -248.15657961546
  Layer[3] : time 11.721523769535 (nsec) --- local (x,y) -12.263265555791, 91.163402240563
  Layer[3] : time 11.973251158708 (nsec) --- local (x,y) -337.38658646065, -199.76386414542
  Layer[4] : time 13.347897460662 (nsec) --- local (x,y) -45.080801682032, 37.603044534833
  Layer[4] : time 35.27800398169 (nsec) --- local (x,y) 605.26875284939, 138.05656981488
  Layer[4] : time 13.352151406974 (nsec) --- local (x,y) 64.8240796015, 21.587351932419
  Layer[4] : time 34.727704034742 (nsec) --- local (x,y) 128.91012351373, 76.045043044816
  Layer[4] : time 13.370496371669 (nsec) --- local (x,y) -95.826634997779, -159.60874867039
  Layer[4] : time 13.351324079281 (nsec) --- local (x,y) -93.339380240673, 25.433228667709
  Layer[4] : time 13.401087611274 (nsec) --- local (x,y) -15.560491167344, 114.11725585956
  Layer[4] : time 13.715489581324 (nsec) --- local (x,y) -421.58483738226, -249.21077961586
Drift Chamber 2 has 0 hits.
EM Calorimeter has 0 hits. Total Edep is 0 (MeV)
Hadron Calorimeter has 0 hits. Total Edep is 0 (MeV)
... write file : B5.root - done
... write file : B5ntuple.root - done
... close file : B5.root - done
... close file : B5ntuple.root - done
### Run 1 starts.
... create file : B5.root - done
... open analysis file : B5.root - done
... create file : B5ntuple.root - done
... open analysis file : B5.root - done
--> Event 0 starts.

>>> Event 0 >>> Simulation truth : pi+ (0,0,100000)
Hodoscope 1 has 1 hits.
  Hodoscope[7] 4.9867880804268 (nsec)
Hodoscope 2 has 2 hits.
  Hodoscope[10] 42.694406640843 (nsec)
  Hodoscope[12] 462.21144041986 (nsec)
Drift Chamber 1 has 5 hits.
  Layer[0] : time 6.6709548382071 (nsec) --- local (x,y) 0.022986398255909, -0.0026614616584921
  Layer[1] : time 8.338776939364 (nsec) --- local (x,y) 0.036873434006755, -0.0031098787137671
  Layer[2] : time 10.006599040426 (nsec) --- local (x,y) 0.049655114958333, -0.001983454030348
  Layer[3] : time 11.674421141498 (nsec) --- local (x,y) 0.062555067977332, -0.0016182878339309
  Layer[4] : time 13.342243242327 (nsec) --- local (x,y) 0.072115776344201, -0.0017164439667153
Drift Chamber 2 has 7 hits.
  Layer[0] : time 34.36707746892 (nsec) --- local (x,y) -82.676343426362, 0.0099162944704718
  Layer[0] : time 69.077934561214 (nsec) --- local (x,y) 1017.6939089533, -78.098682610456
  Layer[1] : time 36.035814229012 (nsec) --- local (x,y) -99.237832675166, 0.014474552777368
  Layer[1] : time 67.341113606565 (nsec) --- local (x,y) 919.69189828807, -155.78626962123
  Layer[2] : time 37.704550828215 (nsec) --- local (x,y) -115.79786492495, 0.018821638594474
  Layer[3] : time 39.373287416991 (nsec) --- local (x,y) -132.3578029563, 0.021985461451447
  Layer[4] : time 41.042023991388 (nsec) --- local (x,y) -148.91761059277, 0.025694126001247
EM Calorimeter has 49 hits. Total Edep is 76812.350059578 (MeV)
Hadron Calorimeter has 14 hits. Total Edep is 726.08011667298 (MeV)
... write file : B5.root - done
... write file : B5ntuple.root - done
... close file : B5.root - done
... close file : B5ntuple.root - done
### Run 2 starts.
... create file : B5.root - done
... open analysis file : B5.root - done
... create file : B5ntuple.root - done
... open analysis file : B5.root - done
--> Event 0 starts.

>>> Event 0 >>> Simulation truth : e+ (0,0,100000)
Hodoscope 1 has 1 hits.
  Hodoscope[7] 4.9867832232941 (nsec)
Hodoscope 2 has 5 hits.
  Hodoscope[9] 43.185770623085 (nsec)
  Hodoscope[16] 215.5251081541 (nsec)
  Hodoscope[10] 489.311325947 (nsec)
  Hodoscope[1] 56.53142769643 (nsec)
  Hodoscope[0] 56.537802859356 (nsec)
Drift Chamber 1 has 5 hits.
  Layer[0] : time 6.6709483411526 (nsec) --- local (x,y) -0.010103519496192, -0.015967123654514
  Layer[1] : time 8.3387688184476 (nsec) --- local (x,y) -0.020243828080459, -0.032723849869619
  Layer[2] : time 10.006589295442 (nsec) --- local (x,y) -0.027716461764334, -0.048143682421027
  Layer[3] : time 11.674409772153 (nsec) --- local (x,y) -0.033473984306414, -0.061357513576133
  Layer[4] : time 13.342230248615 (nsec) --- local (x,y) -0.035223431877377, -0.072774538713471
Drift Chamber 2 has 8 hits.
  Layer[0] : time 34.848546730963 (nsec) --- local (x,y) -147.61072135254, -0.2622156664985
  Layer[0] : time 35.348926705094 (nsec) --- local (x,y) -592.82822063538, 42.910958191865
  Layer[1] : time 36.519266533696 (nsec) --- local (x,y) -177.10566383692, -0.27438268467808
  Layer[1] : time 37.240033864592 (nsec) --- local (x,y) -840.17658808833, 86.902994357582
  Layer[2] : time 38.189986025336 (nsec) --- local (x,y) -206.5990223016, -0.28731737629776
  Layer[3] : time 39.860705337478 (nsec) --- local (x,y) -236.09146799117, -0.29742264938848
  Layer[4] : time 41.531424572283 (nsec) --- local (x,y) -265.58351972257, -0.30810847223994
  Layer[4] : time 59.433529080198 (nsec) --- local (x,y) -1293.4051290704, 7.1267192491932
EM Calorimeter has 43 hits. Total Edep is 90778.508782324 (MeV)
Hadron Calorimeter has 7 hits. Total Edep is 64.684515548562 (MeV)
... write file : B5.root - done
... write file : B5ntuple.root - done
... close file : B5.root - done
... close file : B5ntuple.root - done
### Run 3 starts.
... create file : B5.root - done
... open analysis file : B5.root - done
... create file : B5ntuple.root - done
... open analysis file : B5.root - done
--> Event 0 starts.

>>> Event 0 >>> Simulation truth : proton (0,0,10000)
Hodoscope 1 has 1 hits.
  Hodoscope[7] 5.0086863932871 (nsec)
Hodoscope 2 has 2 hits.
  Hodoscope[9] 43.377103831982 (nsec)
  Hodoscope[7] 516.33699537249 (nsec)
Drift Chamber 1 has 5 hits.
  Layer[0] : time 6.700251988156 (nsec) --- local (x,y) 0.019538649499545, -0.098389514536524
  Layer[1] : time 8.3754017606314 (nsec) --- local (x,y) 0.069297686554923, -0.13407973200746
  Layer[2] : time 10.050552042559 (nsec) --- local (x,y) 0.12475326419024, -0.14795596594159
  Layer[3] : time 11.725702441913 (nsec) --- local (x,y) 0.18791375424322, -0.16278094474429
  Layer[4] : time 13.40085299041 (nsec) --- local (x,y) 0.25015965702605, -0.17117441143996
Drift Chamber 2 has 5 hits.
  Layer[0] : time 35.003093589618 (nsec) --- local (x,y) -147.43885827815, -0.87379307084692
  Layer[1] : time 36.681188794591 (nsec) --- local (x,y) -177.0878540437, -1.0237169006278
  Layer[2] : time 38.359282756077 (nsec) --- local (x,y) -206.72991872672, -1.1660129798869
  Layer[3] : time 40.037372907277 (nsec) --- local (x,y) -236.35209773831, -1.3013542123151
  Layer[4] : time 41.715461887612 (nsec) --- local (x,y) -265.9674408491, -1.4758813510348
EM Calorimeter has 35 hits. Total Edep is 5520.082725473 (MeV)
Hadron Calorimeter has 12 hits. Total Edep is 72.503582284413 (MeV)
... write file : B5.root - done
... write file : B5ntuple.root - done
... close file : B5.root - done
... close file : B5ntuple.root - done
### Run 4 starts.
... create file : B5.root - done
... open analysis file : B5.root - done
... create file : B5ntuple.root - done
... open analysis file : B5.root - done
--> Event 0 starts.

>>> Event 0 >>> Simulation truth : pi+ (-0,0,10000)
Hodoscope 1 has 1 hits.
  Hodoscope[7] 4.9872689408273 (nsec)
Hodoscope 2 has 1 hits.
  Hodoscope[10] 42.694490120632 (nsec)
Drift Chamber 1 has 5 hits.
  Layer[0] : time 6.671598178587 (nsec) --- local (x,y) -0.18540407974898, -0.017954973883092
  Layer[1] : time 8.3395812014337 (nsec) --- local (x,y) -0.2821692914931, 0.016116491136632
  Layer[2] : time 10.007564215191 (nsec) --- local (x,y) -0.3590158205269, 0.048223192485066
  Layer[3] : time 11.675547242738 (nsec) --- local (x,y) -0.44985459629149, 0.088212131883979
  Layer[4] : time 13.343530288128 (nsec) --- local (x,y) -0.5475123643263, 0.15283346120004
Drift Chamber 2 has 5 hits.
  Layer[0] : time 34.366442908734 (nsec) --- local (x,y) -83.299077077536, 0.70996472754459
  Layer[1] : time 36.035322578636 (nsec) --- local (x,y) -99.695612808497, 0.71311373885093
  Layer[2] : time 37.704205521974 (nsec) --- local (x,y) -116.12202987341, 0.72273458548566
  Layer[3] : time 39.373086869718 (nsec) --- local (x,y) -132.53384834396, 0.73088007412282
  Layer[4] : time 41.041965898885 (nsec) --- local (x,y) -148.92442230546, 0.75152825402776
EM Calorimeter has 43 hits. Total Edep is 3186.5417861714 (MeV)
Hadron Calorimeter has 10 hits. Total Edep is 246.19651975137 (MeV)
... write file : B5.root - done
... write file : B5ntuple.root - done
... close file : B5.root - done
... close file : B5ntuple.root - done
### Run 5 starts.
... create file : B5.root - done
... open analysis file : B5.root - done
... create file : B5ntuple.root - done
... open analysis file : B5.root - done
--> Event 0 starts.

>>> Event 0 >>> Simulation truth : e+ (-0,0,10000)
Hodoscope 1 has 1 hits.
  Hodoscope[7] 4.9867832578118 (nsec)
Hodoscope 2 has 1 hits.
  Hodoscope[9] 43.1891302669 (nsec)
Drift Chamber 1 has 5 hits.
  Layer[0] : time 6.6709484857372 (nsec) --- local (x,y) 0.3179757346678, 0.026371820739725
  Layer[1] : time 8.3387690635597 (nsec) --- local (x,y) 0.48796011700413, -0.0046215820370435
  Layer[2] : time 10.006589634723 (nsec) --- local (x,y) 0.65170544619542, -0.036966065967619
  Layer[3] : time 11.674410199787 (nsec) --- local (x,y) 0.81118431511336, -0.061218964750956
  Layer[4] : time 13.342230767498 (nsec) --- local (x,y) 0.96975454655651, -0.10202819260587
Drift Chamber 2 has 5 hits.
  Layer[0] : time 34.85177407821 (nsec) --- local (x,y) -146.19703967263, -1.2419143261018
  Layer[1] : time 36.522521405952 (nsec) --- local (x,y) -175.83148800932, -1.3711015491884
  Layer[2] : time 38.193266424936 (nsec) --- local (x,y) -205.45412273724, -1.5241464903763
  Layer[3] : time 39.864010793385 (nsec) --- local (x,y) -235.07343814918, -1.6814719451124
  Layer[4] : time 41.534756581486 (nsec) --- local (x,y) -264.70003076186, -1.8225364632823
EM Calorimeter has 21 hits. Total Edep is 9531.9602990229 (MeV)
Hadron Calorimeter has 2 hits. Total Edep is 2.9692412326615 (MeV)
... write file : B5.root - done
... write file : B5ntuple.root - done
... close file : B5.root - done
... close file : B5ntuple.root - done
### Run 6 starts.
... create file : B5.root - done
... open analysis file : B5.root - done
... create file : B5ntuple.root - done
... open analysis file : B5.root - done
--> Event 0 starts.

>>> Event 0 >>> Simulation truth : proton (-0,0,1000)
Hodoscope 1 has 1 hits.
  Hodoscope[7] 6.8389653894162 (nsec)
Hodoscope 2 has 1 hits.
  Hodoscope[9] 59.414030613283 (nsec)
Drift Chamber 1 has 5 hits.
  Layer[0] : time 9.1535472295615 (nsec) --- local (x,y) 3.9242880663675, -2.3223277597503
  Layer[1] : time 11.445913880754 (nsec) --- local (x,y) 6.1051283528691, -4.7562282852776
  Layer[2] : time 13.738594317797 (nsec) --- local (x,y) 8.2060972713787, -7.3916764135577
  Layer[3] : time 16.031440726837 (nsec) --- local (x,y) 9.1167949427424, -10.409717895956
  Layer[4] : time 18.324464670943 (nsec) --- local (x,y) 9.8797520410833, -13.761769931906
Drift Chamber 2 has 5 hits.
  Layer[0] : time 47.931254926714 (nsec) --- local (x,y) -150.92508513829, -38.799221297642
  Layer[1] : time 50.231956261967 (nsec) --- local (x,y) -183.06651146004, -41.167235777761
  Layer[2] : time 52.532896525684 (nsec) --- local (x,y) -215.35978390815, -43.643792308767
  Layer[3] : time 54.83401828115 (nsec) --- local (x,y) -247.5985340151, -46.151823258402
  Layer[4] : time 57.135226909141 (nsec) --- local (x,y) -279.42426110307, -48.874006615612
EM Calorimeter has 2 hits. Total Edep is 284.31831774774 (MeV)
Hadron Calorimeter has 0 hits. Total Edep is 0 (MeV)
... write file : B5.root - done
... write file : B5ntuple.root - done
... close file : B5.root - done
... close file : B5ntuple.root - done
### Run 7 starts.
... create file : B5.root - done
... open analysis file : B5.root - done
... create file : B5ntuple.root - done
... open analysis file : B5.root - done
--> Event 0 starts.

>>> Event 0 >>> Simulation truth : pi+ (0,0,1000)
Hodoscope 1 has 2 hits.
  Hodoscope[7] 5.0353353976119 (nsec)
  Hodoscope[6] 5.0738421372996 (nsec)
Hodoscope 2 has 2 hits.
  Hodoscope[10] 43.170728535296 (nsec)
  Hodoscope[20] 197.14553896214 (nsec)
Drift Chamber 1 has 7 hits.
  Layer[0] : time 6.7362314754309 (nsec) --- local (x,y) 2.4702579640433, -0.80573610744509
  Layer[0] : time 7.0430231219556 (nsec) --- local (x,y) -359.08692629326, 160.47368056725
  Layer[1] : time 8.4206254922041 (nsec) --- local (x,y) 4.0935063135536, -1.9143153400884
  Layer[1] : time 8.9785452806523 (nsec) --- local (x,y) -638.03006612109, 245.47188530507
  Layer[2] : time 10.105029636069 (nsec) --- local (x,y) 5.5232375482669, -3.2149335268301
  Layer[3] : time 11.789437280066 (nsec) --- local (x,y) 7.1023918597678, -4.3712096315406
  Layer[4] : time 13.473849763721 (nsec) --- local (x,y) 8.6280147410211, -5.6461547949856
Drift Chamber 2 has 5 hits.
  Layer[0] : time 34.752968016657 (nsec) --- local (x,y) -112.86940072164, -11.196677138088
  Layer[1] : time 36.439786262617 (nsec) --- local (x,y) -139.4530152055, -11.158844306926
  Layer[2] : time 38.126625211207 (nsec) --- local (x,y) -166.14122668106, -11.291623697804
  Layer[3] : time 39.813490069916 (nsec) --- local (x,y) -192.95492358202, -11.746409383299
  Layer[4] : time 41.500379738944 (nsec) --- local (x,y) -219.88798245448, -12.308303615318
EM Calorimeter has 21 hits. Total Edep is 571.5459912433 (MeV)
Hadron Calorimeter has 1 hits. Total Edep is 0.41192920048911 (MeV)
... write file : B5.root - done
... write file : B5ntuple.root - done
... close file : B5.root - done
... close file : B5ntuple.root - done
### Run 8 starts.
... create file : B5.root - done
... open analysis file : B5.root - done
... create file : B5ntuple.root - done
... open analysis file : B5.root - done
--> Event 0 starts.

>>> Event 0 >>> Simulation truth : e+ (-0,0,1000)
Hodoscope 1 has 1 hits.
  Hodoscope[7] 4.9867882343367 (nsec)
Hodoscope 2 has 1 hits.
  Hodoscope[9] 43.201670474922 (nsec)
Drift Chamber 1 has 5 hits.
  Layer[0] : time 6.6709602073884 (nsec) --- local (x,y) 2.5346880463272, 1.8903419773009
  Layer[1] : time 8.3387852011929 (nsec) --- local (x,y) 3.4196987465956, 2.5798301474193
  Layer[2] : time 10.006608162262 (nsec) --- local (x,y) 3.9899870597444, 3.1708827992832
  Layer[3] : time 11.674429501419 (nsec) --- local (x,y) 4.4098913188947, 3.2730926546714
  Layer[4] : time 13.342251126512 (nsec) --- local (x,y) 4.8854399810623, 3.0752752827926
Drift Chamber 2 has 5 hits.
  Layer[0] : time 34.861801828212 (nsec) --- local (x,y) -148.58649098715, 4.536034131285
  Layer[1] : time 36.532990020331 (nsec) --- local (x,y) -180.37438664212, 4.8076243929591
  Layer[2] : time 38.204204037394 (nsec) --- local (x,y) -212.28374570593, 5.1454897593027
  Layer[3] : time 39.875424174609 (nsec) --- local (x,y) -244.22080727331, 5.5775596437259
  Layer[4] : time 41.546691392851 (nsec) --- local (x,y) -276.37864469471, 6.0038863167065
EM Calorimeter has 7 hits. Total Edep is 976.86258213778 (MeV)
Hadron Calorimeter has 0 hits. Total Edep is 0 (MeV)
... write file : B5.root - done
... write file : B5ntuple.root - done
... close file : B5.root - done
... close file : B5ntuple.root - done
Graphics systems deleted.
Visualization Manager deleting...
