#include "Arguments.H"
b/i  #include "Average.H"
b/i  #include "Collision.H"
b/i  #include "DistributionFunction.H"
#include "Error.H"
b/i  #include "EventHandling.H"
b/i  #include "Geometry.H"
b/i  #include "HadronGas.H"
b/i  #include "HeatBath.H"
#include "InputReader.H"
#include "InputVariable.H"
b/i  #include "Kinematics.H"
#include "MathTools.H"
b/i  #include "Memory.H"
#include "MultiIndex.H"
b/i  #include "Nbody.H"
b/i  ----------Nbody.H:#include "Nbody.iC"
b/i  #include "ParticleBase.H"
b/i  #include "ParticleKinematics.H"
b/i  #include "ParticleProperties.H"
b/i  #include "ParticleType.H"
b/i  ----------ParticleType.H:#include "ReadList.H"
b/i  ----------ReadList.H:#include "ReadList.tC"
b/i  #include "Permutations.H"
b/i  ----------Permutations.H:#include "Permutations.tC"
b/i  #include "Potentials.H"
b/i  ----------PotentialBase.H
b/i  #include "Propagation.H"
b/i  ----------Propagation.iC
b/i  #include "Quarkbox.H"
#include "Random.H"
#include "RunningVariable.H"
#include "StreamBuffer.H"
#include "String.H"
b/i  #include "ThermDist.H"
b/i  #include "Tree.H"
b/i  ----------Tree.H:#include "Tree.tC" 
b/i  #include "Volume.H"
b/i  ----------Volume.H:#include "Volume.tC"
b/i  #include "array.H"
b/i  ----------array.H:#include "array.tC"
b/i  #include "bessel.H"
b/i  #include "clebsch.H"
b/i  #include "genericRead.H"
#include "globals.hh"
b/i  #include "iso.H"
b/i  #include "math.H"
b/i  #include "metropolis.H"
b/i  #include "newBinning.H"
#include "newvector.H"
b/i  #include "output.H"
b/i  #include "outputList.H"
b/i  #include "reactionChannels.H"
#include <algo.h>
#include <algobase.h>
#include <ctype.h>
#include <fstream.h>
#include <iomanip.h>
#include <iostream.h>
#include <math.h>
#include <stdlib.h>
#include <string.h>
#include <strstream.h>
#include <vector.h>
//#include "Event.H"
//#include "double.H"
//#include "outputList.H"
