b/i  #include "Average.H"
b/i  #include "DistributionFunction.H"
#include "Error.H"
b/i  #include "EventHandling.H"
#include "Fallible.H"
b/i  #include "Geometry.H"
b/i  #include "HadronGas.H"
#include "MathTools.H"
b/i  #include "Memory.H"
b/i  #include "Nbody.H"
b/i  #include "Nbody.iC"
b/i  #include "ParticleBase.H"
b/i  #include "ParticleProperties.H"
b/i  #include "ParticleType.H"
#include "Pattern.H"
b/i  #include "Permutations.tC"
b/i  #include "PotentialBase.H"
b/i  #include "Propagation.H"
b/i  #include "Propagation.iC"
#include "Random.H"
b/i  #include "ReadList.H"
b/i  #include "ReadList.tC"
#include "String.H"
b/i  #include "ThermDist.H"
b/i  #include "Tree.H"
b/i  #include "Tree.tC"
b/i  #include "Volume.tC"
b/i  #include "array.tC"
b/i  #include "bessel.H"
#include "double.H"
b/i  #include "genericRead.H"
#include "globals.hh"
b/i  #include "math.H"
b/i  #include "metropolis.H"
b/i  #include "newBinning.H"
#include "newvector.H"
b/i  #include "reactionChannels.H"
#include "undef.H"
#include <fstream.h>
#include <iomanip.h>
#include <iostream.h>
#include <list.h>
#include <math.h>
#include <stdarg.h>
#include <string.h>
#include <strstream.h>
#include <vector.h>
//#include "matrix_t.H"
//#include "vector.H"
