Evt     Eprim   Etot    LXe     LXeTime PMT     PMTTime Seed1           Seed2           First   Flags
#       MeV     MeV     hits    ns      hits    ns                                      hit

2     	0.0600	0.0600	60	0x1.c87199d896f49p-18	56	0x1.60eac8ccc181ap+5	1	8202504	gamma	gamma electron 
7     	0x1.eb851eb851eb9p-5	0x1.eb851eb851eb8p-5	52	0x1.abe2ad0f69037p-16	50	0x1.a66c26818ba27p+5	1	8202504	gamma	gamma electron 
9     	0x1.eb851eb851eb9p-5	0x1.eb851eb851eb6p-5	53	0x1.dded8ff6aee4p-17	62	0x1.7517d92a4c362p+5	1	8202504	gamma	gamma electron 
11    	0x1.eb851eb851eb9p-5	0x1.eb851eb851eb5p-5	57	0x1.6dea7838e2656p-18	64	0x1.76fce58e5a3a1p+5	1	8202504	gamma	gamma electron 
15    	0x1.eb851eb851eb9p-5	0x1.eb851eb851ebbp-5	59	0x1.58d82a3f2e10ep-18	62	0x1.4d021973055b5p+5	1	8202504	gamma	gamma electron 
18    	0x1.eb851eb851eb9p-5	0x1.ef1a6a0e91934p-6	33	0x1.c959aa2ecb93cp-17	30	0x1.b81fb8aa8a504p+5	1	8202504	gamma	gamma electron 
21    	0x1.eb851eb851eb9p-5	0x1.ef1a6a0e91934p-6	28	0x1.6d8ef219f4473p-18	24	0x1.407896ff76705p+5	1	8202504	gamma	gamma electron 
24    	0x1.eb851eb851eb9p-5	0x1.eb851eb851eb8p-5	43	0x1.813449db90b9bp-18	68	0x1.1bca5277b1e56p+5	1	8202504	gamma	gamma electron 
31    	0x1.eb851eb851eb9p-5	0x1.b00e5024db81ep-6	20	0x1.80fb9ed56d88ap-18	6	0x1.154b14c5f2d9bp+6	1	8202504	gamma	gamma electron 
33    	0x1.eb851eb851eb9p-5	0x1.eb851eb851eb7p-5	57	0x1.0ea87e0fb564cp-8	93	0x1.97231d85518f3p+5	1	8202504	gamma	gamma electron 
36    	0x1.eb851eb851eb9p-5	0x1.eb851eb851eb8p-5	53	0x1.b68aaa19f1027p-17	49	0x1.7e9e2794f127dp+5	1	8202504	gamma	gamma electron 
41    	0x1.eb851eb851eb9p-5	0x1.e19c65709649cp-5	53	0x1.bda3128c0542fp-10	131	0x1.2541791a43c61p+5	1	8202504	gamma	gamma electron 
42    	0x1.eb851eb851eb9p-5	0x1.eb851eb851eb8p-5	54	0x1.0bb8c797f076cp-17	62	0x1.89f7270fba065p+5	1	8202504	gamma	gamma electron 
46    	0x1.eb851eb851eb9p-5	0x1.eb851eb851eb9p-5	57	0x1.8196baae15972p-18	66	0x1.7ac43679c5fb1p+5	1	8202504	gamma	gamma electron 
50    	0x1.eb851eb851eb9p-5	0x1.eb851eb851ebap-5	41	0x1.dcf5689a688f1p-18	64	0x1.7f5cead0d3d3p+5	1	8202504	gamma	gamma electron 
51    	0x1.eb851eb851eb9p-5	0x1.eb851eb851eb8p-5	53	0x1.9b40881138867p-17	55	0x1.cb290f054183dp+5	1	8202504	gamma	gamma electron 
53    	0x1.eb851eb851eb9p-5	0x1.eb851eb851eb6p-5	61	0x1.0dd121266756dp-17	69	0x1.6f15181d6269p+5	1	8202504	gamma	gamma electron 
55    	0x1.eb851eb851eb9p-5	0x1.eb851eb851ebap-5	51	0x1.02dcb92685269p-17	60	0x1.4c1ebb9b57729p+5	1	8202504	gamma	gamma electron 
60    	0x1.eb851eb851eb9p-5	0x1.eb851eb851eb6p-5	75	0x1.080324607acf5p-14	61	0x1.ce56c852c2661p+5	1	8202504	gamma	gamma electron 
64    	0x1.eb851eb851eb9p-5	0x1.eb851eb851ebap-5	54	0x1.47551d93cbafep-15	45	0x1.cfb47cead7f51p+5	1	8202504	gamma	gamma electron 
76    	0x1.eb851eb851eb9p-5	0x1.eb851eb851eb8p-5	52	0x1.8c6c4e11c81f8p-18	66	0x1.2b87b5d372cd3p+5	1	8202504	gamma	gamma electron 
78    	0x1.eb851eb851eb9p-5	0x1.b00e5024db81cp-6	27	0x1.1ae10d6cb35d8p-16	22	0x1.1d843499f0e09p+5	1	8202504	gamma	gamma electron 
79    	0x1.eb851eb851eb9p-5	0x1.eb851eb851eb9p-5	64	0x1.5668faedde472p-16	56	0x1.86f290d89bcc8p+5	1	8202504	gamma	gamma electron 
82    	0x1.eb851eb851eb9p-5	0x1.eb851eb851eb8p-5	59	0x1.cf6b059d71d92p-18	69	0x1.363459d5c3e6ap+5	1	8202504	gamma	gamma electron 
84    	0x1.eb851eb851eb9p-5	0x1.ef1a6a0e91935p-6	25	0x1.2e879fa7d94a9p-13	12	0x1.6aff3b009c11ap+5	1	8202504	gamma	gamma electron 
88    	0x1.eb851eb851eb9p-5	0x1.ef1a6a0e91937p-6	24	0x1.0a1b66529a632p-15	24	0x1.30b3e552074bfp+5	1	8202504	gamma	gamma electron 
91    	0x1.eb851eb851eb9p-5	0x1.a34ca0c282c6ep-6	24	0x1.1d344341c98p-17	30	0x1.781cd263a0876p+5	1	8202504	gamma	gamma electron 
92    	0x1.eb851eb851eb9p-5	0x1.ef1a6a0e91931p-6	24	0x1.c60222a02efc4p-18	21	0x1.7043e8abbe4ccp+5	1	8202504	gamma	gamma electron 
95    	0x1.eb851eb851eb9p-5	0x1.f47f2ddd88dccp-6	32	0x1.6bc94dea245e6p-18	24	0x1.52ddeeb8b598ap+5	1	8202504	gamma	gamma electron 
96    	0x1.eb851eb851eb9p-5	0x1.eb851eb851ebcp-5	60	0x1.fb0bd6493b128p-10	168	0x1.644b2cd1dad39p+5	1	8202504	gamma	gamma electron 
97    	0x1.eb851eb851eb9p-5	0x1.ef1a6a0e91932p-6	31	0x1.937cf257e7f44p-17	26	0x1.40b4b0f6482dp+5	1	8202504	gamma	gamma electron 
99    	0x1.eb851eb851eb9p-5	0x1.be85e22cb0622p-7	18	0x1.541a5b6a06cabp-16	12	0x1.5dfdeb45ff95cp+5	1	8202504	gamma	gamma electron 
102   	0x1.eb851eb851eb9p-5	0x1.eb851eb851ebap-5	54	0x1.ee07ef825cba7p-16	52	0x1.4eff80af4fdddp+5	1	8202504	gamma	gamma electron 
103   	0x1.eb851eb851eb9p-5	0x1.eb851eb851eb9p-5	40	0x1.b75ee8501ae6dp-10	60	0x1.6b7bf8da35bfcp+5	1	8202504	gamma	gamma electron 
104   	0x1.eb851eb851eb9p-5	0x1.eb851eb851eb8p-5	66	0x1.571544b2a24d2p-17	36	0x1.a5efbf8d6dd0cp+5	1	8202504	gamma	gamma electron 
114   	0x1.eb851eb851eb9p-5	0x1.bd96b9076d931p-6	59	0x1.874ba8d165a2ep-10	15	0x1.a09873f44d3a5p+5	1	8202504	e-	electron 
115   	0x1.eb851eb851eb9p-5	0x1.eb851eb851eb7p-5	45	0x1.687f9ef48ee9ep-18	67	0x1.7d8ba35f129edp+5	1	8202504	gamma	gamma electron 
120   	0x1.eb851eb851eb9p-5	0x1.ef1a6a0e91935p-6	29	0x1.50e0979092de6p-18	24	0x1.bc6237243e86fp+5	1	8202504	gamma	gamma electron 
122   	0x1.eb851eb851eb9p-5	0x1.eb851eb851ebbp-5	67	0x1.b3ed97b192d21p-15	62	0x1.6d1d9007d2a5ap+5	1	8202504	gamma	gamma electron 
126   	0x1.eb851eb851eb9p-5	0x1.b116228134481p-6	22	0x1.d91c5efab7567p-17	20	0x1.33a093cf14863p+5	1	8202504	gamma	gamma electron 
132   	0x1.eb851eb851eb9p-5	0x1.ef1a6a0e91934p-6	37	0x1.66ef1ba695904p-10	23	0x1.f772ac95ddf73p+4	1	8202504	gamma	gamma electron 
136   	0x1.eb851eb851eb9p-5	0x1.eb851eb851eb7p-5	57	0x1.1f472ef3c70d6p-17	57	0x1.ab0f78989d958p+5	1	8202504	gamma	gamma electron 
137   	0x1.eb851eb851eb9p-5	0x1.eb851eb851ebbp-5	55	0x1.b14cc51cb4afcp-18	61	0x1.565eb65fd8613p+5	1	8202504	gamma	gamma electron 
138   	0x1.eb851eb851eb9p-5	0x1.eb851eb851ebap-5	54	0x1.c334081131e42p-18	68	0x1.4ced9713f107fp+5	1	8202504	gamma	gamma electron 
142   	0x1.eb851eb851eb9p-5	0x1.eb851eb851eb7p-5	62	0x1.7c7279a5aee0ep-18	65	0x1.73ad2395fedabp+5	1	8202504	gamma	gamma electron 
143   	0x1.eb851eb851eb9p-5	0x1.eb851eb851eb9p-5	56	0x1.0474d58a57f81p-17	67	0x1.04432ad261b82p+5	1	8202504	gamma	gamma electron 
145   	0x1.eb851eb851eb9p-5	0x1.ef1a6a0e91937p-6	35	0x1.2a85d6a2594cbp-17	23	0x1.4a14ee619aa66p+5	1	8202504	gamma	gamma electron 
147   	0x1.eb851eb851eb9p-5	0x1.eb851eb851eb6p-5	51	0x1.ba3bf1ccaa5dep-18	43	0x1.4f52258fa1aebp+5	1	8202504	gamma	gamma electron 
148   	0x1.eb851eb851eb9p-5	0x1.eb851eb851eb8p-5	56	0x1.031a9a58465e7p-17	74	0x1.4538657106422p+5	1	8202504	gamma	gamma electron 
150   	0x1.eb851eb851eb9p-5	0x1.eb851eb851eb8p-5	59	0x1.ace585cc3ed43p-18	82	0x1.6c3de5af5e573p+5	1	8202504	gamma	gamma electron 
155   	0x1.eb851eb851eb9p-5	0x1.eb851eb851eb8p-5	62	0x1.2bffd3f83af2dp-9	141	0x1.328b9f64fc55fp+5	1	8202504	gamma	gamma electron 
156   	0x1.eb851eb851eb9p-5	0x1.eb851eb851eb8p-5	48	0x1.f9381cdb91227p-16	55	0x1.49c3a6e33082bp+5	1	8202504	gamma	gamma electron 
159   	0x1.eb851eb851eb9p-5	0x1.eb851eb851eb5p-5	51	0x1.bbc012634ca86p-18	51	0x1.bc9b923a8962ap+5	1	8202504	gamma	gamma electron 
162   	0x1.eb851eb851eb9p-5	0x1.ef1a6a0e91933p-6	27	0x1.eeb6b60349423p-18	29	0x1.b67f22141c7d9p+5	1	8202504	gamma	gamma electron 
164   	0x1.eb851eb851eb9p-5	0x1.eb851eb851eb7p-5	54	0x1.54eb12d4fe91p-18	55	0x1.1b43a89878e84p+5	1	8202504	gamma	gamma electron 
165   	0x1.eb851eb851eb9p-5	0x1.eb851eb851eb8p-5	46	0x1.7ce5aa43da82fp-10	141	0x1.6837e90a529bdp+5	1	8202504	gamma	gamma electron 
167   	0x1.eb851eb851eb9p-5	0x1.eb851eb851eb7p-5	49	0x1.71149c98d60bep-16	30	0x1.7bf140c27c748p+5	1	8202504	gamma	gamma electron 
168   	0x1.eb851eb851eb9p-5	0x1.77f5f9415a884p-6	42	0x1.0abd2efe58145p-14	23	0x1.8270273ede474p+5	1	8202504	gamma	gamma electron 
169   	0x1.eb851eb851eb9p-5	0x1.eb851eb851eb8p-5	61	0x1.2716e3a79da43p-16	54	0x1.686110195c0e7p+5	1	8202504	gamma	gamma electron 
173   	0x1.eb851eb851eb9p-5	0x1.eb851eb851eb3p-5	63	0x1.886d020bef462p-18	54	0x1.536fe7bb29582p+5	1	8202504	gamma	gamma electron 
174   	0x1.eb851eb851eb9p-5	0x1.ef1a6a0e91931p-6	27	0x1.0784945c89a8ap-15	29	0x1.7bab82382d5c4p+5	1	8202504	gamma	gamma electron 
175   	0x1.eb851eb851eb9p-5	0x1.eb851eb851ebap-5	60	0x1.f5f36355f9211p-17	64	0x1.715ebb0cadf3bp+5	1	8202504	gamma	gamma electron 
180   	0x1.eb851eb851eb9p-5	0x1.eb851eb851eb8p-5	56	0x1.05d4d41c67d68p-9	100	0x1.a3f64eee7adf3p+5	1	8202504	gamma	gamma electron 
183   	0x1.eb851eb851eb9p-5	0x1.aec586b5c5942p-5	68	0x1.2a3763c7ecd51p-14	41	0x1.d17da65f5507bp+5	1	8202504	e-	electron 
184   	0x1.eb851eb851eb9p-5	0x1.eb851eb851eb7p-5	76	0x1.2e264dd940daap-10	58	0x1.1d20a1f46f5d3p+5	1	8202504	gamma	gamma electron 
185   	0x1.eb851eb851eb9p-5	0x1.f47f2ddd88dcep-6	25	0x1.db7514c503b78p-13	22	0x1.97c850a8e912dp+5	1	8202504	gamma	gamma electron 
187   	0x1.eb851eb851eb9p-5	0x1.ef1a6a0e91931p-6	29	0x1.5a47c47c212ffp-18	22	0x1.31899436a2299p+5	1	8202504	gamma	gamma electron 
189   	0x1.eb851eb851eb9p-5	0x1.eb851eb851eb8p-5	60	0x1.df8b3d4e9f4b2p-18	78	0x1.6f5f84895a54cp+5	1	8202504	gamma	gamma electron 
191   	0x1.eb851eb851eb9p-5	0x1.eb851eb851ebap-5	53	0x1.5abd8ff0df3f4p-18	55	0x1.908a809b894e9p+5	1	8202504	gamma	gamma electron 
193   	0x1.eb851eb851eb9p-5	0x1.eb851eb851eb7p-5	84	0x1.7f2ca1492b5d5p-18	56	0x1.8ecd0550f7452p+5	1	8202504	gamma	gamma electron 
197   	0x1.eb851eb851eb9p-5	0x1.eb851eb851eb8p-5	50	0x1.98ca19d201f77p-16	54	0x1.6902eb24d0f5ep+5	1	8202504	gamma	gamma electron 
198   	0x1.eb851eb851eb9p-5	0x1.eb851eb851ebap-5	43	0x1.061c275605f97p-17	48	0x1.c6acda254494p+5	1	8202504	gamma	gamma electron 
199   	0x1.eb851eb851eb9p-5	0x1.eb851eb851eb8p-5	56	0x1.010d7b63d3ce6p-17	56	0x1.9fbb0c69ab06p+5	1	8202504	gamma	gamma electron 
201   	0x1.eb851eb851eb9p-5	0x1.eb851eb851eb8p-5	54	0x1.28748bc26fa96p-17	64	0x1.1046d6b53f8a1p+5	1	8202504	gamma	gamma electron 
202   	0x1.eb851eb851eb9p-5	0x1.b00e5024db81bp-6	31	0x1.fdca89b753aa1p-18	25	0x1.c4c1ac0f3191ep+5	1	8202504	gamma	gamma electron 
204   	0x1.eb851eb851eb9p-5	0x1.eb851eb851eb6p-5	86	0x1.a675337b0e0e6p-14	56	0x1.8182d87c71544p+5	1	8202504	gamma	gamma electron 
208   	0x1.eb851eb851eb9p-5	0x1.eb851eb851eb8p-5	56	0x1.9b1b7d7cd8c57p-17	56	0x1.32fd7e4553f2cp+5	1	8202504	gamma	gamma electron 
213   	0x1.eb851eb851eb9p-5	0x1.b00e5024db81ap-6	13	0x1.1bb77b2a8705fp-17	26	0x1.45e909d9f7b0bp+5	1	8202504	gamma	gamma electron 
214   	0x1.eb851eb851eb9p-5	0x1.eb851eb851eb8p-5	57	0x1.ae12bdc4b8564p-18	56	0x1.5724304ca6d94p+5	1	8202504	gamma	gamma electron 
216   	0x1.eb851eb851eb9p-5	0x1.eb851eb851eb7p-5	63	0x1.aa80a5cef198ap-10	163	0x1.6dcfe4bc0f16ep+5	1	8202504	gamma	gamma electron 
221   	0x1.eb851eb851eb9p-5	0x1.eb851eb851eb6p-5	57	0x1.f294fcb418d0fp-14	59	0x1.68c09523f18fbp+5	1	8202504	gamma	gamma electron 
228   	0x1.eb851eb851eb9p-5	0x1.eb851eb851eb9p-5	60	0x1.f1c373bcea42ep-16	57	0x1.31ac9d8bd6fc6p+5	1	8202504	gamma	gamma electron 
230   	0x1.eb851eb851eb9p-5	0x1.eb851eb851eb7p-5	53	0x1.75b5a2d68df88p-18	52	0x1.876b0eba37564p+5	1	8202504	gamma	gamma electron 
231   	0x1.eb851eb851eb9p-5	0x1.eb851eb851eb9p-5	53	0x1.3e829058fc9c3p-9	71	0x1.6e41e62c96d53p+5	1	8202504	gamma	gamma electron 
233   	0x1.eb851eb851eb9p-5	0x1.eb851eb851eb7p-5	68	0x1.1196c30cd14e2p-17	54	0x1.89d80b936fc6dp+5	1	8202504	gamma	gamma electron 
234   	0x1.eb851eb851eb9p-5	0x1.eb851eb851eb9p-5	62	0x1.b0455774f9b57p-18	51	0x1.4f1886e6e4756p+5	1	8202504	gamma	gamma electron 
237   	0x1.eb851eb851eb9p-5	0x1.eb851eb851eb8p-5	56	0x1.2ba466608348ep-16	55	0x1.65208ce110643p+5	1	8202504	gamma	gamma electron 
239   	0x1.eb851eb851eb9p-5	0x1.eb851eb851eb6p-5	72	0x1.1d412632ba2fdp-17	51	0x1.56a8fc58274dp+5	1	8202504	gamma	gamma electron 
241   	0x1.eb851eb851eb9p-5	0x1.eb851eb851ebbp-5	52	0x1.b08a80789c737p-10	48	0x1.9061a7d4e4efap+5	1	8202504	gamma	gamma electron 
244   	0x1.eb851eb851eb9p-5	0x1.eb851eb851ebap-5	51	0x1.5fec6329b96fbp-10	67	0x1.a64888c196c23p+5	1	8202504	gamma	gamma electron 
251   	0x1.eb851eb851eb9p-5	0x1.eb851eb851eb7p-5	63	0x1.795378faaa0e9p-10	170	0x1.7ed87e184dd71p+5	1	8202504	gamma	gamma electron 
252   	0x1.eb851eb851eb9p-5	0x1.c161d614fc178p-5	77	0x1.750be16e3203bp-17	58	0x1.5cbd9c8051833p+5	1	8202504	gamma	gamma electron 
253   	0x1.eb851eb851eb9p-5	0x1.eb851eb851eb8p-5	45	0x1.f918bad82dcebp-18	49	0x1.044f4a9f4f179p+5	1	8202504	gamma	gamma electron 
256   	0x1.eb851eb851eb9p-5	0x1.f47f2ddd88dcap-6	26	0x1.03dfa88df30dep-17	23	0x1.90d81dc59a7cdp+5	1	8202504	gamma	gamma electron 
257   	0x1.eb851eb851eb9p-5	0x1.eb851eb851eb7p-5	66	0x1.c5570b4722eabp-18	61	0x1.761db1cf78ef4p+5	1	8202504	gamma	gamma electron 
261   	0x1.eb851eb851eb9p-5	0x1.ef1a6a0e91936p-6	23	0x1.0a238e2047fa7p-16	31	0x1.9cbcce234ac5dp+5	1	8202504	gamma	gamma electron 
265   	0x1.eb851eb851eb9p-5	0x1.eb851eb851ebbp-5	43	0x1.61948d3a761b4p-16	57	0x1.4ad5697012b22p+5	1	8202504	gamma	gamma electron 
266   	0x1.eb851eb851eb9p-5	0x1.307107e7150eep-6	17	0x1.1b7f858ebb3ap-10	20	0x1.7ba6f6edbac71p+5	1	8202504	gamma	gamma electron 
270   	0x1.eb851eb851eb9p-5	0x1.eb851eb851ebap-5	57	0x1.97954d4877829p-18	79	0x1.a134798c8e8d5p+5	1	8202504	gamma	gamma electron 
271   	0x1.eb851eb851eb9p-5	0x1.eb851eb851eb9p-5	51	0x1.962a29b6b2b3p-15	64	0x1.852e71bc4cfa2p+5	1	8202504	gamma	gamma electron 
274   	0x1.eb851eb851eb9p-5	0x1.eb851eb851eb7p-5	49	0x1.5aa1e1b44f07p-18	50	0x1.8d092906b7c4fp+5	1	8202504	gamma	gamma electron 
276   	0x1.eb851eb851eb9p-5	0x1.eb851eb851eb8p-5	57	0x1.51a262050de7cp-18	69	0x1.441f3167a77bfp+5	1	8202504	gamma	gamma electron 
277   	0x1.eb851eb851eb9p-5	0x1.eb851eb851eb7p-5	34	0x1.9a6615f4bfd73p-10	63	0x1.a31dc95637177p+5	1	8202504	gamma	gamma electron 
279   	0x1.eb851eb851eb9p-5	0x1.eb851eb851eb9p-5	52	0x1.5e3a5ad1fa146p-10	153	0x1.8c15cd9353df5p+5	1	8202504	gamma	gamma electron 
283   	0x1.eb851eb851eb9p-5	0x1.eb851eb851eb5p-5	60	0x1.a6d742abef032p-18	63	0x1.73574ab0b679p+5	1	8202504	gamma	gamma electron 
285   	0x1.eb851eb851eb9p-5	0x1.b00e5024db81ap-6	22	0x1.e07284d626453p-18	33	0x1.0cdea06d51b26p+5	1	8202504	gamma	gamma electron 
288   	0x1.eb851eb851eb9p-5	0x1.0fc0d2c386d2ep-6	16	0x1.35e530eb997fp-12	17	0x1.7e43f8ece1a51p+5	1	8202504	gamma	gamma electron 
290   	0x1.eb851eb851eb9p-5	0x1.eb851eb851eb8p-5	69	0x1.4e6e192dac462p-13	43	0x1.d19c8890a6ef9p+5	1	8202504	gamma	gamma electron 
292   	0x1.eb851eb851eb9p-5	0x1.eb851eb851eb9p-5	64	0x1.28d0c9cd90c63p-14	52	0x1.844f221230c14p+5	1	8202504	gamma	gamma electron 
293   	0x1.eb851eb851eb9p-5	0x1.eb851eb851eb7p-5	63	0x1.897c0a0371873p-18	57	0x1.2b6e57e9adc35p+5	1	8202504	gamma	gamma electron 
294   	0x1.eb851eb851eb9p-5	0x1.eb851eb851eb9p-5	55	0x1.ad2b27d4303f7p-18	68	0x1.53afb3364469bp+5	1	8202504	gamma	gamma electron 
298   	0x1.eb851eb851eb9p-5	0x1.604870576285bp-5	71	0x1.51e1cd18270a5p-15	35	0x1.8f43ad6ccd68bp+5	1	8202504	e-	electron 
300   	0x1.eb851eb851eb9p-5	0x1.6425bf17ccf97p-6	36	0x1.30f4613051503p-12	20	0x1.d3e74f53311a1p+5	1	8202504	gamma	gamma electron 
302   	0x1.eb851eb851eb9p-5	0x1.eb851eb851ebbp-5	59	0x1.36ba64085d71p-14	49	0x1.5c9dd9a996b9p+5	1	8202504	gamma	gamma electron 
307   	0x1.eb851eb851eb9p-5	0x1.eb851eb851ebbp-5	69	0x1.ec0e2c9dffc1p-10	65	0x1.5de18850d76e3p+5	1	8202504	gamma	gamma electron 
308   	0x1.eb851eb851eb9p-5	0x1.ef1a6a0e91939p-6	48	0x1.ee175dc1280cbp-9	50	0x1.52811dba40f3ap+5	1	8202504	gamma	gamma electron 
309   	0x1.eb851eb851eb9p-5	0x1.eb851eb851ebbp-5	65	0x1.93aedd0453878p-18	56	0x1.7d66e828a0cf2p+5	1	8202504	gamma	gamma electron 
315   	0x1.eb851eb851eb9p-5	0x1.eb851eb851eb3p-5	73	0x1.8a05317846c61p-10	178	0x1.45a736cacafdp+5	1	8202504	gamma	gamma electron 
316   	0x1.eb851eb851eb9p-5	0x1.f47f2ddd88dcdp-6	27	0x1.010549671ffebp-15	32	0x1.51fcb4997d2cfp+5	1	8202504	gamma	gamma electron 
317   	0x1.eb851eb851eb9p-5	0x1.b116228134482p-6	14	0x1.97d54c828096ap-17	20	0x1.408a79d7f5047p+5	1	8202504	gamma	gamma electron 
319   	0x1.eb851eb851eb9p-5	0x1.eb851eb851eb8p-5	56	0x1.9632635d55e79p-10	162	0x1.5d85dd7590b44p+5	1	8202504	gamma	gamma electron 
321   	0x1.eb851eb851eb9p-5	0x1.eb851eb851eb4p-5	62	0x1.31909391a4314p-8	57	0x1.4007fa139d5d7p+5	1	8202504	gamma	gamma electron 
323   	0x1.eb851eb851eb9p-5	0x1.eb851eb851ebap-5	50	0x1.4e853aa1b196ep-16	44	0x1.82bb9ba96c5a7p+5	1	8202504	gamma	gamma electron 
324   	0x1.eb851eb851eb9p-5	0x1.eb851eb851ebap-5	45	0x1.391dee5228687p-16	48	0x1.2204b72deecafp+5	1	8202504	gamma	gamma electron 
326   	0x1.eb851eb851eb9p-5	0x1.eb851eb851eb6p-5	60	0x1.612dfec541211p-18	51	0x1.3d978f3168975p+5	1	8202504	gamma	gamma electron 
328   	0x1.eb851eb851eb9p-5	0x1.eb851eb851ebap-5	50	0x1.7d30b2472a819p-15	59	0x1.5c712a9f48d8dp+5	1	8202504	gamma	gamma electron 
331   	0x1.eb851eb851eb9p-5	0x1.ef1a6a0e91938p-6	25	0x1.f646b44a7801cp-16	29	0x1.53c80bff00e46p+5	1	8202504	gamma	gamma electron 
333   	0x1.eb851eb851eb9p-5	0x1.eb851eb851eb7p-5	49	0x1.4f22b9cff889ap-12	48	0x1.696e2a4f3af11p+5	1	8202504	gamma	gamma electron 
334   	0x1.eb851eb851eb9p-5	0x1.eb851eb851eb5p-5	57	0x1.62dce3427e82cp-16	56	0x1.9138937179d5bp+5	1	8202504	gamma	gamma electron 
340   	0x1.eb851eb851eb9p-5	0x1.eb851eb851ebap-5	50	0x1.45ae705cf9a92p-17	64	0x1.4a4f3f01467c1p+5	1	8202504	gamma	gamma electron 
344   	0x1.eb851eb851eb9p-5	0x1.2e7635108305p-5	39	0x1.5b640d188d803p-15	39	0x1.50ad86977d4e7p+5	1	8202504	gamma	gamma electron 
345   	0x1.eb851eb851eb9p-5	0x1.eb851eb851ebap-5	62	0x1.b8dfd05041d79p-18	81	0x1.59d064a49daf9p+5	1	8202504	gamma	gamma electron 
346   	0x1.eb851eb851eb9p-5	0x1.eb851eb851eb5p-5	50	0x1.671a57d8b0096p-18	61	0x1.48f99cc62f2dap+5	1	8202504	gamma	gamma electron 
348   	0x1.eb851eb851eb9p-5	0x1.eb851eb851eb7p-5	60	0x1.34c146c7a5f3ep-17	63	0x1.5d069a0f5c65dp+5	1	8202504	gamma	gamma electron 
351   	0x1.eb851eb851eb9p-5	0x1.f47f2ddd88dcap-6	35	0x1.2095bc846247cp-16	18	0x1.a32d5d08b47d4p+5	1	8202504	gamma	gamma electron 
355   	0x1.eb851eb851eb9p-5	0x1.eb851eb851eb7p-5	93	0x1.51a35678d2888p-18	51	0x1.478120f081d18p+5	1	8202504	gamma	gamma electron 
356   	0x1.eb851eb851eb9p-5	0x1.eb851eb851eb8p-5	59	0x1.27f9a06f6332p-9	77	0x1.a36c25d5d18fep+5	1	8202504	gamma	gamma electron 
357   	0x1.eb851eb851eb9p-5	0x1.eb851eb851eb9p-5	61	0x1.7946d5dfeabf4p-15	69	0x1.5748a9477b29p+5	1	8202504	gamma	gamma electron 
360   	0x1.eb851eb851eb9p-5	0x1.b00e5024db81dp-6	19	0x1.4e0e4cf79e019p-17	19	0x1.00530af5a17bap+6	1	8202504	gamma	gamma electron 
363   	0x1.eb851eb851eb9p-5	0x1.eb851eb851ebap-5	44	0x1.6ee9eabe17677p-18	70	0x1.91258637c10b6p+5	1	8202504	gamma	gamma electron 
365   	0x1.eb851eb851eb9p-5	0x1.a113e15e54495p-6	23	0x1.6e1f411b1e424p-16	18	0x1.512c56bdd0a7p+5	1	8202504	gamma	gamma electron 
366   	0x1.eb851eb851eb9p-5	0x1.1b8fa87f0faaap-6	19	0x1.1f001b8c7ba81p-12	14	0x1.513df0424ba69p+5	1	8202504	gamma	gamma electron 
368   	0x1.eb851eb851eb9p-5	0x1.eb851eb851eb5p-5	66	0x1.28f679cf29e9fp-17	47	0x1.6cbf601bdbe8fp+5	1	8202504	gamma	gamma electron 
369   	0x1.eb851eb851eb9p-5	0x1.eb851eb851eb9p-5	52	0x1.54bf96c941019p-16	68	0x1.717f5347a4fd5p+5	1	8202504	gamma	gamma electron 
372   	0x1.eb851eb851eb9p-5	0x1.ef1a6a0e91932p-6	29	0x1.ece60a20c930cp-18	30	0x1.6d08c6a836a7bp+5	1	8202504	gamma	gamma electron 
376   	0x1.eb851eb851eb9p-5	0x1.eb851eb851ebbp-5	48	0x1.10bf03b84ae85p-15	60	0x1.5229fbe8f399bp+5	1	8202504	gamma	gamma electron 
378   	0x1.eb851eb851eb9p-5	0x1.eb851eb851eb7p-5	52	0x1.1ab18f4716baep-17	55	0x1.9348ec8ce20d7p+5	1	8202504	gamma	gamma electron 
379   	0x1.eb851eb851eb9p-5	0x1.eb851eb851eb8p-5	50	0x1.f4f4765cf353fp-16	43	0x1.6e7a0ac4cd305p+5	1	8202504	gamma	gamma electron 
380   	0x1.eb851eb851eb9p-5	0x1.eb851eb851eb8p-5	60	0x1.507cb3f838576p-18	64	0x1.9810102a87d14p+5	1	8202504	gamma	gamma electron 
381   	0x1.eb851eb851eb9p-5	0x1.ef1a6a0e91931p-6	30	0x1.bc7ecd10d40b7p-18	34	0x1.763d13c23d0bp+5	1	8202504	gamma	gamma electron 
388   	0x1.eb851eb851eb9p-5	0x1.f47f2ddd88dcbp-6	29	0x1.05767c142fc3bp-16	30	0x1.8af544fb53d0dp+5	1	8202504	gamma	gamma electron 
389   	0x1.eb851eb851eb9p-5	0x1.eb851eb851eb8p-5	53	0x1.e647da7ce7d16p-18	69	0x1.b102518e36e89p+5	1	8202504	gamma	gamma electron 
391   	0x1.eb851eb851eb9p-5	0x1.ef1a6a0e91932p-6	39	0x1.b5838998b20dep-14	15	0x1.7980776414163p+5	1	8202504	gamma	gamma electron 
394   	0x1.eb851eb851eb9p-5	0x1.f5812d8470154p-6	68	0x1.89f1c900ebadcp-17	27	0x1.93c770f6b07f5p+5	1	8202504	e-	electron 
395   	0x1.eb851eb851eb9p-5	0x1.53c36113404e9p-6	17	0x1.8349b20ff1bd5p-18	13	0x1.48cf6d9d74ab7p+5	1	8202504	gamma	gamma electron 
403   	0x1.eb851eb851eb9p-5	0x1.b00e5024db81bp-6	23	0x1.5332f13172f0ep-9	37	0x1.7f56baffa373ap+5	1	8202504	gamma	gamma electron 
409   	0x1.eb851eb851eb9p-5	0x1.b00e5024db819p-6	26	0x1.7a6a50a1b0702p-18	33	0x1.e894fd2c3eeeep+5	1	8202504	gamma	gamma electron 
410   	0x1.eb851eb851eb9p-5	0x1.c0b318f7f270cp-7	14	0x1.1de0b7ad59d63p-17	8	0x1.1bb24d5d09792p+5	1	8202504	gamma	gamma electron 
412   	0x1.eb851eb851eb9p-5	0x1.eb851eb851ebap-5	50	0x1.db2eef667c6adp-18	66	0x1.8d390c09d5e57p+5	1	8202504	gamma	gamma electron 
413   	0x1.eb851eb851eb9p-5	0x1.9eb8bd4b4f89bp-7	10	0x1.e215ce9eb487cp-15	12	0x1.97cb10978060ep+4	1	8202504	gamma	gamma electron 
418   	0x1.eb851eb851eb9p-5	0x1.eb851eb851ebap-5	57	0x1.56a52c05cd3afp-10	76	0x1.4421ca6908a71p+5	1	8202504	gamma	gamma electron 
419   	0x1.eb851eb851eb9p-5	0x1.f47f2ddd88dccp-6	38	0x1.cfcd15e7f0d4fp-17	26	0x1.5ccb30d7176afp+5	1	8202504	gamma	gamma electron 
420   	0x1.eb851eb851eb9p-5	0x1.eb851eb851eb8p-5	55	0x1.9b2f555edb772p-18	58	0x1.523c15631575ep+5	1	8202504	gamma	gamma electron 
435   	0x1.eb851eb851eb9p-5	0x1.eb851eb851eb8p-5	46	0x1.c12725c03e9c6p-18	68	0x1.5b533b758bca6p+5	1	8202504	gamma	gamma electron 
437   	0x1.eb851eb851eb9p-5	0x1.eb851eb851eb8p-5	49	0x1.e8575c9716c3ap-18	58	0x1.7c3a897d1953ap+5	1	8202504	gamma	gamma electron 
438   	0x1.eb851eb851eb9p-5	0x1.eb851eb851eb8p-5	70	0x1.3f7436cabc626p-16	81	0x1.954ffe57b0f0dp+5	1	8202504	gamma	gamma electron 
442   	0x1.eb851eb851eb9p-5	0x1.14cfbd229e192p-5	38	0x1.e209bdf72e39p-14	35	0x1.775641189c3a8p+5	1	8202504	e-	electron 
443   	0x1.eb851eb851eb9p-5	0x1.b8928324e30e5p-7	18	0x1.df7f0afd375ccp-17	15	0x1.6b4fa5aa51ae7p+5	1	8202504	gamma	gamma electron 
446   	0x1.eb851eb851eb9p-5	0x1.eb851eb851ebap-5	75	0x1.1e8990145eb71p-16	52	0x1.69076e6c7d66cp+5	1	8202504	gamma	gamma electron 
447   	0x1.eb851eb851eb9p-5	0x1.4dfc42055e0dep-5	41	0x1.644a6a9448e23p-18	33	0x1.3abbe51756925p+5	1	8202504	gamma	gamma electron 
450   	0x1.eb851eb851eb9p-5	0x1.eb851eb851eb6p-5	68	0x1.5ce57b95c2f83p-18	48	0x1.87a4c43258343p+5	1	8202504	gamma	gamma electron 
452   	0x1.eb851eb851eb9p-5	0x1.eb851eb851eb8p-5	62	0x1.6cbe59b8b7e11p-18	72	0x1.910bd0aa13d7cp+5	1	8202504	gamma	gamma electron 
453   	0x1.eb851eb851eb9p-5	0x1.a32e6dd194b2bp-7	17	0x1.dca6eecb057fap-13	16	0x1.37246caf42393p+5	1	8202504	gamma	gamma electron 
454   	0x1.eb851eb851eb9p-5	0x1.eb851eb851eb8p-5	65	0x1.f283d18bb1d52p-18	94	0x1.6a555f8321dcp+5	1	8202504	gamma	gamma electron 
456   	0x1.eb851eb851eb9p-5	0x1.f47f2ddd88dccp-6	36	0x1.2efb891ee66e5p-16	33	0x1.9ec4afae4aa37p+5	1	8202504	gamma	gamma electron 
460   	0x1.eb851eb851eb9p-5	0x1.b00e5024db81ap-6	22	0x1.9ae9b1e3a57f1p-18	27	0x1.563f0a10cdfbcp+5	1	8202504	gamma	gamma electron 
462   	0x1.eb851eb851eb9p-5	0x1.6e7e8c1e66a63p-5	90	0x1.494d733afaff9p-15	43	0x1.504faf65ca364p+5	1	8202504	gamma	gamma electron 
463   	0x1.eb851eb851eb9p-5	0x1.eb851eb851eb9p-5	53	0x1.1d0c19f3bdea6p-16	52	0x1.3d3fdd760a407p+5	1	8202504	gamma	gamma electron 
464   	0x1.eb851eb851eb9p-5	0x1.eb851eb851eb7p-5	68	0x1.8ae4a0bc6e8c4p-17	54	0x1.50f123b281219p+5	1	8202504	gamma	gamma electron 
469   	0x1.eb851eb851eb9p-5	0x1.eb851eb851eb5p-5	47	0x1.75e569ebbca72p-18	44	0x1.4d512ee6485ffp+5	1	8202504	gamma	gamma electron 
473   	0x1.eb851eb851eb9p-5	0x1.eb851eb851eb8p-5	52	0x1.7762da2380b18p-17	59	0x1.44cb32739afb6p+5	1	8202504	gamma	gamma electron 
475   	0x1.eb851eb851eb9p-5	0x1.f47f2ddd88dcbp-6	33	0x1.29327c043eb6bp-12	24	0x1.4c5c21f6c61a4p+5	1	8202504	gamma	gamma electron 
478   	0x1.eb851eb851eb9p-5	0x1.eb851eb851eb5p-5	63	0x1.a87fad24028acp-18	65	0x1.4e3653225ee59p+5	1	8202504	gamma	gamma electron 
482   	0x1.eb851eb851eb9p-5	0x1.eb851eb851ebap-5	56	0x1.c9824cb8e28dbp-17	58	0x1.5ff0698d59326p+5	1	8202504	gamma	gamma electron 
484   	0x1.eb851eb851eb9p-5	0x1.ef1a6a0e91933p-6	31	0x1.f161ce0b730dap-18	34	0x1.74b2fad90792ep+5	1	8202504	gamma	gamma electron 
485   	0x1.eb851eb851eb9p-5	0x1.eb851eb851eb8p-5	50	0x1.c9abb47a2533ap-18	58	0x1.68ce883c31cc7p+5	1	8202504	gamma	gamma electron 
487   	0x1.eb851eb851eb9p-5	0x1.eb851eb851ebap-5	62	0x1.a2779f8ef4685p-10	154	0x1.5544452904c7p+5	1	8202504	gamma	gamma electron 
489   	0x1.eb851eb851eb9p-5	0x1.eb851eb851eb7p-5	45	0x1.802f863687ca3p-18	79	0x1.6772a3ae22505p+5	1	8202504	gamma	gamma electron 
490   	0x1.eb851eb851eb9p-5	0x1.f47f2ddd88dcap-6	29	0x1.6d7444142dcf4p-16	26	0x1.510323b5cb438p+5	1	8202504	gamma	gamma electron 
492   	0x1.eb851eb851eb9p-5	0x1.d94c64cd9c1aep-5	71	0x1.18247a448ad8dp-17	60	0x1.2c1030515a7a4p+5	1	8202504	gamma	gamma electron 
493   	0x1.eb851eb851eb9p-5	0x1.eb851eb851ebap-5	54	0x1.bca23758fcaafp-16	54	0x1.190d106045c8ep+5	1	8202504	gamma	gamma electron 
494   	0x1.eb851eb851eb9p-5	0x1.eb851eb851eb9p-5	115	0x1.aee82ecc03948p-17	58	0x1.837d5ef8c706bp+5	1	8202504	gamma	gamma electron 
496   	0x1.eb851eb851eb9p-5	0x1.eb851eb851eb8p-5	56	0x1.dfe3820685d06p-18	87	0x1.53527ee41c064p+5	1	8202504	gamma	gamma electron 
497   	0x1.eb851eb851eb9p-5	0x1.ef1a6a0e91936p-6	22	0x1.c652a10ddfb25p-18	33	0x1.6a2aea877b2eap+5	1	8202504	gamma	gamma electron 
499   	0x1.eb851eb851eb9p-5	0x1.eb851eb851eb6p-5	55	0x1.6e20f0a8a5021p-10	64	0x1.45ffff5e15ba4p+5	1	8202504	gamma	gamma electron 
500   	0x1.eb851eb851eb9p-5	0x1.eb851eb851eb9p-5	41	0x1.86d4d14d6d497p-17	41	0x1.87b289bcd4d38p+5	1	8202504	gamma	gamma electron 
505   	0x1.eb851eb851eb9p-5	0x1.eb851eb851ecp-5	71	0x1.5303442e2cabap-15	65	0x1.28128034bd584p+5	1	8202504	gamma	gamma electron 
507   	0x1.eb851eb851eb9p-5	0x1.ef1a6a0e91935p-6	30	0x1.db8fda5a95f65p-18	29	0x1.b2e930f77553bp+5	1	8202504	gamma	gamma electron 
512   	0x1.eb851eb851eb9p-5	0x1.eb851eb851ebcp-5	60	0x1.dd4be7d6d1749p-18	62	0x1.bcc3332079356p+5	1	8202504	gamma	gamma electron 
516   	0x1.eb851eb851eb9p-5	0x1.cd91d3918bdefp-6	68	0x1.a647920dd3074p-16	21	0x1.1ae5eb926607ap+5	1	8202504	gamma	gamma electron 
520   	0x1.eb851eb851eb9p-5	0x1.eb851eb851ebbp-5	63	0x1.10291b6bae112p-15	64	0x1.786c3841715edp+5	1	8202504	gamma	gamma electron 
522   	0x1.eb851eb851eb9p-5	0x1.ef1a6a0e91936p-6	30	0x1.63ea32cf848f1p-18	31	0x1.8bf5f2d945182p+5	1	8202504	gamma	gamma electron 
523   	0x1.eb851eb851eb9p-5	0x1.eb851eb851eb7p-5	57	0x1.80748983ce27ep-18	46	0x1.e32c7b05a1e19p+5	1	8202504	gamma	gamma electron 
524   	0x1.eb851eb851eb9p-5	0x1.a34ca0c282c74p-6	36	0x1.c7451e7ba9c82p-14	27	0x1.02470d57261f8p+5	1	8202504	gamma	gamma electron 
527   	0x1.eb851eb851eb9p-5	0x1.eb851eb851ebbp-5	65	0x1.55fafda4ce088p-18	55	0x1.506ded072f987p+5	1	8202504	gamma	gamma electron 
528   	0x1.eb851eb851eb9p-5	0x1.14416b045ad89p-6	12	0x1.e3ca62990f9afp-17	14	0x1.3427562a67932p+5	1	8202504	gamma	gamma electron 
530   	0x1.eb851eb851eb9p-5	0x1.eb851eb851eb9p-5	61	0x1.6a9ae7b04fefap-16	61	0x1.771d17c1e0f04p+5	1	8202504	gamma	gamma electron 
533   	0x1.eb851eb851eb9p-5	0x1.ef1a6a0e91934p-6	32	0x1.780296ad0f964p-16	34	0x1.5f50907896c02p+5	1	8202504	gamma	gamma electron 
537   	0x1.eb851eb851eb9p-5	0x1.f47f2ddd88dccp-6	35	0x1.7d57f72a5094bp-10	135	0x1.7987f5499345fp+5	1	8202504	gamma	gamma electron 
541   	0x1.eb851eb851eb9p-5	0x1.ef1a6a0e9193p-6	31	0x1.fae43a8c1e9fdp-18	26	0x1.c3146bdbea50cp+5	1	8202504	gamma	gamma electron 
544   	0x1.eb851eb851eb9p-5	0x1.ef1a6a0e91933p-6	30	0x1.5760c24f7ec68p-18	22	0x1.0bc798bb14a51p+5	1	8202504	gamma	gamma electron 
547   	0x1.eb851eb851eb9p-5	0x1.ef1a6a0e9192fp-6	32	0x1.c1258ab779c4bp-18	34	0x1.fe22ea2104fa8p+4	1	8202504	gamma	gamma electron 
549   	0x1.eb851eb851eb9p-5	0x1.eb851eb851eb8p-5	52	0x1.e6098ff0b0266p-18	60	0x1.39e3feb28ef45p+5	1	8202504	gamma	gamma electron 
554   	0x1.eb851eb851eb9p-5	0x1.eb851eb851eb9p-5	46	0x1.5f7734a3b83f9p-18	57	0x1.54db16b0791dfp+5	1	8202504	gamma	gamma electron 
555   	0x1.eb851eb851eb9p-5	0x1.eb851eb851eb8p-5	60	0x1.62dcd7afcdea8p-18	80	0x1.6b62289b0590dp+5	1	8202504	gamma	gamma electron 
557   	0x1.eb851eb851eb9p-5	0x1.1defeceb14bbp-5	68	0x1.0d6a4a4408761p-16	31	0x1.7952b8414fe18p+5	1	8202504	e-	electron 
558   	0x1.eb851eb851eb9p-5	0x1.eb851eb851eb8p-5	64	0x1.5eaf4f7ad2d32p-18	64	0x1.6769fa005c3a6p+5	1	8202504	gamma	gamma electron 
559   	0x1.eb851eb851eb9p-5	0x1.ef1a6a0e91935p-6	41	0x1.a07de082fad98p-10	27	0x1.684ce6bba25f1p+5	1	8202504	gamma	gamma electron 
562   	0x1.eb851eb851eb9p-5	0x1.eb851eb851eb4p-5	57	0x1.88350b8cf2b9cp-10	81	0x1.87e8e7857f071p+5	1	8202504	gamma	gamma electron 
570   	0x1.eb851eb851eb9p-5	0x1.eb851eb851eb5p-5	64	0x1.0dc8a53cf8ad6p-16	53	0x1.786d7644fb199p+5	1	8202504	gamma	gamma electron 
575   	0x1.eb851eb851eb9p-5	0x1.ef1a6a0e91933p-6	30	0x1.1c311cd5a536cp-17	37	0x1.1432599c029p+5	1	8202504	gamma	gamma electron 
577   	0x1.eb851eb851eb9p-5	0x1.ef1a6a0e91937p-6	29	0x1.2358fae316a4ap-16	30	0x1.ab97f91d6be33p+5	1	8202504	gamma	gamma electron 
579   	0x1.eb851eb851eb9p-5	0x1.48b5cb3a7cc3cp-5	61	0x1.8ae79b3ae6e61p-16	48	0x1.5c7e33c7eb214p+5	1	8202504	gamma	gamma electron 
580   	0x1.eb851eb851eb9p-5	0x1.eb851eb851ebap-5	64	0x1.5b90791053614p-18	56	0x1.8d8df4a81cb8ap+5	1	8202504	gamma	gamma electron 
581   	0x1.eb851eb851eb9p-5	0x1.eb851eb851ebbp-5	83	0x1.b82c59a2e594cp-18	58	0x1.16f2d34b62c17p+5	1	8202504	gamma	gamma electron 
582   	0x1.eb851eb851eb9p-5	0x1.0dc5e5cadc712p-7	8	0x1.7c34a3a7d4ddp-14	13	0x1.218270ef4db74p+5	1	8202504	gamma	gamma electron 
583   	0x1.eb851eb851eb9p-5	0x1.eb851eb851eb7p-5	39	0x1.464253a11534dp-10	75	0x1.3839819bcce46p+5	1	8202504	gamma	gamma electron 
585   	0x1.eb851eb851eb9p-5	0x1.9f8a2a9a406b2p-6	67	0x1.d9c5d15b9e34bp-13	23	0x1.8dd40e02388fbp+5	1	8202504	gamma	gamma electron 
590   	0x1.eb851eb851eb9p-5	0x1.eb851eb851ebap-5	57	0x1.5d180b65c4895p-18	58	0x1.76d5f8bd948f6p+5	1	8202504	gamma	gamma electron 
597   	0x1.eb851eb851eb9p-5	0x1.eb851eb851ebap-5	52	0x1.8f1dc30f964fbp-18	62	0x1.538cc177c2ecfp+5	1	8202504	gamma	gamma electron 
599   	0x1.eb851eb851eb9p-5	0x1.eb851eb851eb9p-5	41	0x1.5a5a8a126a672p-18	77	0x1.ab00046b2e693p+5	1	8202504	gamma	gamma electron 
603   	0x1.eb851eb851eb9p-5	0x1.b116228134484p-6	10	0x1.ae098c3ce973bp-18	23	0x1.146cd9477d2bbp+5	1	8202504	gamma	gamma electron 
604   	0x1.eb851eb851eb9p-5	0x1.b00e5024db81ep-6	25	0x1.34ee54632a8bap-17	30	0x1.5c2f9c5ac4ec6p+5	1	8202504	gamma	gamma electron 
607   	0x1.eb851eb851eb9p-5	0x1.59bc33f85510cp-7	8	0x1.bd9cb1817142cp-13	9	0x1.107d3cbaeb112p+5	1	8202504	gamma	gamma electron 
612   	0x1.eb851eb851eb9p-5	0x1.ef1a6a0e91935p-6	18	0x1.923a94292f43cp-10	148	0x1.5e1d7fbdeeb18p+5	1	8202504	gamma	gamma electron 
613   	0x1.eb851eb851eb9p-5	0x1.eb851eb851eb7p-5	69	0x1.4a17b11bfba1ap-10	64	0x1.80a05617fd549p+5	1	8202504	gamma	gamma electron 
614   	0x1.eb851eb851eb9p-5	0x1.ef1a6a0e91936p-6	32	0x1.cd5ad342a6a18p-18	28	0x1.5f69b8d3badddp+5	1	8202504	gamma	gamma electron 
616   	0x1.eb851eb851eb9p-5	0x1.9dc725c3dee77p-7	13	0x1.d482afb5faad6p-10	34	0x1.43c237f3558d2p+5	1	8202504	gamma	gamma electron 
617   	0x1.eb851eb851eb9p-5	0x1.eb851eb851eb7p-5	52	0x1.113006bdec86ep-15	51	0x1.3055d1e8a0d78p+5	1	8202504	gamma	gamma electron 
623   	0x1.eb851eb851eb9p-5	0x1.eb851eb851eb8p-5	56	0x1.e97f6302b50fcp-18	58	0x1.53d6d0c95782dp+5	1	8202504	gamma	gamma electron 
627   	0x1.eb851eb851eb9p-5	0x1.c0cb143863144p-7	15	0x1.796ebf88872b9p-17	19	0x1.f57997d7620b9p+5	1	8202504	gamma	gamma electron 
628   	0x1.eb851eb851eb9p-5	0x1.eb851eb851eb9p-5	57	0x1.7d5d3f8cf9052p-18	66	0x1.63dfca98c2c53p+5	1	8202504	gamma	gamma electron 
630   	0x1.eb851eb851eb9p-5	0x1.eb851eb851eb2p-5	105	0x1.c33d2ee9fe489p-13	44	0x1.354351400a252p+5	1	8202504	gamma	gamma electron 
632   	0x1.eb851eb851eb9p-5	0x1.eb851eb851eb6p-5	56	0x1.9ba25ae3f5232p-18	72	0x1.547a882f5f89ep+5	1	8202504	gamma	gamma electron 
636   	0x1.eb851eb851eb9p-5	0x1.eb851eb851eb7p-5	55	0x1.e2114d2f648afp-10	57	0x1.30dde051ffafcp+5	1	8202504	gamma	gamma electron 
637   	0x1.eb851eb851eb9p-5	0x1.eb851eb851ebap-5	52	0x1.cc9241f4c182p-10	168	0x1.7424e0c65b7b5p+5	1	8202504	gamma	gamma electron 
641   	0x1.eb851eb851eb9p-5	0x1.eb851eb851eb7p-5	56	0x1.26b4c6838b74fp-16	57	0x1.5a2f4b323b2d1p+5	1	8202504	gamma	gamma electron 
646   	0x1.eb851eb851eb9p-5	0x1.eb851eb851eb8p-5	53	0x1.930c9acc157fbp-18	59	0x1.8cf2d6fa6bc51p+5	1	8202504	gamma	gamma electron 
649   	0x1.eb851eb851eb9p-5	0x1.eb851eb851ebap-5	59	0x1.a4b9a06a8d4e6p-18	68	0x1.50aacd0c3121p+5	1	8202504	gamma	gamma electron 
652   	0x1.eb851eb851eb9p-5	0x1.eb851eb851ebbp-5	36	0x1.c8bb1e933cfdbp-14	53	0x1.3ca9273670394p+5	1	8202504	gamma	gamma electron 
654   	0x1.eb851eb851eb9p-5	0x1.eb851eb851eb8p-5	79	0x1.21c6f678d548cp-17	70	0x1.8e5903f087ea2p+5	1	8202504	gamma	gamma electron 
658   	0x1.eb851eb851eb9p-5	0x1.eb851eb851eb9p-5	70	0x1.05de96677b7efp-17	60	0x1.843b79f3f48adp+5	1	8202504	gamma	gamma electron 
659   	0x1.eb851eb851eb9p-5	0x1.eb851eb851eb8p-5	67	0x1.d5ece4f360025p-18	54	0x1.c08a977d4237bp+5	1	8202504	gamma	gamma electron 
662   	0x1.eb851eb851eb9p-5	0x1.eb851eb851eb8p-5	58	0x1.253ec1c843f76p-16	53	0x1.b532f66cbd876p+5	1	8202504	gamma	gamma electron 
664   	0x1.eb851eb851eb9p-5	0x1.eb851eb851ebbp-5	63	0x1.a1e286bf28df3p-10	70	0x1.6a1148e273ec5p+5	1	8202504	gamma	gamma electron 
666   	0x1.eb851eb851eb9p-5	0x1.eb851eb851ebap-5	51	0x1.5143bbbcf681ap-18	66	0x1.7da8f534608d5p+5	1	8202504	gamma	gamma electron 
668   	0x1.eb851eb851eb9p-5	0x1.1b1da01169625p-5	48	0x1.f3b178d1eef88p-18	34	0x1.4150d892aca7ep+5	1	8202504	gamma	gamma electron 
669   	0x1.eb851eb851eb9p-5	0x1.b116228134484p-6	21	0x1.30b0da561d562p-17	29	0x1.26a904f816637p+5	1	8202504	gamma	gamma electron 
671   	0x1.eb851eb851eb9p-5	0x1.eb851eb851eb9p-5	52	0x1.58de4bf092b5bp-18	38	0x1.9d80ad11e7084p+5	1	8202504	gamma	gamma electron 
674   	0x1.eb851eb851eb9p-5	0x1.eb851eb851eb9p-5	64	0x1.00e18d82ba12fp-9	72	0x1.7f9502bdc8306p+5	1	8202504	gamma	gamma electron 
676   	0x1.eb851eb851eb9p-5	0x1.eb851eb851eb9p-5	58	0x1.8b98dda5b5d3fp-17	52	0x1.9958662da73e9p+5	1	8202504	gamma	gamma electron 
678   	0x1.eb851eb851eb9p-5	0x1.eb851eb851eb9p-5	50	0x1.b94a3573c5da9p-16	61	0x1.a5109b833fc71p+5	1	8202504	gamma	gamma electron 
680   	0x1.eb851eb851eb9p-5	0x1.eb851eb851eb8p-5	67	0x1.7614e5d63af55p-18	48	0x1.6471f94f70897p+5	1	8202504	gamma	gamma electron 
681   	0x1.eb851eb851eb9p-5	0x1.eb851eb851ebap-5	51	0x1.fc20e9b7818ep-10	73	0x1.e03a8cc98857bp+5	1	8202504	gamma	gamma electron 
683   	0x1.eb851eb851eb9p-5	0x1.a06132c630feep-6	36	0x1.e3c1e12631a8cp-16	28	0x1.999accbd2335ep+5	1	8202504	gamma	gamma electron 
684   	0x1.eb851eb851eb9p-5	0x1.eb851eb851ebcp-5	48	0x1.753955484f63p-18	56	0x1.3d4696bb85a95p+5	1	8202504	gamma	gamma electron 
689   	0x1.eb851eb851eb9p-5	0x1.eb851eb851eb7p-5	50	0x1.7a35133c23354p-10	165	0x1.7acb29fd72d34p+5	1	8202504	gamma	gamma electron 
691   	0x1.eb851eb851eb9p-5	0x1.eb851eb851ebcp-5	56	0x1.009cab1532a3ap-9	174	0x1.4de326ca7a092p+5	1	8202504	gamma	gamma electron 
697   	0x1.eb851eb851eb9p-5	0x1.f47f2ddd88dcbp-6	24	0x1.27d4345bcded5p-10	35	0x1.f8cdc4b9e0eadp+5	1	8202504	gamma	gamma electron 
699   	0x1.eb851eb851eb9p-5	0x1.eb851eb851ebap-5	50	0x1.c3ff34b9cd6a1p-18	53	0x1.36dc94829727ap+5	1	8202504	gamma	gamma electron 
701   	0x1.eb851eb851eb9p-5	0x1.eb851eb851eb9p-5	50	0x1.762239c00c36ep-18	50	0x1.540c63d37b801p+5	1	8202504	gamma	gamma electron 
710   	0x1.eb851eb851eb9p-5	0x1.b00e5024db81bp-6	16	0x1.6c1ef8d0ac18p-17	24	0x1.ae5a15b45021ap+5	1	8202504	gamma	gamma electron 
712   	0x1.eb851eb851eb9p-5	0x1.eb851eb851eb9p-5	59	0x1.90a4f535e641p-18	41	0x1.7a4438b53a297p+5	1	8202504	gamma	gamma electron 
719   	0x1.eb851eb851eb9p-5	0x1.ef1a6a0e91934p-6	19	0x1.d94806f84820ap-9	51	0x1.a54a2c151f4efp+5	1	8202504	gamma	gamma electron 
720   	0x1.eb851eb851eb9p-5	0x1.eb851eb851eb7p-5	73	0x1.70da4c7ef163dp-18	58	0x1.8263dd448d1d1p+5	1	8202504	gamma	gamma electron 
721   	0x1.eb851eb851eb9p-5	0x1.ef1a6a0e91939p-6	43	0x1.b5efb388ddc51p-17	27	0x1.814bd67599cfep+5	1	8202504	gamma	gamma electron 
722   	0x1.eb851eb851eb9p-5	0x1.eb851eb851eb9p-5	57	0x1.4cf970471ff0bp-17	41	0x1.9b6811b3fee64p+5	1	8202504	gamma	gamma electron 
724   	0x1.eb851eb851eb9p-5	0x1.eb851eb851ebap-5	54	0x1.83a1f03a5d75ep-9	59	0x1.39fbdb789449ep+5	1	8202504	gamma	gamma electron 
725   	0x1.eb851eb851eb9p-5	0x1.eb851eb851ebcp-5	66	0x1.d38a94197bfa3p-9	107	0x1.9400409dbb7b9p+5	1	8202504	gamma	gamma electron 
728   	0x1.eb851eb851eb9p-5	0x1.ef1a6a0e91936p-6	34	0x1.5cc70a1eea579p-17	34	0x1.a4eda575bfc17p+5	1	8202504	gamma	gamma electron 
729   	0x1.eb851eb851eb9p-5	0x1.eb851eb851ebap-5	69	0x1.c75ff1bfac70dp-18	65	0x1.9c362f62f582bp+5	1	8202504	gamma	gamma electron 
733   	0x1.eb851eb851eb9p-5	0x1.eb851eb851eb7p-5	67	0x1.cf3847eb2a08dp-9	128	0x1.584623bf2cbap+5	1	8202504	gamma	gamma electron 
737   	0x1.eb851eb851eb9p-5	0x1.eb851eb851ebap-5	42	0x1.5280cc9572a97p-18	41	0x1.219748aef1c83p+5	1	8202504	gamma	gamma electron 
743   	0x1.eb851eb851eb9p-5	0x1.eb851eb851ebbp-5	60	0x1.4c7b475d47ff2p-17	64	0x1.7e332cdd9c104p+5	1	8202504	gamma	gamma electron 
750   	0x1.eb851eb851eb9p-5	0x1.eb851eb851ebbp-5	67	0x1.5bd855b4d3744p-18	48	0x1.af04dc8b6d211p+5	1	8202504	gamma	gamma electron 
751   	0x1.eb851eb851eb9p-5	0x1.eb851eb851ebcp-5	69	0x1.82e89be3389fcp-10	170	0x1.4cf2f0525f91ap+5	1	8202504	gamma	gamma electron 
752   	0x1.eb851eb851eb9p-5	0x1.a381e547edd57p-6	22	0x1.5f57623d10c6p-16	25	0x1.d035da2720fe6p+5	1	8202504	gamma	gamma electron 
754   	0x1.eb851eb851eb9p-5	0x1.45ae5d2a5ad1fp-7	16	0x1.9f5726a95ebecp-17	8	0x1.9207d1466afa8p+5	1	8202504	gamma	gamma electron 
756   	0x1.eb851eb851eb9p-5	0x1.eb851eb851eb6p-5	69	0x1.5fc0418469e57p-16	66	0x1.6580572ea196p+5	1	8202504	gamma	gamma electron 
765   	0x1.eb851eb851eb9p-5	0x1.f47f2ddd88dcep-6	12	0x1.93bb904f5711fp-18	34	0x1.6ac9219dee18ep+5	1	8202504	gamma	gamma electron 
766   	0x1.eb851eb851eb9p-5	0x1.eb851eb851eb8p-5	47	0x1.e4e71047aa17ap-18	47	0x1.66a65f10fbdf1p+5	1	8202504	gamma	gamma electron 
767   	0x1.eb851eb851eb9p-5	0x1.eb851eb851eb9p-5	69	0x1.7386ce088238cp-18	50	0x1.6495562edfe95p+5	1	8202504	gamma	gamma electron 
768   	0x1.eb851eb851eb9p-5	0x1.eb851eb851eb5p-5	44	0x1.cad21f34dd93ep-18	47	0x1.d388bab00e3d1p+5	1	8202504	gamma	gamma electron 
771   	0x1.eb851eb851eb9p-5	0x1.a6fe3592ef276p-5	53	0x1.b09292f7ac76fp-18	27	0x1.1a29ca1de1bcap+5	1	8202504	gamma	gamma electron 
773   	0x1.eb851eb851eb9p-5	0x1.eb851eb851ebbp-5	65	0x1.add26a6a68d11p-18	55	0x1.295d637814a24p+5	1	8202504	gamma	gamma electron 
774   	0x1.eb851eb851eb9p-5	0x1.eb851eb851eb7p-5	62	0x1.d9ff8e29eb608p-18	60	0x1.af0a51a29f3a2p+5	1	8202504	gamma	gamma electron 
776   	0x1.eb851eb851eb9p-5	0x1.a34ca0c282c6fp-6	24	0x1.3b82bd3a16adep-17	34	0x1.e6fab20711aacp+5	1	8202504	gamma	gamma electron 
777   	0x1.eb851eb851eb9p-5	0x1.eb851eb851eb8p-5	64	0x1.864ac73d5cf5p-18	74	0x1.2d8b7dcc35a8ep+5	1	8202504	gamma	gamma electron 
778   	0x1.eb851eb851eb9p-5	0x1.eb851eb851eb5p-5	103	0x1.5c95285936103p-15	54	0x1.3ada5c364bbcep+5	1	8202504	gamma	gamma electron 
780   	0x1.eb851eb851eb9p-5	0x1.eb851eb851eb8p-5	84	0x1.04913f336bacap-17	74	0x1.5210fe19fef78p+5	1	8202504	gamma	gamma electron 
783   	0x1.eb851eb851eb9p-5	0x1.ef1a6a0e91935p-6	21	0x1.7f9bbae613f11p-10	87	0x1.9edb7e13dcf0bp+5	1	8202504	gamma	gamma electron 
784   	0x1.eb851eb851eb9p-5	0x1.eb851eb851eb8p-5	61	0x1.0dddbd7865f0fp-16	50	0x1.2b649b7bca776p+5	1	8202504	gamma	gamma electron 
787   	0x1.eb851eb851eb9p-5	0x1.eb851eb851eb6p-5	52	0x1.6ea5ed0f7cf8bp-18	59	0x1.5c037908375a3p+5	1	8202504	gamma	gamma electron 
788   	0x1.eb851eb851eb9p-5	0x1.ef1a6a0e91934p-6	28	0x1.9f3f7d3faeb3p-17	20	0x1.adc080d1c293p+5	1	8202504	gamma	gamma electron 
791   	0x1.eb851eb851eb9p-5	0x1.eb851eb851eb7p-5	59	0x1.7e82d48fc4225p-10	168	0x1.6ff3ce112580ap+5	1	8202504	gamma	gamma electron 
798   	0x1.eb851eb851eb9p-5	0x1.f47f2ddd88dccp-6	21	0x1.7b7fe0aec4b41p-18	32	0x1.d65bd70c046e2p+5	1	8202504	gamma	gamma electron 
800   	0x1.eb851eb851eb9p-5	0x1.eb851eb851ebap-5	55	0x1.c4a22b87cf5c6p-10	80	0x1.8de8cd4923914p+5	1	8202504	gamma	gamma electron 
803   	0x1.eb851eb851eb9p-5	0x1.eb851eb851eb6p-5	53	0x1.6d03348f955b1p-18	78	0x1.a891a65056c89p+5	1	8202504	gamma	gamma electron 
805   	0x1.eb851eb851eb9p-5	0x1.eb851eb851eb9p-5	44	0x1.fab380c170e3fp-17	58	0x1.4b5b4d839613dp+5	1	8202504	gamma	gamma electron 
807   	0x1.eb851eb851eb9p-5	0x1.eb851eb851ebdp-5	59	0x1.8c6e33549de9p-18	57	0x1.afb53c14c7d42p+5	1	8202504	gamma	gamma electron 
808   	0x1.eb851eb851eb9p-5	0x1.eb851eb851eb7p-5	60	0x1.24c7b9626dc12p-13	57	0x1.5e9ddc20fe1fcp+5	1	8202504	gamma	gamma electron 
816   	0x1.eb851eb851eb9p-5	0x1.ef1a6a0e91939p-6	25	0x1.3dd303942cf62p-16	32	0x1.d813cbf7b4838p+4	1	8202504	gamma	gamma electron 
817   	0x1.eb851eb851eb9p-5	0x1.eb851eb851eb8p-5	46	0x1.6b680bdd8abc2p-18	66	0x1.aba763192a794p+5	1	8202504	gamma	gamma electron 
823   	0x1.eb851eb851eb9p-5	0x1.eb851eb851eb8p-5	52	0x1.cccf4e999673ep-18	94	0x1.806664f1c8ac8p+5	1	8202504	gamma	gamma electron 
824   	0x1.eb851eb851eb9p-5	0x1.59bc33f85510dp-7	2	0x1.5573c2eb5a8b5p-12	10	0x1.d46aff8daa3b4p+4	1	8202504	gamma	gamma electron 
825   	0x1.eb851eb851eb9p-5	0x1.eb851eb851eb7p-5	64	0x1.392313ebacc1dp-17	49	0x1.a18355e21f4cbp+5	1	8202504	gamma	gamma electron 
826   	0x1.eb851eb851eb9p-5	0x1.eb851eb851ebcp-5	61	0x1.e14699b3480b8p-10	66	0x1.6c5a11e4b0817p+5	1	8202504	gamma	gamma electron 
827   	0x1.eb851eb851eb9p-5	0x1.ef1a6a0e91937p-6	34	0x1.2b9b45a9d8a5bp-9	30	0x1.029dff94105b4p+5	1	8202504	gamma	gamma electron 
828   	0x1.eb851eb851eb9p-5	0x1.eb851eb851eb8p-5	56	0x1.2c6ba6fb454a2p-17	46	0x1.761e628f023fep+5	1	8202504	gamma	gamma electron 
830   	0x1.eb851eb851eb9p-5	0x1.f47f2ddd88dcdp-6	24	0x1.1afa1c82c58a8p-16	26	0x1.b333dda8208d5p+5	1	8202504	gamma	gamma electron 
834   	0x1.eb851eb851eb9p-5	0x1.eb851eb851ebap-5	59	0x1.f91168c7d08cbp-18	69	0x1.9569b6e72b02cp+5	1	8202504	gamma	gamma electron 
837   	0x1.eb851eb851eb9p-5	0x1.eb851eb851ebap-5	48	0x1.d2c94f25b92d1p-18	61	0x1.4726a994ce0a7p+5	1	8202504	gamma	gamma electron 
841   	0x1.eb851eb851eb9p-5	0x1.eb851eb851eb9p-5	39	0x1.9640fe118ee1dp-18	73	0x1.3c16759da108p+5	1	8202504	gamma	gamma electron 
845   	0x1.eb851eb851eb9p-5	0x1.eb851eb851eb7p-5	61	0x1.5026042a5a06cp-9	62	0x1.aba4ef3f6ff2ap+5	1	8202504	gamma	gamma electron 
846   	0x1.eb851eb851eb9p-5	0x1.ef1a6a0e91932p-6	36	0x1.4e47f78027b9ap-17	29	0x1.c0d3da51f979dp+4	1	8202504	gamma	gamma electron 
847   	0x1.eb851eb851eb9p-5	0x1.ef1a6a0e91932p-6	23	0x1.08ded209e8ee5p-17	32	0x1.a755aecfa96aep+5	1	8202504	gamma	gamma electron 
851   	0x1.eb851eb851eb9p-5	0x1.eb851eb851eb8p-5	48	0x1.7c0d5e91172f8p-18	57	0x1.766142e366796p+5	1	8202504	gamma	gamma electron 
853   	0x1.eb851eb851eb9p-5	0x1.eb851eb851eb8p-5	67	0x1.7633b2ac32769p-18	57	0x1.2bc07730ef6e6p+5	1	8202504	gamma	gamma electron 
855   	0x1.eb851eb851eb9p-5	0x1.eb851eb851eb5p-5	82	0x1.0a583ab009acap-14	48	0x1.f39d94073b25cp+5	1	8202504	gamma	gamma electron 
856   	0x1.eb851eb851eb9p-5	0x1.eb851eb851eb8p-5	51	0x1.2b7b64270c5f4p-8	127	0x1.43d51b2b139f7p+5	1	8202504	gamma	gamma electron 
864   	0x1.eb851eb851eb9p-5	0x1.eb851eb851eb8p-5	61	0x1.beaacf4ca332ep-17	60	0x1.2dc2d3a5f39fbp+5	1	8202504	gamma	gamma electron 
865   	0x1.eb851eb851eb9p-5	0x1.eb851eb851ebbp-5	36	0x1.87ce28a3746b3p-18	60	0x1.37e9d8c3b0192p+5	1	8202504	gamma	gamma electron 
867   	0x1.eb851eb851eb9p-5	0x1.eb851eb851eb8p-5	49	0x1.58c62b1973af7p-9	65	0x1.9ddd704ae4f84p+5	1	8202504	gamma	gamma electron 
871   	0x1.eb851eb851eb9p-5	0x1.eb851eb851ebap-5	52	0x1.adc40a33bbc43p-10	150	0x1.732d00ea4de4ap+5	1	8202504	gamma	gamma electron 
872   	0x1.eb851eb851eb9p-5	0x1.e77417834f9e8p-8	14	0x1.6cb2f21669797p-16	12	0x1.c8166aee79956p+5	1	8202504	e-	electron 
875   	0x1.eb851eb851eb9p-5	0x1.eb851eb851eb6p-5	43	0x1.e297ad2eb71cap-18	43	0x1.02543d23e5e79p+6	1	8202504	gamma	gamma electron 
879   	0x1.eb851eb851eb9p-5	0x1.ef1a6a0e91938p-6	18	0x1.0f615cb6f9e1fp-14	34	0x1.2a3a893e68392p+5	1	8202504	gamma	gamma electron 
882   	0x1.eb851eb851eb9p-5	0x1.eb851eb851eb7p-5	68	0x1.650fc91945d56p-18	55	0x1.66336fe77fa8p+5	1	8202504	gamma	gamma electron 
890   	0x1.eb851eb851eb9p-5	0x1.eb851eb851eb7p-5	56	0x1.758b32db23f54p-18	57	0x1.76d5859c00f8ep+5	1	8202504	gamma	gamma electron 
894   	0x1.eb851eb851eb9p-5	0x1.eb851eb851eb8p-5	48	0x1.83b560b1df7bep-17	49	0x1.8932761740e1fp+5	1	8202504	gamma	gamma electron 
895   	0x1.eb851eb851eb9p-5	0x1.eb851eb851eb8p-5	66	0x1.843552766a715p-18	34	0x1.4abf322e6abccp+5	1	8202504	gamma	gamma electron 
896   	0x1.eb851eb851eb9p-5	0x1.eb851eb851eb5p-5	60	0x1.72f70ecb9ab8cp-18	68	0x1.272b7aac3fdccp+5	1	8202504	gamma	gamma electron 
897   	0x1.eb851eb851eb9p-5	0x1.eb851eb851eb8p-5	72	0x1.22dedab0f9d93p-9	86	0x1.3862f37808858p+5	1	8202504	gamma	gamma electron 
898   	0x1.eb851eb851eb9p-5	0x1.eb851eb851eb9p-5	61	0x1.9d325cdfdfc92p-10	69	0x1.827cdff04c035p+5	1	8202504	gamma	gamma electron 
900   	0x1.eb851eb851eb9p-5	0x1.eb851eb851ebap-5	60	0x1.1252f8745ac6bp-17	59	0x1.8863ffe31b385p+5	1	8202504	gamma	gamma electron 
902   	0x1.eb851eb851eb9p-5	0x1.eb851eb851ebbp-5	47	0x1.4063b692d781fp-12	58	0x1.5859016e9d2d1p+5	1	8202504	gamma	gamma electron 
904   	0x1.eb851eb851eb9p-5	0x1.eb851eb851eb9p-5	65	0x1.61179cbf20fedp-16	42	0x1.88e560864fc9p+5	1	8202504	gamma	gamma electron 
908   	0x1.eb851eb851eb9p-5	0x1.eb851eb851eb9p-5	59	0x1.eb44731786028p-17	35	0x1.54e85ac38411ap+5	1	8202504	gamma	gamma electron 
910   	0x1.eb851eb851eb9p-5	0x1.ef1a6a0e91934p-6	32	0x1.a97cfa70aed7ap-18	44	0x1.5d7c170ed168fp+5	1	8202504	gamma	gamma electron 
911   	0x1.eb851eb851eb9p-5	0x1.eb851eb851eb4p-5	63	0x1.df8eb3615eaf3p-18	52	0x1.38436004786cbp+5	1	8202504	gamma	gamma electron 
913   	0x1.eb851eb851eb9p-5	0x1.ef1a6a0e91934p-6	22	0x1.2e70b2ab2f0f7p-17	30	0x1.a659871437249p+4	1	8202504	gamma	gamma electron 
922   	0x1.eb851eb851eb9p-5	0x1.eb851eb851eb6p-5	52	0x1.f774f1d1d3b22p-10	65	0x1.a835e503056c5p+5	1	8202504	gamma	gamma electron 
924   	0x1.eb851eb851eb9p-5	0x1.eb851eb851eb8p-5	50	0x1.53eaf809ddbd6p-18	67	0x1.44832ae41adbfp+5	1	8202504	gamma	gamma electron 
925   	0x1.eb851eb851eb9p-5	0x1.eb851eb851eb9p-5	58	0x1.42af269bcbcaep-16	62	0x1.b46c4a9c5cf2cp+5	1	8202504	gamma	gamma electron 
928   	0x1.eb851eb851eb9p-5	0x1.eb851eb851eb8p-5	57	0x1.5cd8d9de2f0bap-18	44	0x1.57d9f99fee358p+5	1	8202504	gamma	gamma electron 
934   	0x1.eb851eb851eb9p-5	0x1.eb851eb851eb9p-5	64	0x1.bcd7a13eac5dcp-18	51	0x1.3af2e0bba525ep+5	1	8202504	gamma	gamma electron 
936   	0x1.eb851eb851eb9p-5	0x1.86bc1193a63a7p-5	89	0x1.175be0d8c9e5dp-15	51	0x1.43cce7276bcf7p+5	1	8202504	gamma	gamma electron 
937   	0x1.eb851eb851eb9p-5	0x1.eb851eb851eb8p-5	47	0x1.79f75ad4f6abp-16	76	0x1.c831578560a48p+5	1	8202504	gamma	gamma electron 
940   	0x1.eb851eb851eb9p-5	0x1.35c6340063699p-5	29	0x1.68850d3e4f37ep-18	46	0x1.6b2878e053088p+5	1	8202504	gamma	gamma electron 
945   	0x1.eb851eb851eb9p-5	0x1.eb851eb851ebap-5	37	0x1.972e651fd74ap-10	173	0x1.5679ac21ba484p+5	1	8202504	gamma	gamma electron 
947   	0x1.eb851eb851eb9p-5	0x1.eb851eb851eb8p-5	74	0x1.93651aacad506p-10	171	0x1.7f094e0b5f2a3p+5	1	8202504	gamma	gamma electron 
950   	0x1.eb851eb851eb9p-5	0x1.ef1a6a0e91936p-6	32	0x1.0ef2242f1f245p-16	34	0x1.5c24e64f19544p+5	1	8202504	gamma	gamma electron 
951   	0x1.eb851eb851eb9p-5	0x1.eb851eb851eb4p-5	59	0x1.6edd19e7ff4eep-18	57	0x1.a32dcc4b9aeeep+5	1	8202504	gamma	gamma electron 
952   	0x1.eb851eb851eb9p-5	0x1.eb851eb851eb7p-5	57	0x1.7a999253ce12ap-17	55	0x1.5347bdcf89111p+5	1	8202504	gamma	gamma electron 
956   	0x1.eb851eb851eb9p-5	0x1.1b8fa87f0faa7p-6	18	0x1.a97a09a66ab08p-16	13	0x1.1b5c82e87478ep+5	1	8202504	gamma	gamma electron 
961   	0x1.eb851eb851eb9p-5	0x1.ef1a6a0e91934p-6	22	0x1.112975605f807p-15	28	0x1.7e2f9707a1c02p+5	1	8202504	gamma	gamma electron 
963   	0x1.eb851eb851eb9p-5	0x1.f47f2ddd88dccp-6	35	0x1.a43d0a53d8c18p-18	32	0x1.015b126fe0744p+5	1	8202504	gamma	gamma electron 
966   	0x1.eb851eb851eb9p-5	0x1.eb851eb851eb8p-5	81	0x1.e334ca63e0e48p-17	47	0x1.2a3ba14d8ecdfp+5	1	8202504	gamma	gamma electron 
967   	0x1.eb851eb851eb9p-5	0x1.eb851eb851eb9p-5	49	0x1.6e725aed51006p-18	42	0x1.92f071f1dcf8ap+5	1	8202504	gamma	gamma electron 
968   	0x1.eb851eb851eb9p-5	0x1.eb851eb851eb7p-5	57	0x1.835e3a776b45cp-18	57	0x1.65fa183327572p+5	1	8202504	gamma	gamma electron 
969   	0x1.eb851eb851eb9p-5	0x1.eb851eb851eb6p-5	51	0x1.5fdfc35a94281p-18	56	0x1.7e8292e5b9cfcp+5	1	8202504	gamma	gamma electron 
970   	0x1.eb851eb851eb9p-5	0x1.eb851eb851eb7p-5	58	0x1.6aa47913c9973p-11	65	0x1.2be74261a0008p+5	1	8202504	gamma	gamma electron 
973   	0x1.eb851eb851eb9p-5	0x1.eb851eb851ebbp-5	49	0x1.53f2605b6e015p-18	79	0x1.642af84582bc3p+5	1	8202504	gamma	gamma electron 
974   	0x1.eb851eb851eb9p-5	0x1.f47f2ddd88dcep-6	33	0x1.c66dd9d1f9c01p-16	25	0x1.5ce828a18a5f6p+5	1	8202504	gamma	gamma electron 
975   	0x1.eb851eb851eb9p-5	0x1.eb851eb851ebcp-5	57	0x1.f05f4b5a25157p-18	52	0x1.16af374a14fdep+5	1	8202504	gamma	gamma electron 
982   	0x1.eb851eb851eb9p-5	0x1.ef1a6a0e91932p-6	28	0x1.41ae116e2ce9bp-16	40	0x1.85d98bb0c81c8p+5	1	8202504	gamma	gamma electron 
984   	0x1.eb851eb851eb9p-5	0x1.eb851eb851eb9p-5	43	0x1.823d01cd2b449p-17	47	0x1.629fea195ffcbp+5	1	8202504	gamma	gamma electron 
986   	0x1.eb851eb851eb9p-5	0x1.82c7ff0253ccp-11	2	0x1.5083857680184p-15	0	0x0p+0	1	8202504	gamma	gamma electron 
991   	0x1.eb851eb851eb9p-5	0x1.eb851eb851eb8p-5	67	0x1.79e4876f57302p-10	155	0x1.3bf096fa01ad8p+5	1	8202504	gamma	gamma electron 
994   	0x1.eb851eb851eb9p-5	0x1.eb851eb851eb5p-5	62	0x1.985827eacf233p-10	154	0x1.73a3a1ba7ad6p+5	1	8202504	gamma	gamma electron 
995   	0x1.eb851eb851eb9p-5	0x1.eb851eb851eb8p-5	69	0x1.c672097688bdbp-18	67	0x1.74e5ae97f17cbp+5	1	8202504	gamma	gamma electron 
996   	0x1.eb851eb851eb9p-5	0x1.eb851eb851ecp-5	69	0x1.69cc06d012168p-18	67	0x1.66708868a407ap+5	1	8202504	gamma	gamma electron 
997   	0x1.eb851eb851eb9p-5	0x1.eb851eb851ebbp-5	70	0x1.2e6fc2ab5e5b9p-15	38	0x1.d9c67413813cp+5	1	8202504	gamma	gamma electron 
998   	0x1.eb851eb851eb9p-5	0x1.b00e5024db81bp-6	34	0x1.1bb213b98503p-17	31	0x1.3abb463a63337p+5	1	8202504	gamma	gamma electron 
999   	0x1.eb851eb851eb9p-5	0x1.04971d2593383p-6	24	0x1.2395d9f4472eap-15	21	0x1.9aca924b456aep+5	1	8202504	e-	electron 
