
	-------------------------------- 
	OrganID	Edep (J)	Dose (Gy)
	-------------------------------- 
	3 |		2.91734e-15	2.64491e-13
	4 |		1.07071e-12	3.76877e-11
	5 |		6.89912e-21	2.24508e-19
	6 |		2.73074e-20	5.35439e-18
	26 |		3.59007e-10	6.37837e-10
	27 |		2.56638e-10	5.68967e-10
	39 |		1.65058e-12	2.16839e-11
	40 |		4.22068e-13	5.71134e-12
	47 |		3.87912e-12	3.76907e-11
	48 |		4.43666e-12	6.03217e-11
	57 |		1.50763e-16	9.44628e-15
	61 |		5.45791e-10	3.76408e-10
	69 |		8.95988e-20	1.22236e-17
	106 |		9.75487e-11	8.01017e-11
	116 |		1.63628e-10	1.56058e-10
	120 |		1.92749e-11	4.53634e-10
	121 |		2.25878e-11	5.31602e-10
	122 |		4.77249e-11	1.63812e-10
	126 |		1.03367e-12	2.82269e-11
	128 |		1.56147e-20	3.12044e-19
	134 |		1.45844e-12	4.8453e-10
----------------------------------------------------------------------------
-------------------------------ORGAN INFO-----------------------------------
-----------------(of organs where edep/dose was recorded)-------------------
----------------------------------------------------------------------------
ID		Organ Name	    	    	    	Material ID		Density (g/cm^3) 
3     Anterior nasal passage (ET1)                     45    1.030
4     Posterior nasal passage down to larynx (ET2)     45    1.030
5     Oral mucosa, tongue                              29    1.050
6     Oral mucosa, lips and cheeks                     29    1.050
26    Cranium, cortical                                 2    1.920
27    Cranium, spongiosa                                8    1.157
39    Mandible, cortical                                2    1.920
40    Mandible, spongiosa                              13    1.228
47    Cervical spine, cortical                          2    1.920
48    Cervical spine, spongiosa                        17    1.050
57    Cartilage, head                                  26    1.100
61    Brain                                            32    1.050
69    Eye bulb, right                                  34    1.050
106   Muscle, head                                     29    1.050
116   Residual tissue, head                            49    0.950
120   Salivary glands, left                            45    1.030
121   Salivary glands, right                           45    1.030
122   Skin, head                                       27    1.090
126   Spinal cord                                      45    1.030
128   Teeth                                             1    2.750
134   Tonsils                                          45    1.030

Total Edep over all organs = 1.52615e-09 J
Total dose absorbed over all organs = 3.64455e-09 Gy

----------------------------------------------------------------------------
----------------ORGAN ENERGY DEPOSITIONS AND ABSORBED DOSE------------------
-----------(for all organs [includes air - OrganIDs = 0, 140])--------------
--------------([and top/bottom skin layer - OrganIDs = 141])----------------
----------------------------------------------------------------------------
OrganID	Edep (J) 	Dose (Gy) 
-------------------------------
0  | 		6.19671e-11	0
1  | 		0	0
2  | 		0	0
3  | 		2.91734e-15	2.64491e-13
4  | 		1.07071e-12	3.76877e-11
5  | 		6.89912e-21	2.24508e-19
6  | 		2.73074e-20	5.35439e-18
7  | 		0	0
8  | 		0	0
9  | 		0	0
10  | 		0	0
11  | 		0	0
12  | 		0	0
13  | 		0	0
14  | 		0	0
15  | 		0	0
16  | 		0	0
17  | 		0	0
18  | 		0	0
19  | 		0	0
20  | 		0	0
21  | 		0	0
22  | 		0	0
23  | 		0	0
24  | 		0	0
25  | 		0	0
26  | 		3.59007e-10	6.37837e-10
27  | 		2.56638e-10	5.68967e-10
28  | 		0	0
29  | 		0	0
30  | 		0	0
31  | 		0	0
32  | 		0	0
33  | 		0	0
34  | 		0	0
35  | 		0	0
36  | 		0	0
37  | 		0	0
38  | 		0	0
39  | 		1.65058e-12	2.16839e-11
40  | 		4.22068e-13	5.71134e-12
41  | 		0	0
42  | 		0	0
43  | 		0	0
44  | 		0	0
45  | 		0	0
46  | 		0	0
47  | 		3.87912e-12	3.76907e-11
48  | 		4.43666e-12	6.03217e-11
49  | 		0	0
50  | 		0	0
51  | 		0	0
52  | 		0	0
53  | 		0	0
54  | 		0	0
55  | 		0	0
56  | 		0	0
57  | 		1.50763e-16	9.44628e-15
58  | 		0	0
59  | 		0	0
60  | 		0	0
61  | 		5.45791e-10	3.76408e-10
62  | 		0	0
63  | 		0	0
64  | 		0	0
65  | 		0	0
66  | 		0	0
67  | 		0	0
68  | 		0	0
69  | 		8.95988e-20	1.22236e-17
70  | 		0	0
71  | 		0	0
72  | 		0	0
73  | 		0	0
74  | 		0	0
75  | 		0	0
76  | 		0	0
77  | 		0	0
78  | 		0	0
79  | 		0	0
80  | 		0	0
81  | 		0	0
82  | 		0	0
83  | 		0	0
84  | 		0	0
85  | 		0	0
86  | 		0	0
87  | 		0	0
88  | 		0	0
89  | 		0	0
90  | 		0	0
91  | 		0	0
92  | 		0	0
93  | 		0	0
94  | 		0	0
95  | 		0	0
96  | 		0	0
97  | 		0	0
98  | 		0	0
99  | 		0	0
100  | 		0	0
101  | 		0	0
102  | 		0	0
103  | 		0	0
104  | 		0	0
105  | 		0	0
106  | 		9.75487e-11	8.01017e-11
107  | 		0	0
108  | 		0	0
109  | 		0	0
110  | 		0	0
111  | 		0	0
112  | 		0	0
113  | 		0	0
114  | 		0	0
115  | 		0	0
116  | 		1.63628e-10	1.56058e-10
117  | 		0	0
118  | 		0	0
119  | 		0	0
120  | 		1.92749e-11	4.53634e-10
121  | 		2.25878e-11	5.31602e-10
122  | 		4.77249e-11	1.63812e-10
123  | 		0	0
124  | 		0	0
125  | 		0	0
126  | 		1.03367e-12	2.82269e-11
127  | 		0	0
128  | 		1.56147e-20	3.12044e-19
129  | 		0	0
130  | 		0	0
131  | 		0	0
132  | 		0	0
133  | 		0	0
134  | 		1.45844e-12	4.8453e-10
135  | 		0	0
136  | 		0	0
137  | 		0	0
138  | 		0	0
139  | 		0	0
140  | 		3.15953e-14	1.57976e-10
141  | 		0	0
Total energy depositied over all organs = 1.52615e-09 J
Total absorbed dose over all organs = 3.64455e-09 Gy 
