Environment variable "G4FORCE_RUN_MANAGER_TYPE" enabled with value == Serial. Forcing G4RunManager type...

        ############################################
        !!! WARNING - FPE detection is activated !!!
        ############################################


          ################################
          !!! G4Backtrace is activated !!!
          ################################


**************************************************************
 Geant4 version Name: geant4-11-04-patch-03    (01-October-2026)
                       Copyright : Geant4 Collaboration
                      References : NIM A 506 (2003), 250-303
                                 : IEEE-TNS 53 (2006), 270-278
                                 : NIM A 835 (2016), 186-225
                             WWW : http://geant4.org/
**************************************************************

<<< Geant4 Physics List simulation engine: FTFP_BERT

G4VModularPhysicsList::ReplacePhysics: G4EmStandard with type : 2 is replaced with G4EmStandard_opt4
Using 
Visualization Manager instantiating with verbosity "warnings (3)"...
Visualization Manager initialising...
Registering graphics systems...

You have successfully registered the following graphics systems.
Registered graphics systems are:
  ASCIITree (ATree)
  DAWNFILE (DAWNFILE)
  RayTracer (RT)
  VRML2FILE (VRML2FILE)
  gMocrenFile (gMocrenFile)
  TOOLSSG_OFFSCREEN (TSG_OFFSCREEN, TSG_FILE)
  OpenGLImmediateQt (OGLIQt, OGLI)
  OpenGLStoredQt (OGLSQt, OGLS)
  OpenGLImmediateXm (OGLIXm, OGLIQt_FALLBACK)
  OpenGLStoredXm (OGLSXm, OGLSQt_FALLBACK)
  OpenGLImmediateX (OGLIX, OGLIQt_FALLBACK, OGLIXm_FALLBACK)
  OpenGLStoredX (OGLSX, OGLSQt_FALLBACK, OGLSXm_FALLBACK)
  RayTracerX (RTX)
  RayTracerQt (RTQt)
  TOOLSSG_X11_GLES (TSG_X11_GLES, TSGX11, TSG_XT_GLES_FALLBACK)
  TOOLSSG_X11_ZB (TSG_X11_ZB, TSGX11ZB)
  TOOLSSG_XT_GLES (TSG_XT_GLES, TSGXt, TSG_QT_GLES_FALLBACK)
  TOOLSSG_XT_ZB (TSG_XT_ZB, TSGXtZB)
  TOOLSSG_QT_GLES (TSG_QT_GLES, TSGQt, TSG, OGL)
  TOOLSSG_QT_ZB (TSG_QT_ZB, TSGQtZB, TSGZB)
You may choose a graphics system (driver) with a parameter of
the command "/vis/open" or "/vis/sceneHandler/create",
or you may omit the driver parameter and choose at run time:
- by argument in the construction of G4VisExecutive
- by environment variable "G4VIS_DEFAULT_DRIVER"
- by entry in "~/.g4session"
- by build flags.
- Note: This feature is not allowed in batch mode.
For further information see "examples/basic/B1/exampleB1.cc"
and "vis.mac".

Registering model factories...

You have successfully registered the following model factories.
Registered model factories:
  generic
  drawByAttribute
  drawByCharge
  drawByOriginVolume
  drawByParticleID
  drawByEncounteredVolume

Registered models:
  None

Registered filter factories:
  attributeFilter
  chargeFilter
  originVolumeFilter
  particleFilter
  encounteredVolumeFilter

Registered filters:
  None

You have successfully registered the following user vis actions.
Run Duration User Vis Actions: none
End of Event User Vis Actions: none
End of Run User Vis Actions: none

Some /vis commands (optionally) take a string to specify colour.
"/vis/list" to see available colours.
/run/verbose 1
/tracking/verbose 0
/event/verbose 0
/WLS/setPhotonDetGeometry Circle
/run/geometryModified
/WLS/setNumOfLayers 2
/run/geometryModified
/WLS/setSurfaceRoughness 0.999
/run/geometryModified
/WLS/setXYRatio 0.8
/run/geometryModified
/WLS/setWLSLength 1. m
/run/geometryModified
/WLS/setWLSRadius 0.5 mm
/run/geometryModified
/WLS/setClad1Radius 0.3 mm
/run/geometryModified
/WLS/setClad2Radius 0.1 mm
/run/geometryModified
/WLS/setPhotonDetHalfLength 0.6 mm
/run/geometryModified
/WLS/setGap 0.15 mm
/run/geometryModified
/WLS/setAlignment 0.1 deg
/run/geometryModified
/WLS/setMirror true
/run/geometryModified
/WLS/setBarLength 1.1 m
/run/geometryModified
/WLS/setBarBase 9.5 mm
/run/geometryModified
/WLS/setHoleRadius 0.9 mm
/run/geometryModified
/WLS/setCoatingThickness 0.3 mm
/run/geometryModified
/WLS/setCoatingRadius 1.775 mm
/run/geometryModified
/run/initialize
G4NistMaterialBuilder::FindOrBuildMaterial G4_Galactic
G4NistMaterialBuilder: BuildMaterial #286
New material nComponents= 1
G4NistElementBuilder: Build Element <H>  Z= 1  Aeff= 1.00794  with natural isotope composition
G4Material: Mean excitation energy is changed for G4_Galactic Iold= 19.2eV Inew= 21.8 eV
G4NistMaterialBuilder::FindOrBuildMaterial G4_AIR
G4NistMaterialBuilder: BuildMaterial #104
New material nComponents= 4
G4NistElementBuilder: Build Element <C>  Z= 6  Aeff= 12.0107  with natural isotope composition
G4NistElementBuilder: Build Element <N>  Z= 7  Aeff= 14.0068  with natural isotope composition
G4NistElementBuilder: Build Element <O>  Z= 8  Aeff= 15.9994  with natural isotope composition
G4NistElementBuilder: Build Element <Ar>  Z= 18  Aeff= 39.9477  with natural isotope composition
G4NistMaterialBuilder::FindOrBuildMaterial PMMA
G4NistMaterialBuilder::FindOrBuildMaterial WARNING: material <PMMA> is not found.
New material PMMA is prepared  nMaterials= 310 nComponents= 780 nCurrent= 3
G4NistMaterialBuilder: BuildMaterial #309
New material nComponents= 3
G4NistMaterialBuilder::FindOrBuildMaterial Pethylene
G4NistMaterialBuilder::FindOrBuildMaterial WARNING: material <Pethylene> is not found.
New material Pethylene is prepared  nMaterials= 311 nComponents= 783 nCurrent= 2
G4NistMaterialBuilder: BuildMaterial #310
New material nComponents= 2
G4NistMaterialBuilder::FindOrBuildMaterial FPethylene
G4NistMaterialBuilder::FindOrBuildMaterial WARNING: material <FPethylene> is not found.
New material FPethylene is prepared  nMaterials= 312 nComponents= 785 nCurrent= 2
G4NistMaterialBuilder: BuildMaterial #311
New material nComponents= 2
G4NistMaterialBuilder::FindOrBuildMaterial Polystyrene
G4NistMaterialBuilder::FindOrBuildMaterial WARNING: material <Polystyrene> is not found.
New material Polystyrene is prepared  nMaterials= 313 nComponents= 787 nCurrent= 2
G4NistMaterialBuilder: BuildMaterial #312
New material nComponents= 2
G4NistMaterialBuilder::FindOrBuildMaterial Silicone
G4NistMaterialBuilder::FindOrBuildMaterial WARNING: material <Silicone> is not found.
New material Silicone is prepared  nMaterials= 314 nComponents= 789 nCurrent= 2
G4NistMaterialBuilder: BuildMaterial #313
New material nComponents= 2
G4NistMaterialBuilder::FindOrBuildMaterial G4_Al
G4NistMaterialBuilder: BuildMaterial #13
New material nComponents= 1
G4NistElementBuilder: Build Element <Al>  Z= 13  Aeff= 26.9815  with natural isotope composition
G4NistMaterialBuilder::FindOrBuildMaterial TiO2
G4NistMaterialBuilder::FindOrBuildMaterial WARNING: material <TiO2> is not found.
New material TiO2 is prepared  nMaterials= 315 nComponents= 791 nCurrent= 2
G4NistMaterialBuilder: BuildMaterial #314
New material nComponents= 2
G4NistElementBuilder: Build Element <Ti>  Z= 22  Aeff= 47.8667  with natural isotope composition

 hInelastic FTFP_BERT : threshold between BERT and FTFP is over the interval 
 for pions :   3 to 6 GeV
 for kaons :   3 to 6 GeV
 for proton :  3 to 6 GeV
 for neutron : 3 to 6 GeV

### Adding tracking cuts for neutron  TimeCut(ns)= 10000  KinEnergyCut(MeV)= 0
### Birks coefficients used in run time
   Polystyrene     0.126 mm/MeV     0.01323 g/cm^2/MeV  massFactor=  504.5 effCharge= 18.5
/hits/verbose 2
/process/optical/verbose 1
/run/physicsModified
/gps/particle e-
/gps/energy 10 MeV
/gps/pos/type Plane
/gps/pos/shape Circle
/gps/pos/radius 0.5 mm
/gps/pos/centre 0.0 0.0 0.0 cm
/gps/pos/rot1 0 1 0
/gps/pos/rot2 0 0 1
/gps/ang/type iso
/gps/ang/mintheta 0.0 deg
/gps/ang/maxtheta 90.0 deg
/run/printProgress 1
/run/beamOn 10
=======================================================================
======                 Electromagnetic Physics Parameters      ========
=======================================================================
LPM effect enabled                                 1
Enable creation and use of sampling tables         0
Apply cuts on all EM processes                     0
Use combined TransportationWithMsc                 Disabled
Use general process                                1
Enable linear polarisation for gamma               0
Enable photoeffect sampling below K-shell          1
Enable sampling of quantum entanglement            0
X-section factor for integral approach             0.8
Min kinetic energy for tables                      100 eV 
Max kinetic energy for tables                      100 TeV
Number of bins per decade of a table               20
Verbose level                                      1
Verbose level for worker thread                    0
Bremsstrahlung energy threshold above which 
  primary e+- is added to the list of secondary    100 TeV
Bremsstrahlung energy threshold above which primary
  muon/hadron is added to the list of secondary    100 TeV
Positron annihilation at rest model                AllisonPositronium
Enable 3 gamma annihilation on fly                 1
Lowest triplet kinetic energy                      1 MeV
Enable sampling of gamma linear polarisation       0
5D gamma conversion model type                     0
5D gamma conversion model on isolated ion          0
Use RiGe 5D e+e- pair production model by muons    0
Livermore data directory                           epics_2017
=======================================================================
======                 Ionisation Parameters                   ========
=======================================================================
Step function for e+-                              (0.2, 0.01 mm)
Step function for muons/hadrons                    (0.1, 0.05 mm)
Step function for light ions                       (0.1, 0.02 mm)
Step function for general ions                     (0.1, 0.001 mm)
Lowest e+e- kinetic energy                         100 eV 
Lowest muon/hadron kinetic energy                  1 keV
Use ICRU90 data                                    1
Fluctuations of dE/dx are enabled                  1
Type of fluctuation model for leptons and hadrons  Urban
Use built-in Birks saturation                      1
Build CSDA range enabled                           0
Use cut as a final range enabled                   0
Enable angular generator interface                 1
Max kinetic energy for CSDA tables                 1 GeV
Max kinetic energy for NIEL computation            1 MeV
Linear loss limit                                  0.01
Read data from file for e+e- pair production by mu 0
=======================================================================
======                 Multiple Scattering Parameters          ========
=======================================================================
Type of msc step limit algorithm for e+-           2
Type of msc step limit algorithm for muons/hadrons 0
Msc lateral displacement for e+- enabled           1
Msc lateral displacement for muons and hadrons     1
Urban msc model lateral displacement alg96         1
Range factor for msc step limit for e+-            0.08
Range factor for msc step limit for muons/hadrons  0.2
Geometry factor for msc step limitation of e+-     2.5
Safety factor for msc step limit for e+-           0.6
Skin parameter for msc step limitation of e+-      3
Lambda limit for msc step limit for e+-            1 mm
Use Mott correction for e- scattering              1
Factor used for dynamic computation of angular 
  limit between single and multiple scattering     1
Fixed angular limit between single 
  and multiple scattering                          3.1416 rad
Upper energy limit for e+- multiple scattering     100 MeV
Type of electron single scattering model           0
Type of nuclear form-factor                        1
Screening factor                                   1
=======================================================================
======                 Atomic Deexcitation Parameters          ========
=======================================================================
Fluorescence enabled                               1
Directory in G4LEDATA for fluorescence data files  fluor
Auger electron cascade enabled                     0
PIXE atomic de-excitation enabled                  0
De-excitation module ignores cuts                  0
Type of PIXE cross section for hadrons             Empirical
Type of PIXE cross section for e+-                 Livermore
=======================================================================

### ===  Deexcitation model UAtomDeexcitation is activated for 1 region:
          DefaultRegionForTheWorld  1  0  0
### ===  Ignore cuts flag:   0

phot:  for gamma SubType=12 BuildTable=0
      LambdaPrime table from 200 keV to 100 TeV in 174 bins 
      ===== EM models for the G4Region  DefaultRegionForTheWorld ======
 LivermorePhElectric : Emin=    0 eV  Emax=  100 TeV  SauterGavrila Fluo

compt:  for gamma SubType=13 BuildTable=1
      Lambda table from 100 eV  to 1 MeV, 20 bins/decade, spline: 1
      LambdaPrime table from 1 MeV to 100 TeV in 160 bins 
      ===== EM models for the G4Region  DefaultRegionForTheWorld ======
   LowEPComptonModel : Emin=    0 eV  Emax=   20 MeV Fluo
        KleinNishina : Emin=   20 MeV Emax=  100 TeV Fluo

conv:  for gamma SubType=14 BuildTable=1
      Lambda table from 1.022 MeV to 100 TeV, 20 bins/decade, spline: 1
      ===== EM models for the G4Region  DefaultRegionForTheWorld ======
      BetheHeitler5D : Emin=    0 eV  Emax=  100 TeV  ModifiedTsai

Rayl:  for gamma SubType=11 BuildTable=1
      Lambda table from 100 eV  to 150 keV, 20 bins/decade, spline: 0
      LambdaPrime table from 150 keV to 100 TeV in 176 bins 
      ===== EM models for the G4Region  DefaultRegionForTheWorld ======
   LivermoreRayleigh : Emin=    0 eV  Emax=  100 TeV  CullenGenerator

msc:  for e-  SubType= 10
      ===== EM models for the G4Region  DefaultRegionForTheWorld ======
  GoudsmitSaunderson : Emin=    0 eV  Emax=  100 MeV Nbins=120 100 eV  - 100 MeV
          StepLim=SafetyPlus Rfact=0.08 Gfact=2.5 Sfact=0.6 DispFlag:1 Skin=3 Llim=1 mm
        WentzelVIUni : Emin=  100 MeV Emax=  100 TeV Nbins=120 100 MeV - 100 TeV
          StepLim=SafetyPlus Rfact=0.08 Gfact=2.5 Sfact=0.6 DispFlag:1 Skin=3 Llim=1 mm

eIoni:  for e-  XStype:3  SubType=2
      dE/dx and range tables from 100 eV  to 100 TeV in 240 bins
      Lambda tables from threshold to 100 TeV, 20 bins/decade, spline: 1
      StepFunction=(0.2, 0.01 mm), integ: 3, fluct: 1, linLossLim= 0.01
      ===== EM models for the G4Region  DefaultRegionForTheWorld ======
             PenIoni : Emin=    0 eV  Emax=  100 keV
        MollerBhabha : Emin=  100 keV Emax=  100 TeV  deltaVI

eBrem:  for e-  XStype:4  SubType=3
      dE/dx and range tables from 100 eV  to 100 TeV in 240 bins
      Lambda tables from threshold to 100 TeV, 20 bins/decade, spline: 1
      LPM flag: 1 for E > 1 GeV,  VertexHighEnergyTh(GeV)= 100000
      ===== EM models for the G4Region  DefaultRegionForTheWorld ======
             eBremSB : Emin=    0 eV  Emax=    1 GeV  AngularGen2BS
            eBremLPM : Emin=    1 GeV Emax=  100 TeV  AngularGen2BS

ePairProd:  for e-  XStype:1  SubType=4
      dE/dx and range tables from 100 eV  to 100 TeV in 240 bins
      Lambda tables from threshold to 100 TeV, 20 bins/decade, spline: 0
      Sampling table 25x1001 from 0.1 GeV to 100 TeV 
      ===== EM models for the G4Region  DefaultRegionForTheWorld ======
           ePairProd : Emin=    0 eV  Emax=  100 TeV  ModifiedMephi

CoulombScat:  for e- XStype:1 SubType=1 BuildTable=1
      Lambda table from 100 MeV to 100 TeV, 20 bins/decade, spline: 0
      ThetaMin(p) < Theta(degree) < 180, pLimit(GeV^1)= 0.139531
      ===== EM models for the G4Region  DefaultRegionForTheWorld ======
  eCoulombScattering : Emin=  100 MeV Emax=  100 TeV

msc:  for e+  SubType= 10
      ===== EM models for the G4Region  DefaultRegionForTheWorld ======
  GoudsmitSaunderson : Emin=    0 eV  Emax=  100 MeV Nbins=120 100 eV  - 100 MeV
          StepLim=SafetyPlus Rfact=0.08 Gfact=2.5 Sfact=0.6 DispFlag:1 Skin=3 Llim=1 mm
        WentzelVIUni : Emin=  100 MeV Emax=  100 TeV Nbins=120 100 MeV - 100 TeV
          StepLim=SafetyPlus Rfact=0.08 Gfact=2.5 Sfact=0.6 DispFlag:1 Skin=3 Llim=1 mm

eIoni:  for e+  XStype:3  SubType=2
      dE/dx and range tables from 100 eV  to 100 TeV in 240 bins
      Lambda tables from threshold to 100 TeV, 20 bins/decade, spline: 1
      StepFunction=(0.2, 0.01 mm), integ: 3, fluct: 1, linLossLim= 0.01
      ===== EM models for the G4Region  DefaultRegionForTheWorld ======
             PenIoni : Emin=    0 eV  Emax=  100 keV
        MollerBhabha : Emin=  100 keV Emax=  100 TeV  deltaVI

eBrem:  for e+  XStype:4  SubType=3
      dE/dx and range tables from 100 eV  to 100 TeV in 240 bins
      Lambda tables from threshold to 100 TeV, 20 bins/decade, spline: 1
      LPM flag: 1 for E > 1 GeV,  VertexHighEnergyTh(GeV)= 100000
      ===== EM models for the G4Region  DefaultRegionForTheWorld ======
             eBremSB : Emin=    0 eV  Emax=    1 GeV  AngularGen2BS
            eBremLPM : Emin=    1 GeV Emax=  100 TeV  AngularGen2BS

ePairProd:  for e+  XStype:1  SubType=4
      dE/dx and range tables from 100 eV  to 100 TeV in 240 bins
      Lambda tables from threshold to 100 TeV, 20 bins/decade, spline: 0
      Sampling table 25x1001 from 0.1 GeV to 100 TeV 
      ===== EM models for the G4Region  DefaultRegionForTheWorld ======
           ePairProd : Emin=    0 eV  Emax=  100 TeV  ModifiedMephi

annihil:  for e+ XStype:2 SubType=5 AtRestModel:Allison BuildTable=0
      ===== EM models for the G4Region  DefaultRegionForTheWorld ======
    eplusTo2or3gamma : Emin=    0 eV  Emax=  100 TeV

CoulombScat:  for e+ XStype:1 SubType=1 BuildTable=1
      Lambda table from 100 MeV to 100 TeV, 20 bins/decade, spline: 0
      ThetaMin(p) < Theta(degree) < 180, pLimit(GeV^1)= 0.139531
      ===== EM models for the G4Region  DefaultRegionForTheWorld ======
  eCoulombScattering : Emin=  100 MeV Emax=  100 TeV

msc:  for proton  SubType= 10
      ===== EM models for the G4Region  DefaultRegionForTheWorld ======
        WentzelVIUni : Emin=    0 eV  Emax=  100 TeV Nbins=240 100 eV  - 100 TeV
          StepLim=Minimal Rfact=0.2 Gfact=2.5 Sfact=0.6 DispFlag:1 Skin=3 Llim=1 mm

hIoni:  for proton  XStype:3  SubType=2
      dE/dx and range tables from 100 eV  to 100 TeV in 240 bins
      Lambda tables from threshold to 100 TeV, 20 bins/decade, spline: 1
      StepFunction=(0.1, 0.05 mm), integ: 3, fluct: 1, linLossLim= 0.01
      ===== EM models for the G4Region  DefaultRegionForTheWorld ======
               Bragg : Emin=    0 eV  Emax=    2 MeV  deltaVI
          BetheBloch : Emin=    2 MeV Emax=  100 TeV  deltaVI

hBrems:  for proton  XStype:1  SubType=3
      dE/dx and range tables from 100 eV  to 100 TeV in 240 bins
      Lambda tables from threshold to 100 TeV, 20 bins/decade, spline: 1
      ===== EM models for the G4Region  DefaultRegionForTheWorld ======
               hBrem : Emin=    0 eV  Emax=  100 TeV  ModifiedMephi

hPairProd:  for proton  XStype:1  SubType=4
      dE/dx and range tables from 100 eV  to 100 TeV in 240 bins
      Lambda tables from threshold to 100 TeV, 20 bins/decade, spline: 1
      Sampling table 17x1001, from 7.50618 GeV to 100 TeV 
      ===== EM models for the G4Region  DefaultRegionForTheWorld ======
           hPairProd : Emin=    0 eV  Emax=  100 TeV  ModifiedMephi

CoulombScat:  for proton XStype:1 SubType=1 BuildTable=1
      Lambda table from threshold  to 100 TeV, 20 bins/decade, spline: 0
      ThetaMin(p) < Theta(degree) < 180, pLimit(GeV^1)= 0.139531
      ===== EM models for the G4Region  DefaultRegionForTheWorld ======
  eCoulombScattering : Emin=    0 eV  Emax=  100 TeV

nuclearStopping:  for proton SubType=8 BuildTable=0
      ===== EM models for the G4Region  DefaultRegionForTheWorld ======
   ICRU49NucStopping : Emin=    0 eV  Emax=    1 MeV

msc:  for GenericIon  SubType= 10
      ===== EM models for the G4Region  DefaultRegionForTheWorld ======
            UrbanMsc : Emin=    0 eV  Emax=  100 TeV
          StepLim=Minimal Rfact=0.2 Gfact=2.5 Sfact=0.6 DispFlag:1 Skin=3 Llim=1 mm

ionIoni:  for GenericIon  XStype:3  SubType=2
      dE/dx and range tables from 100 eV  to 100 TeV in 240 bins
      Lambda tables from threshold to 100 TeV, 20 bins/decade, spline: 1
      StepFunction=(0.1, 0.001 mm), integ: 3, fluct: 1, linLossLim= 0.02
      ===== EM models for the G4Region  DefaultRegionForTheWorld ======
    LindhardSorensen : Emin=    0 eV  Emax=  100 TeV  deltaVI

nuclearStopping:  for GenericIon SubType=8 BuildTable=0
      ===== EM models for the G4Region  DefaultRegionForTheWorld ======
   ICRU49NucStopping : Emin=    0 eV  Emax=    1 MeV

msc:  for alpha  SubType= 10
      ===== EM models for the G4Region  DefaultRegionForTheWorld ======
            UrbanMsc : Emin=    0 eV  Emax=  100 TeV
          StepLim=Minimal Rfact=0.2 Gfact=2.5 Sfact=0.6 DispFlag:1 Skin=3 Llim=1 mm

ionIoni:  for alpha  XStype:3  SubType=2
      dE/dx and range tables from 100 eV  to 100 TeV in 240 bins
      Lambda tables from threshold to 100 TeV, 20 bins/decade, spline: 1
      StepFunction=(0.1, 0.02 mm), integ: 3, fluct: 1, linLossLim= 0.02
      ===== EM models for the G4Region  DefaultRegionForTheWorld ======
            BraggIon : Emin=    0 eV  Emax=7.9452 MeV  deltaVI
          BetheBloch : Emin=7.9452 MeV Emax=  100 TeV  deltaVI

nuclearStopping:  for alpha SubType=8 BuildTable=0
      ===== EM models for the G4Region  DefaultRegionForTheWorld ======
   ICRU49NucStopping : Emin=    0 eV  Emax=    1 MeV

msc:  for anti_proton  SubType= 10
      ===== EM models for the G4Region  DefaultRegionForTheWorld ======
        WentzelVIUni : Emin=    0 eV  Emax=  100 TeV Nbins=240 100 eV  - 100 TeV
          StepLim=Minimal Rfact=0.2 Gfact=2.5 Sfact=0.6 DispFlag:1 Skin=3 Llim=1 mm

hIoni:  for anti_proton  XStype:3  SubType=2
      dE/dx and range tables from 100 eV  to 100 TeV in 240 bins
      Lambda tables from threshold to 100 TeV, 20 bins/decade, spline: 1
      StepFunction=(0.1, 0.05 mm), integ: 3, fluct: 1, linLossLim= 0.01
      ===== EM models for the G4Region  DefaultRegionForTheWorld ======
            ICRU73QO : Emin=    0 eV  Emax=    2 MeV  deltaVI
          BetheBloch : Emin=    2 MeV Emax=  100 TeV  deltaVI

hBrems:  for anti_proton  XStype:1  SubType=3
      dE/dx and range tables from 100 eV  to 100 TeV in 240 bins
      Lambda tables from threshold to 100 TeV, 20 bins/decade, spline: 1
      ===== EM models for the G4Region  DefaultRegionForTheWorld ======
               hBrem : Emin=    0 eV  Emax=  100 TeV  ModifiedMephi

hPairProd:  for anti_proton  XStype:1  SubType=4
      dE/dx and range tables from 100 eV  to 100 TeV in 240 bins
      Lambda tables from threshold to 100 TeV, 20 bins/decade, spline: 1
      Sampling table 17x1001, from 7.50618 GeV to 100 TeV 
      ===== EM models for the G4Region  DefaultRegionForTheWorld ======
           hPairProd : Emin=    0 eV  Emax=  100 TeV  ModifiedMephi

CoulombScat:  for anti_proton XStype:1 SubType=1 BuildTable=1
      Lambda table from threshold  to 100 TeV, 20 bins/decade, spline: 0
      ThetaMin(p) < Theta(degree) < 180, pLimit(GeV^1)= 0.139531
      ===== EM models for the G4Region  DefaultRegionForTheWorld ======
  eCoulombScattering : Emin=    0 eV  Emax=  100 TeV

msc:  for kaon+  SubType= 10
      ===== EM models for the G4Region  DefaultRegionForTheWorld ======
        WentzelVIUni : Emin=    0 eV  Emax=  100 TeV Nbins=240 100 eV  - 100 TeV
          StepLim=Minimal Rfact=0.2 Gfact=2.5 Sfact=0.6 DispFlag:1 Skin=3 Llim=1 mm

hIoni:  for kaon+  XStype:3  SubType=2
      dE/dx and range tables from 100 eV  to 100 TeV in 240 bins
      Lambda tables from threshold to 100 TeV, 20 bins/decade, spline: 1
      StepFunction=(0.1, 0.05 mm), integ: 3, fluct: 1, linLossLim= 0.01
      ===== EM models for the G4Region  DefaultRegionForTheWorld ======
               Bragg : Emin=    0 eV  Emax=1.05231 MeV  deltaVI
          BetheBloch : Emin=1.05231 MeV Emax=  100 TeV  deltaVI

hBrems:  for kaon+  XStype:1  SubType=3
      dE/dx and range tables from 100 eV  to 100 TeV in 240 bins
      Lambda tables from threshold to 100 TeV, 20 bins/decade, spline: 1
      ===== EM models for the G4Region  DefaultRegionForTheWorld ======
               hBrem : Emin=    0 eV  Emax=  100 TeV  ModifiedMephi

hPairProd:  for kaon+  XStype:1  SubType=4
      dE/dx and range tables from 100 eV  to 100 TeV in 240 bins
      Lambda tables from threshold to 100 TeV, 20 bins/decade, spline: 1
      Sampling table 18x1001, from 3.94942 GeV to 100 TeV 
      ===== EM models for the G4Region  DefaultRegionForTheWorld ======
           hPairProd : Emin=    0 eV  Emax=  100 TeV  ModifiedMephi

CoulombScat:  for kaon+ XStype:1 SubType=1 BuildTable=1
      Lambda table from threshold  to 100 TeV, 20 bins/decade, spline: 0
      ThetaMin(p) < Theta(degree) < 180, pLimit(GeV^1)= 0.139531
      ===== EM models for the G4Region  DefaultRegionForTheWorld ======
  eCoulombScattering : Emin=    0 eV  Emax=  100 TeV

msc:  for kaon-  SubType= 10
      ===== EM models for the G4Region  DefaultRegionForTheWorld ======
        WentzelVIUni : Emin=    0 eV  Emax=  100 TeV Nbins=240 100 eV  - 100 TeV
          StepLim=Minimal Rfact=0.2 Gfact=2.5 Sfact=0.6 DispFlag:1 Skin=3 Llim=1 mm

hIoni:  for kaon-  XStype:3  SubType=2
      dE/dx and range tables from 100 eV  to 100 TeV in 240 bins
      Lambda tables from threshold to 100 TeV, 20 bins/decade, spline: 1
      StepFunction=(0.1, 0.05 mm), integ: 3, fluct: 1, linLossLim= 0.01
      ===== EM models for the G4Region  DefaultRegionForTheWorld ======
            ICRU73QO : Emin=    0 eV  Emax=1.05231 MeV  deltaVI
          BetheBloch : Emin=1.05231 MeV Emax=  100 TeV  deltaVI

hBrems:  for kaon-  XStype:1  SubType=3
      dE/dx and range tables from 100 eV  to 100 TeV in 240 bins
      Lambda tables from threshold to 100 TeV, 20 bins/decade, spline: 1
      ===== EM models for the G4Region  DefaultRegionForTheWorld ======
               hBrem : Emin=    0 eV  Emax=  100 TeV  ModifiedMephi

hPairProd:  for kaon-  XStype:1  SubType=4
      dE/dx and range tables from 100 eV  to 100 TeV in 240 bins
      Lambda tables from threshold to 100 TeV, 20 bins/decade, spline: 1
      Sampling table 18x1001, from 3.94942 GeV to 100 TeV 
      ===== EM models for the G4Region  DefaultRegionForTheWorld ======
           hPairProd : Emin=    0 eV  Emax=  100 TeV  ModifiedMephi

CoulombScat:  for kaon- XStype:1 SubType=1 BuildTable=1
      Used Lambda table of kaon+
      ThetaMin(p) < Theta(degree) < 180, pLimit(GeV^1)= 0.139531
      ===== EM models for the G4Region  DefaultRegionForTheWorld ======
  eCoulombScattering : Emin=    0 eV  Emax=  100 TeV

msc:  for mu+  SubType= 10
      ===== EM models for the G4Region  DefaultRegionForTheWorld ======
        WentzelVIUni : Emin=    0 eV  Emax=  100 TeV Nbins=240 100 eV  - 100 TeV
          StepLim=Minimal Rfact=0.2 Gfact=2.5 Sfact=0.6 DispFlag:1 Skin=3 Llim=1 mm

muIoni:  for mu+  XStype:3  SubType=2
      dE/dx and range tables from 100 eV  to 100 TeV in 240 bins
      Lambda tables from threshold to 100 TeV, 20 bins/decade, spline: 1
      StepFunction=(0.1, 0.05 mm), integ: 3, fluct: 1, linLossLim= 0.01
      ===== EM models for the G4Region  DefaultRegionForTheWorld ======
               Bragg : Emin=    0 eV  Emax=  200 keV  deltaVI
        MuBetheBloch : Emin=  200 keV Emax=  100 TeV  deltaVI

muBrems:  for mu+  XStype:1  SubType=3
      dE/dx and range tables from 100 eV  to 100 TeV in 240 bins
      Lambda tables from threshold to 100 TeV, 20 bins/decade, spline: 1
      ===== EM models for the G4Region  DefaultRegionForTheWorld ======
              MuBrem : Emin=    0 eV  Emax=  100 TeV  ModifiedMephi

muPairProd:  for mu+  XStype:1  SubType=4
      dE/dx and range tables from 100 eV  to 100 TeV in 240 bins
      Lambda tables from threshold to 100 TeV, 20 bins/decade, spline: 1
      Sampling table 21x1001, from 0.85 GeV to 100 TeV 
      ===== EM models for the G4Region  DefaultRegionForTheWorld ======
          muPairProd : Emin=    0 eV  Emax=  100 TeV  ModifiedMephi

CoulombScat:  for mu+ XStype:1 SubType=1 BuildTable=1
      Lambda table from threshold  to 100 TeV, 20 bins/decade, spline: 0
      ThetaMin(p) < Theta(degree) < 180, pLimit(GeV^1)= 0.139531
      ===== EM models for the G4Region  DefaultRegionForTheWorld ======
  eCoulombScattering : Emin=    0 eV  Emax=  100 TeV

msc:  for mu-  SubType= 10
      ===== EM models for the G4Region  DefaultRegionForTheWorld ======
        WentzelVIUni : Emin=    0 eV  Emax=  100 TeV Nbins=240 100 eV  - 100 TeV
          StepLim=Minimal Rfact=0.2 Gfact=2.5 Sfact=0.6 DispFlag:1 Skin=3 Llim=1 mm

muIoni:  for mu-  XStype:3  SubType=2
      dE/dx and range tables from 100 eV  to 100 TeV in 240 bins
      Lambda tables from threshold to 100 TeV, 20 bins/decade, spline: 1
      StepFunction=(0.1, 0.05 mm), integ: 3, fluct: 1, linLossLim= 0.01
      ===== EM models for the G4Region  DefaultRegionForTheWorld ======
            ICRU73QO : Emin=    0 eV  Emax=  200 keV  deltaVI
        MuBetheBloch : Emin=  200 keV Emax=  100 TeV  deltaVI

muBrems:  for mu-  XStype:1  SubType=3
      dE/dx and range tables from 100 eV  to 100 TeV in 240 bins
      Lambda tables from threshold to 100 TeV, 20 bins/decade, spline: 1
      ===== EM models for the G4Region  DefaultRegionForTheWorld ======
              MuBrem : Emin=    0 eV  Emax=  100 TeV  ModifiedMephi

muPairProd:  for mu-  XStype:1  SubType=4
      dE/dx and range tables from 100 eV  to 100 TeV in 240 bins
      Lambda tables from threshold to 100 TeV, 20 bins/decade, spline: 1
      Sampling table 21x1001, from 0.85 GeV to 100 TeV 
      ===== EM models for the G4Region  DefaultRegionForTheWorld ======
          muPairProd : Emin=    0 eV  Emax=  100 TeV  ModifiedMephi

CoulombScat:  for mu- XStype:1 SubType=1 BuildTable=1
      Used Lambda table of mu+
      ThetaMin(p) < Theta(degree) < 180, pLimit(GeV^1)= 0.139531
      ===== EM models for the G4Region  DefaultRegionForTheWorld ======
  eCoulombScattering : Emin=    0 eV  Emax=  100 TeV

msc:  for pi+  SubType= 10
      ===== EM models for the G4Region  DefaultRegionForTheWorld ======
        WentzelVIUni : Emin=    0 eV  Emax=  100 TeV Nbins=240 100 eV  - 100 TeV
          StepLim=Minimal Rfact=0.2 Gfact=2.5 Sfact=0.6 DispFlag:1 Skin=3 Llim=1 mm

hIoni:  for pi+  XStype:3  SubType=2
      dE/dx and range tables from 100 eV  to 100 TeV in 240 bins
      Lambda tables from threshold to 100 TeV, 20 bins/decade, spline: 1
      StepFunction=(0.1, 0.05 mm), integ: 3, fluct: 1, linLossLim= 0.01
      ===== EM models for the G4Region  DefaultRegionForTheWorld ======
               Bragg : Emin=    0 eV  Emax=297.505 keV  deltaVI
          BetheBloch : Emin=297.505 keV Emax=  100 TeV  deltaVI

hBrems:  for pi+  XStype:1  SubType=3
      dE/dx and range tables from 100 eV  to 100 TeV in 240 bins
      Lambda tables from threshold to 100 TeV, 20 bins/decade, spline: 1
      ===== EM models for the G4Region  DefaultRegionForTheWorld ======
               hBrem : Emin=    0 eV  Emax=  100 TeV  ModifiedMephi

hPairProd:  for pi+  XStype:1  SubType=4
      dE/dx and range tables from 100 eV  to 100 TeV in 240 bins
      Lambda tables from threshold to 100 TeV, 20 bins/decade, spline: 1
      Sampling table 20x1001, from 1.11656 GeV to 100 TeV 
      ===== EM models for the G4Region  DefaultRegionForTheWorld ======
           hPairProd : Emin=    0 eV  Emax=  100 TeV  ModifiedMephi

CoulombScat:  for pi+ XStype:1 SubType=1 BuildTable=1
      Lambda table from threshold  to 100 TeV, 20 bins/decade, spline: 0
      ThetaMin(p) < Theta(degree) < 180, pLimit(GeV^1)= 0.139531
      ===== EM models for the G4Region  DefaultRegionForTheWorld ======
  eCoulombScattering : Emin=    0 eV  Emax=  100 TeV

msc:  for pi-  SubType= 10
      ===== EM models for the G4Region  DefaultRegionForTheWorld ======
        WentzelVIUni : Emin=    0 eV  Emax=  100 TeV Nbins=240 100 eV  - 100 TeV
          StepLim=Minimal Rfact=0.2 Gfact=2.5 Sfact=0.6 DispFlag:1 Skin=3 Llim=1 mm

hIoni:  for pi-  XStype:3  SubType=2
      dE/dx and range tables from 100 eV  to 100 TeV in 240 bins
      Lambda tables from threshold to 100 TeV, 20 bins/decade, spline: 1
      StepFunction=(0.1, 0.05 mm), integ: 3, fluct: 1, linLossLim= 0.01
      ===== EM models for the G4Region  DefaultRegionForTheWorld ======
            ICRU73QO : Emin=    0 eV  Emax=297.505 keV  deltaVI
          BetheBloch : Emin=297.505 keV Emax=  100 TeV  deltaVI

hBrems:  for pi-  XStype:1  SubType=3
      dE/dx and range tables from 100 eV  to 100 TeV in 240 bins
      Lambda tables from threshold to 100 TeV, 20 bins/decade, spline: 1
      ===== EM models for the G4Region  DefaultRegionForTheWorld ======
               hBrem : Emin=    0 eV  Emax=  100 TeV  ModifiedMephi

hPairProd:  for pi-  XStype:1  SubType=4
      dE/dx and range tables from 100 eV  to 100 TeV in 240 bins
      Lambda tables from threshold to 100 TeV, 20 bins/decade, spline: 1
      Sampling table 20x1001, from 1.11656 GeV to 100 TeV 
      ===== EM models for the G4Region  DefaultRegionForTheWorld ======
           hPairProd : Emin=    0 eV  Emax=  100 TeV  ModifiedMephi

CoulombScat:  for pi- XStype:1 SubType=1 BuildTable=1
      Used Lambda table of pi+
      ThetaMin(p) < Theta(degree) < 180, pLimit(GeV^1)= 0.139531
      ===== EM models for the G4Region  DefaultRegionForTheWorld ======
  eCoulombScattering : Emin=    0 eV  Emax=  100 TeV

====================================================================
                  HADRONIC PROCESSES SUMMARY (verbose level 1)
-----------------------------------------------------------------------
                           Hadronic Processes for neutron
  Process: hadElastic
        Model:             hElasticCHIPS: 0 eV  ---> 100 TeV
     Cr_sctns:        G4NeutronElasticXS: 0 eV  ---> 100 TeV
  Process: neutronInelastic
        Model:                      FTFP: 3 GeV ---> 100 TeV
        Model:            BertiniCascade: 0 eV  ---> 6 GeV
     Cr_sctns:      G4NeutronInelasticXS: 0 eV  ---> 100 TeV
  Process: nCapture
        Model:               nRadCapture: 0 eV  ---> 100 TeV
     Cr_sctns:        G4NeutronCaptureXS: 0 eV  ---> 100 TeV
  Process: nKiller
-----------------------------------------------------------------------
                           Hadronic Processes for B-
  Process: hadElastic
        Model:              hElasticLHEP: 0 eV  ---> 100 TeV
     Cr_sctns:            Glauber-Gribov: 0 eV  ---> 100 TeV
  Process: B-Inelastic
        Model:                      FTFP: 0 eV  ---> 100 TeV
     Cr_sctns:            Glauber-Gribov: 0 eV  ---> 100 TeV
-----------------------------------------------------------------------
                           Hadronic Processes for D-
  Process: hadElastic
        Model:              hElasticLHEP: 0 eV  ---> 100 TeV
     Cr_sctns:            Glauber-Gribov: 0 eV  ---> 100 TeV
  Process: D-Inelastic
        Model:                      FTFP: 0 eV  ---> 100 TeV
     Cr_sctns:            Glauber-Gribov: 0 eV  ---> 100 TeV
-----------------------------------------------------------------------
                           Hadronic Processes for GenericIon
  Process: ionInelastic
        Model:  Binary Light Ion Cascade: 0 eV /n ---> 6 GeV/n
        Model:                      FTFP: 3 GeV/n ---> 100 TeV/n
     Cr_sctns:  Glauber-Gribov Nucl-nucl: 0 eV  ---> 25.6 PeV
-----------------------------------------------------------------------
                           Hadronic Processes for He3
  Process: hadElastic
        Model:              hElasticLHEP: 0 eV /n ---> 100 TeV/n
     Cr_sctns:  Glauber-Gribov Nucl-nucl: 0 eV  ---> 25.6 PeV
  Process: He3Inelastic
        Model:  Binary Light Ion Cascade: 0 eV /n ---> 6 GeV/n
        Model:                      FTFP: 3 GeV/n ---> 100 TeV/n
     Cr_sctns:  Glauber-Gribov Nucl-nucl: 0 eV  ---> 25.6 PeV
-----------------------------------------------------------------------
                           Hadronic Processes for alpha
  Process: hadElastic
        Model:              hElasticLHEP: 0 eV /n ---> 100 TeV/n
     Cr_sctns:  Glauber-Gribov Nucl-nucl: 0 eV  ---> 25.6 PeV
  Process: alphaInelastic
        Model:  Binary Light Ion Cascade: 0 eV /n ---> 6 GeV/n
        Model:                      FTFP: 3 GeV/n ---> 100 TeV/n
     Cr_sctns:  Glauber-Gribov Nucl-nucl: 0 eV  ---> 25.6 PeV
-----------------------------------------------------------------------
                           Hadronic Processes for anti_He3
  Process: hadElastic
        Model:              hElasticLHEP: 0 eV /n ---> 100.1 MeV/n
        Model:              AntiAElastic: 100 MeV/n ---> 100 TeV/n
     Cr_sctns:              AntiAGlauber: 0 eV  ---> 25.6 PeV
  Process: anti_He3Inelastic
        Model:                      FTFP: 0 eV /n ---> 100 TeV/n
     Cr_sctns:              AntiAGlauber: 0 eV  ---> 25.6 PeV
  Process: hFritiofCaptureAtRest
-----------------------------------------------------------------------
                           Hadronic Processes for anti_alpha
  Process: hadElastic
        Model:              hElasticLHEP: 0 eV /n ---> 100.1 MeV/n
        Model:              AntiAElastic: 100 MeV/n ---> 100 TeV/n
     Cr_sctns:              AntiAGlauber: 0 eV  ---> 25.6 PeV
  Process: anti_alphaInelastic
        Model:                      FTFP: 0 eV /n ---> 100 TeV/n
     Cr_sctns:              AntiAGlauber: 0 eV  ---> 25.6 PeV
  Process: hFritiofCaptureAtRest
-----------------------------------------------------------------------
                           Hadronic Processes for anti_deuteron
  Process: hadElastic
        Model:              hElasticLHEP: 0 eV /n ---> 100.1 MeV/n
        Model:              AntiAElastic: 100 MeV/n ---> 100 TeV/n
     Cr_sctns:              AntiAGlauber: 0 eV  ---> 25.6 PeV
  Process: anti_deuteronInelastic
        Model:                      FTFP: 0 eV /n ---> 100 TeV/n
     Cr_sctns:              AntiAGlauber: 0 eV  ---> 25.6 PeV
  Process: hFritiofCaptureAtRest
-------------------------------------------------------------------------
                           Hadronic Processes for anti_hypertriton
  Process: hFritiofCaptureAtRest
-----------------------------------------------------------------------
                           Hadronic Processes for anti_lambda
  Process: hadElastic
        Model:              hElasticLHEP: 0 eV  ---> 100 TeV
     Cr_sctns:            Glauber-Gribov: 0 eV  ---> 100 TeV
  Process: anti_lambdaInelastic
        Model:                      FTFP: 0 eV  ---> 100 TeV
     Cr_sctns:            Glauber-Gribov: 0 eV  ---> 100 TeV
  Process: hFritiofCaptureAtRest
-----------------------------------------------------------------------
                           Hadronic Processes for anti_neutron
  Process: hadElastic
        Model:              hElasticLHEP: 0 eV  ---> 100.1 MeV
        Model:              AntiAElastic: 100 MeV ---> 100 TeV
     Cr_sctns:              AntiAGlauber: 0 eV  ---> 25.6 PeV
  Process: anti_neutronInelastic
        Model:                      FTFP: 0 eV  ---> 100 TeV
     Cr_sctns:              AntiAGlauber: 0 eV  ---> 25.6 PeV
  Process: hFritiofCaptureAtRest
-----------------------------------------------------------------------
                           Hadronic Processes for anti_proton
  Process: hadElastic
        Model:              hElasticLHEP: 0 eV  ---> 100.1 MeV
        Model:              AntiAElastic: 100 MeV ---> 100 TeV
     Cr_sctns:              AntiAGlauber: 0 eV  ---> 25.6 PeV
  Process: anti_protonInelastic
        Model:                      FTFP: 0 eV  ---> 100 TeV
     Cr_sctns:              AntiAGlauber: 0 eV  ---> 25.6 PeV
  Process: hFritiofCaptureAtRest
-----------------------------------------------------------------------
                           Hadronic Processes for anti_triton
  Process: hadElastic
        Model:              hElasticLHEP: 0 eV /n ---> 100.1 MeV/n
        Model:              AntiAElastic: 100 MeV/n ---> 100 TeV/n
     Cr_sctns:              AntiAGlauber: 0 eV  ---> 25.6 PeV
  Process: anti_tritonInelastic
        Model:                      FTFP: 0 eV /n ---> 100 TeV/n
     Cr_sctns:              AntiAGlauber: 0 eV  ---> 25.6 PeV
  Process: hFritiofCaptureAtRest
-----------------------------------------------------------------------
                           Hadronic Processes for deuteron
  Process: hadElastic
        Model:              hElasticLHEP: 0 eV /n ---> 100 TeV/n
     Cr_sctns:  Glauber-Gribov Nucl-nucl: 0 eV  ---> 25.6 PeV
  Process: dInelastic
        Model:  Binary Light Ion Cascade: 0 eV /n ---> 6 GeV/n
        Model:                      FTFP: 3 GeV/n ---> 100 TeV/n
     Cr_sctns:  Glauber-Gribov Nucl-nucl: 0 eV  ---> 25.6 PeV
-----------------------------------------------------------------------
                           Hadronic Processes for e+
  Process: positronNuclear
        Model:   G4ElectroVDNuclearModel: 0 eV  ---> 1 PeV
     Cr_sctns:          ElectroNuclearXS: 0 eV  ---> 100 TeV
-----------------------------------------------------------------------
                           Hadronic Processes for e-
  Process: electronNuclear
        Model:   G4ElectroVDNuclearModel: 0 eV  ---> 1 PeV
     Cr_sctns:          ElectroNuclearXS: 0 eV  ---> 100 TeV
-----------------------------------------------------------------------
                           Hadronic Processes for gamma
  Process: photonNuclear
        Model:               GammaNPreco: 0 eV  ---> 200 MeV
        Model:            BertiniCascade: 199 MeV ---> 6 GeV
        Model:           TheoFSGenerator: 3 GeV ---> 100 TeV
     Cr_sctns:            GammaNuclearXS: 0 eV  ---> 100 TeV
-----------------------------------------------------------------------
                           Hadronic Processes for kaon+
  Process: hadElastic
        Model:              hElasticLHEP: 0 eV  ---> 100 TeV
     Cr_sctns:            Glauber-Gribov: 0 eV  ---> 100 TeV
  Process: kaon+Inelastic
        Model:                      FTFP: 3 GeV ---> 100 TeV
        Model:            BertiniCascade: 0 eV  ---> 6 GeV
     Cr_sctns:            Glauber-Gribov: 0 eV  ---> 100 TeV
-----------------------------------------------------------------------
                           Hadronic Processes for kaon-
  Process: hadElastic
        Model:              hElasticLHEP: 0 eV  ---> 100 TeV
     Cr_sctns:            Glauber-Gribov: 0 eV  ---> 100 TeV
  Process: kaon-Inelastic
        Model:                      FTFP: 3 GeV ---> 100 TeV
        Model:            BertiniCascade: 0 eV  ---> 6 GeV
     Cr_sctns:            Glauber-Gribov: 0 eV  ---> 100 TeV
  Process: hBertiniCaptureAtRest
-----------------------------------------------------------------------
                           Hadronic Processes for lambda
  Process: hadElastic
        Model:              hElasticLHEP: 0 eV  ---> 100 TeV
     Cr_sctns:            Glauber-Gribov: 0 eV  ---> 100 TeV
  Process: lambdaInelastic
        Model:                      FTFP: 3 GeV ---> 100 TeV
        Model:            BertiniCascade: 0 eV  ---> 6 GeV
     Cr_sctns:            Glauber-Gribov: 0 eV  ---> 100 TeV
-----------------------------------------------------------------------
                           Hadronic Processes for mu+
  Process: muonNuclear
        Model:      G4MuonVDNuclearModel: 0 eV  ---> 1 PeV
     Cr_sctns:     KokoulinMuonNuclearXS: 0 eV  ---> 100 TeV
-----------------------------------------------------------------------
                           Hadronic Processes for mu-
  Process: muonNuclear
        Model:      G4MuonVDNuclearModel: 0 eV  ---> 1 PeV
     Cr_sctns:     KokoulinMuonNuclearXS: 0 eV  ---> 100 TeV
  Process: muMinusCaptureAtRest
-----------------------------------------------------------------------
                           Hadronic Processes for pi+
  Process: hadElastic
        Model:           hElasticGlauber: 0 eV  ---> 100 TeV
     Cr_sctns:  BarashenkovGlauberGribov: 0 eV  ---> 100 TeV
  Process: pi+Inelastic
        Model:                      FTFP: 3 GeV ---> 100 TeV
        Model:            BertiniCascade: 0 eV  ---> 6 GeV
     Cr_sctns:  BarashenkovGlauberGribov: 0 eV  ---> 100 TeV
-----------------------------------------------------------------------
                           Hadronic Processes for pi-
  Process: hadElastic
        Model:           hElasticGlauber: 0 eV  ---> 100 TeV
     Cr_sctns:  BarashenkovGlauberGribov: 0 eV  ---> 100 TeV
  Process: pi-Inelastic
        Model:                      FTFP: 3 GeV ---> 100 TeV
        Model:            BertiniCascade: 0 eV  ---> 6 GeV
     Cr_sctns:  BarashenkovGlauberGribov: 0 eV  ---> 100 TeV
  Process: hBertiniCaptureAtRest
-----------------------------------------------------------------------
                           Hadronic Processes for proton
  Process: hadElastic
        Model:             hElasticCHIPS: 0 eV  ---> 100 TeV
     Cr_sctns:  BarashenkovGlauberGribov: 0 eV  ---> 100 TeV
  Process: protonInelastic
        Model:                      FTFP: 3 GeV ---> 100 TeV
        Model:            BertiniCascade: 0 eV  ---> 6 GeV
     Cr_sctns:  BarashenkovGlauberGribov: 0 eV  ---> 100 TeV
-----------------------------------------------------------------------
                           Hadronic Processes for sigma-
  Process: hadElastic
        Model:              hElasticLHEP: 0 eV  ---> 100 TeV
     Cr_sctns:            Glauber-Gribov: 0 eV  ---> 100 TeV
  Process: sigma-Inelastic
        Model:                      FTFP: 3 GeV ---> 100 TeV
        Model:            BertiniCascade: 0 eV  ---> 6 GeV
     Cr_sctns:            Glauber-Gribov: 0 eV  ---> 100 TeV
  Process: hBertiniCaptureAtRest
-----------------------------------------------------------------------
                           Hadronic Processes for triton
  Process: hadElastic
        Model:              hElasticLHEP: 0 eV /n ---> 100 TeV/n
     Cr_sctns:  Glauber-Gribov Nucl-nucl: 0 eV  ---> 25.6 PeV
  Process: tInelastic
        Model:  Binary Light Ion Cascade: 0 eV /n ---> 6 GeV/n
        Model:                      FTFP: 3 GeV/n ---> 100 TeV/n
     Cr_sctns:  Glauber-Gribov Nucl-nucl: 0 eV  ---> 25.6 PeV
=======================================================================
======       Geant4 Native Pre-compound Model Parameters       ========
=======================================================================
Type of pre-compound model                          0
Type of pre-compound inverse x-section              1
Pre-compound model active                           1
Pre-compound excitation low energy                  0.1 MeV 
Pre-compound excitation high energy                 15 MeV 
Angular generator for pre-compound model            1
Use NeverGoBack option for pre-compound model       0
Use SoftCutOff option for pre-compound model        0
Use CEM transitions for pre-compound model          1
Use GNASH transitions for pre-compound model        0
Use HETC submodel for pre-compound model            0
=======================================================================
======       Nuclear De-excitation Module Parameters           ========
=======================================================================
Type of de-excitation inverse x-section             3
Type of de-excitation factory                       Evaporation+GEM
Number of de-excitation channels                    68
Type of Fermi BreakUp model                         ModelVI
Min excitation energy                               0.01 keV 
Min energy per nucleon for multifragmentation       2e+05 MeV
Level density (1/MeV)                               0.075
Use simple level density model                      1
Use discrete excitation energy of the residual      0
Time limit for long lived isomeres                  1 ns 
Isomer production flag                              1
Internal e- conversion flag                         1
Store e- internal conversion data                   1
Correlated gamma emission flag                      0
Max 2J for sampling of angular correlations         10
=======================================================================

========= Table of registered couples ============================

Index : 0     used in the geometry : Yes
 Material : G4_AIR
 Range cuts        :  gamma  700 um     e-  700 um     e+  700 um  proton 700 um 
 Energy thresholds :  gamma  990 eV     e-  990 eV     e+  990 eV  proton 70 keV
 Region(s) which use this couple : 
    DefaultRegionForTheWorld

Index : 1     used in the geometry : Yes
 Material : Coating
 Range cuts        :  gamma  700 um     e-  700 um     e+  700 um  proton 700 um 
 Energy thresholds :  gamma  2.94006 keV    e-  353.752 keV    e+  343.944 keV proton 70 keV
 Region(s) which use this couple : 
    DefaultRegionForTheWorld

Index : 2     used in the geometry : Yes
 Material : Polystyrene
 Range cuts        :  gamma  700 um     e-  700 um     e+  700 um  proton 700 um 
 Energy thresholds :  gamma  2.11747 keV    e-  283.267 keV    e+  276.345 keV proton 70 keV
 Region(s) which use this couple : 
    DefaultRegionForTheWorld

Index : 3     used in the geometry : Yes
 Material : FPethylene
 Range cuts        :  gamma  700 um     e-  700 um     e+  700 um  proton 700 um 
 Energy thresholds :  gamma  2.29509 keV    e-  361.129 keV    e+  351.337 keV proton 70 keV
 Region(s) which use this couple : 
    DefaultRegionForTheWorld

Index : 4     used in the geometry : Yes
 Material : Pethylene
 Range cuts        :  gamma  700 um     e-  700 um     e+  700 um  proton 700 um 
 Energy thresholds :  gamma  2.1663 keV    e-  325.767 keV    e+  317.398 keV proton 70 keV
 Region(s) which use this couple : 
    DefaultRegionForTheWorld

Index : 5     used in the geometry : Yes
 Material : PMMA
 Range cuts        :  gamma  700 um     e-  700 um     e+  700 um  proton 700 um 
 Energy thresholds :  gamma  2.41092 keV    e-  306.404 keV    e+  298.561 keV proton 70 keV
 Region(s) which use this couple : 
    DefaultRegionForTheWorld

Index : 6     used in the geometry : Yes
 Material : G4_Al
 Range cuts        :  gamma  700 um     e-  700 um     e+  700 um  proton 700 um 
 Energy thresholds :  gamma  5.84707 keV    e-  461.19 keV    e+  445.1 keV proton 70 keV
 Region(s) which use this couple : 
    DefaultRegionForTheWorld

==================================================================

### Run 0 starts.
... set ntuple merging row mode : row-wise - done
... create file : wls.root - done
... open analysis file : wls.root - done
... open analysis file : wls.root - done
--> Event 0 starts.

-------->Hits Collection: in this event there are 31 hits in the photon detector: 
Arrival time: 6.08404 ns Arrival position: (267.805 um , 369.465 um ) Exit position: (199.889 um , 407.003 um ) Energy: 2.78967 eV 
Arrival time: 16.7016 ns Arrival position: (-251.667 um , 316.291 um ) Exit position: (-322.848 um ,  135.39 um ) Energy: 2.68938 eV 
Arrival time: 12.9718 ns Arrival position: (328.439 um , -143.391 um ) Exit position: (330.335 um , -175.524 um ) Energy: 2.06879 eV 
Arrival time: 8.41561 ns Arrival position: (-214.887 um , 180.664 um ) Exit position: ( -205.2 um , 126.144 um ) Energy: 2.83644 eV 
Arrival time: 22.4238 ns Arrival position: (-406.86 um , -80.7591 um ) Exit position: (-367.088 um , 10.3737 um ) Energy: 2.39981 eV 
Arrival time: 13.8187 ns Arrival position: (-540.139 um , -22.1832 um ) Exit position: (-335.188 um , -226.717 um ) Energy: 2.57136 eV 
Arrival time: 50.0369 ns Arrival position: (11.2649 um , -501.668 um ) Exit position: (2.42898 um , -388.32 um ) Energy: 2.71092 eV 
Arrival time:  28.885 ns Arrival position: (19.0566 um , 496.413 um ) Exit position: (21.8271 um , 476.134 um ) Energy: 2.80937 eV 
Arrival time: 13.7265 ns Arrival position: (46.7649 um , 117.376 um ) Exit position: (16.2424 um , 199.532 um ) Energy: 2.40427 eV 
Arrival time: 7.58334 ns Arrival position: (381.506 um , -77.299 um ) Exit position: (292.954 um , -51.9625 um ) Energy: 2.92206 eV 
Arrival time: 7.75538 ns Arrival position: (-55.8314 um ,  219.72 um ) Exit position: (-111.305 um , 166.238 um ) Energy: 2.68155 eV 
Arrival time: 52.7346 ns Arrival position: (-310.448 um , 85.7918 um ) Exit position: (-235.564 um , 222.987 um ) Energy: 2.54438 eV 
Arrival time: 19.8267 ns Arrival position: (379.145 um , -10.2422 um ) Exit position: (305.804 um , -105.17 um ) Energy: 2.67127 eV 
Arrival time: 7.97043 ns Arrival position: ( 78.552 um ,  5.2063 um ) Exit position: (77.7647 um , -74.5437 um ) Energy:   2.325 eV 
Arrival time: 11.9861 ns Arrival position: (-192.247 um , -67.4353 um ) Exit position: (-149.691 um , -47.9121 um ) Energy: 2.72252 eV 
Arrival time: 11.2948 ns Arrival position: (15.8849 um , 340.499 um ) Exit position: (60.0547 um , 332.446 um ) Energy: 2.57958 eV 
Arrival time:  8.1247 ns Arrival position: (-306.41 um , -18.0847 um ) Exit position: (-276.276 um , -64.4703 um ) Energy:  2.5557 eV 
Arrival time: 18.3725 ns Arrival position: (48.1313 um , 506.643 um ) Exit position: (18.9412 um , 382.478 um ) Energy: 2.94565 eV 
Arrival time: 17.6672 ns Arrival position: (97.3452 um , -349.191 um ) Exit position: (156.045 um , -388.163 um ) Energy: 2.69678 eV 
Arrival time: 28.0593 ns Arrival position: (-184.16 um , 408.213 um ) Exit position: (-212.763 um ,  239.98 um ) Energy: 2.48026 eV 
Arrival time: 6.07434 ns Arrival position: (-166.444 um , 236.486 um ) Exit position: (-198.018 um , 210.203 um ) Energy: 2.42684 eV 
Arrival time: 17.4933 ns Arrival position: (-1.78023 um , -217.399 um ) Exit position: (-51.958 um , -220.685 um ) Energy: 2.83012 eV 
Arrival time: 14.7148 ns Arrival position: (-308.756 um , 53.7127 um ) Exit position: (-299.523 um , 322.961 um ) Energy:  2.6689 eV 
Arrival time:   10.06 ns Arrival position: (-214.02 um , 141.213 um ) Exit position: (-117.196 um , 168.413 um ) Energy: 2.95618 eV 
Arrival time: 7.82831 ns Arrival position: (309.523 um , -432.359 um ) Exit position: (344.189 um , -174.974 um ) Energy: 2.58081 eV 
Arrival time: 28.0343 ns Arrival position: (-379.577 um , -20.6419 um ) Exit position: (-304.39 um ,  61.833 um ) Energy: 2.44825 eV 
Arrival time: 10.4966 ns Arrival position: (-206.108 um , 157.016 um ) Exit position: (-272.417 um , 84.6095 um ) Energy:  2.5885 eV 
Arrival time: 9.31935 ns Arrival position: (-239.454 um , -41.0625 um ) Exit position: (-201.08 um , -37.9353 um ) Energy: 2.30984 eV 
Arrival time: 6.55022 ns Arrival position: (-289.924 um , -29.4959 um ) Exit position: (-225.184 um ,  -58.21 um ) Energy: 2.55831 eV 
Arrival time:  15.415 ns Arrival position: (357.892 um , -112.823 um ) Exit position: (359.902 um , -163.362 um ) Energy: 2.85362 eV 
Arrival time: 36.9345 ns Arrival position: (51.2559 um , 141.097 um ) Exit position: (204.272 um , 149.364 um ) Energy: 2.79425 eV 
--> Event 1 starts.

-------->Hits Collection: in this event there are 25 hits in the photon detector: 
Arrival time: 6.79795 ns Arrival position: (413.427 um , -101.002 um ) Exit position: (332.256 um ,  22.853 um ) Energy: 2.51603 eV 
Arrival time:  10.585 ns Arrival position: ( 345.06 um , -3.08582 um ) Exit position: (304.262 um , 57.5777 um ) Energy: 2.81705 eV 
Arrival time: 20.7886 ns Arrival position: (-362.515 um , -165.057 um ) Exit position: (-269.849 um , -115.437 um ) Energy: 2.63082 eV 
Arrival time: 12.6824 ns Arrival position: (-254.516 um , -391.777 um ) Exit position: (-309.719 um , -250.184 um ) Energy: 2.67383 eV 
Arrival time: 16.6628 ns Arrival position: (-133.145 um , 110.912 um ) Exit position: (-228.209 um , -8.95629 um ) Energy: 2.71628 eV 
Arrival time: 7.72348 ns Arrival position: (-139.441 um , 405.624 um ) Exit position: (-140.875 um , 368.823 um ) Energy: 2.87611 eV 
Arrival time:   27.17 ns Arrival position: (-120.186 um , -224.803 um ) Exit position: (-180.789 um , -228.194 um ) Energy: 2.25474 eV 
Arrival time: 17.2862 ns Arrival position: (14.8325 um , 117.383 um ) Exit position: (30.0706 um , 120.642 um ) Energy: 2.96499 eV 
Arrival time: 7.80786 ns Arrival position: (-132.689 um , -305.626 um ) Exit position: (-67.5114 um , -411.757 um ) Energy: 2.80052 eV 
Arrival time: 24.4554 ns Arrival position: (-118.731 um , -86.8954 um ) Exit position: (-136.78 um , -148.404 um ) Energy: 2.46968 eV 
Arrival time: 6.52174 ns Arrival position: (122.427 um , 172.671 um ) Exit position: ( 108.87 um , 84.3013 um ) Energy: 2.77936 eV 
Arrival time: 55.3119 ns Arrival position: (-322.249 um , -99.8546 um ) Exit position: (-305.48 um , -199.31 um ) Energy:  2.6322 eV 
Arrival time: 9.05373 ns Arrival position: (41.6054 um , -43.0438 um ) Exit position: (8.12632 um , -48.5063 um ) Energy: 2.23536 eV 
Arrival time: 6.70215 ns Arrival position: (-191.932 um , -339.863 um ) Exit position: (-185.615 um , -367.695 um ) Energy:  2.6046 eV 
Arrival time:  45.856 ns Arrival position: (188.451 um , -410.664 um ) Exit position: (181.342 um , -428.046 um ) Energy: 2.57605 eV 
Arrival time: 24.2664 ns Arrival position: (66.2442 um , 416.799 um ) Exit position: (127.608 um , 470.824 um ) Energy:  2.8366 eV 
Arrival time: 11.5189 ns Arrival position: (355.418 um , -207.732 um ) Exit position: (249.821 um , -159.544 um ) Energy: 2.89691 eV 
Arrival time: 6.52544 ns Arrival position: (232.788 um , 190.929 um ) Exit position: ( 207.54 um , 239.208 um ) Energy: 2.50157 eV 
Arrival time: 19.0678 ns Arrival position: (-67.0626 um , 421.349 um ) Exit position: (33.8221 um , 374.497 um ) Energy: 2.46075 eV 
Arrival time: 24.6007 ns Arrival position: (348.389 um , 19.9463 um ) Exit position: (292.197 um , 86.2384 um ) Energy: 2.31427 eV 
Arrival time: 13.3429 ns Arrival position: (69.0251 um ,  156.34 um ) Exit position: (204.227 um , 136.183 um ) Energy: 2.64594 eV 
Arrival time: 7.91623 ns Arrival position: (-321.582 um , 174.989 um ) Exit position: (-320.176 um , 131.348 um ) Energy: 2.57086 eV 
Arrival time: 72.7074 ns Arrival position: (318.165 um , 206.658 um ) Exit position: ( 306.12 um , 146.033 um ) Energy: 2.41403 eV 
Arrival time: 11.0548 ns Arrival position: (243.324 um , -107.86 um ) Exit position: (169.691 um , -49.5203 um ) Energy: 2.77191 eV 
Arrival time: 8.24088 ns Arrival position: (-183.69 um , -449.89 um ) Exit position: (-171.293 um , -318.011 um ) Energy:   2.868 eV 
--> Event 2 starts.

-------->Hits Collection: in this event there are 1 hits in the photon detector: 
Arrival time: 5.38967 ns Arrival position: (117.747 um , -277.294 um ) Exit position: (151.381 um , -274.722 um ) Energy: 2.13074 eV 
--> Event 3 starts.

-------->Hits Collection: in this event there are 7 hits in the photon detector: 
Arrival time: 22.7276 ns Arrival position: (266.979 um , 142.521 um ) Exit position: (210.042 um , 110.685 um ) Energy: 2.77676 eV 
Arrival time: 11.3393 ns Arrival position: (179.757 um , -78.9853 um ) Exit position: (231.149 um , 68.0498 um ) Energy:  2.4801 eV 
Arrival time: 13.8388 ns Arrival position: (-163.06 um , -4.94469 um ) Exit position: (-194.955 um , 122.385 um ) Energy: 2.66381 eV 
Arrival time: 27.2619 ns Arrival position: (-355.291 um , -2.66797 um ) Exit position: (-295.093 um , -72.7559 um ) Energy: 2.86234 eV 
Arrival time:  9.9421 ns Arrival position: (-278.176 um , 9.05044 um ) Exit position: (-241.007 um , -34.6502 um ) Energy: 2.65686 eV 
Arrival time: 10.6018 ns Arrival position: ( 364.17 um , -56.1285 um ) Exit position: (291.684 um , 18.6833 um ) Energy: 2.48498 eV 
Arrival time: 8.99395 ns Arrival position: (222.554 um , -450.719 um ) Exit position: (177.934 um , -435.248 um ) Energy: 2.25654 eV 
--> Event 4 starts.

-------->Hits Collection: in this event there are 9 hits in the photon detector: 
Arrival time: 23.6972 ns Arrival position: (-68.7578 um , -367.005 um ) Exit position: (-105.609 um , -299.811 um ) Energy: 2.79648 eV 
Arrival time: 38.8724 ns Arrival position: (72.9548 um , 333.569 um ) Exit position: (87.5482 um , 407.365 um ) Energy: 2.82479 eV 
Arrival time: 16.1127 ns Arrival position: (-240.623 um , -276.607 um ) Exit position: (-157.846 um , -142.581 um ) Energy: 2.59707 eV 
Arrival time: 14.6043 ns Arrival position: (-170.624 um ,   298.5 um ) Exit position: (-86.6985 um , 427.194 um ) Energy: 2.62536 eV 
Arrival time: 10.1255 ns Arrival position: (160.975 um , 52.2832 um ) Exit position: (  175.8 um , 74.0615 um ) Energy: 2.50794 eV 
Arrival time: 7.08395 ns Arrival position: (309.409 um , -23.6529 um ) Exit position: ( 273.23 um , -55.9581 um ) Energy: 2.36867 eV 
Arrival time: 43.1076 ns Arrival position: (-44.854 um , -259.076 um ) Exit position: (-110.013 um , -280.583 um ) Energy: 2.68295 eV 
Arrival time: 8.51959 ns Arrival position: (-143.346 um , -354.155 um ) Exit position: (-106.592 um , -247.845 um ) Energy: 2.77068 eV 
Arrival time: 31.0764 ns Arrival position: (-29.8747 um ,  368.37 um ) Exit position: (-78.6904 um , 217.422 um ) Energy: 2.54424 eV 
--> Event 5 starts.

-------->Hits Collection: in this event there are 6 hits in the photon detector: 
Arrival time: 9.69279 ns Arrival position: (-110.634 um , -275.107 um ) Exit position: (-119.603 um , -341.867 um ) Energy: 2.37652 eV 
Arrival time:  20.063 ns Arrival position: (331.828 um , 89.3302 um ) Exit position: (349.593 um ,  201.65 um ) Energy: 2.70884 eV 
Arrival time: 13.4245 ns Arrival position: (329.155 um , -423.171 um ) Exit position: (305.798 um , -303.976 um ) Energy: 2.75244 eV 
Arrival time: 14.8797 ns Arrival position: (-274.574 um ,  278.97 um ) Exit position: (-299.959 um , 332.095 um ) Energy: 2.83332 eV 
Arrival time: 28.8463 ns Arrival position: (246.813 um , -2.15173 um ) Exit position: (384.044 um , -78.2663 um ) Energy: 2.63559 eV 
Arrival time: 8.62656 ns Arrival position: (19.1644 um , -164.478 um ) Exit position: (19.4672 um , -142.594 um ) Energy: 2.46703 eV 
--> Event 6 starts.

-------->Hits Collection: in this event there are 35 hits in the photon detector: 
Arrival time: 5.74688 ns Arrival position: (14.0127 um , 17.9665 um ) Exit position: (50.7281 um , 131.629 um ) Energy: 2.66353 eV 
Arrival time: 15.2395 ns Arrival position: (-481.866 um , 53.8473 um ) Exit position: (-326.394 um , 211.249 um ) Energy: 2.64691 eV 
Arrival time:  17.278 ns Arrival position: (-84.3424 um ,  349.88 um ) Exit position: (-91.9534 um , 476.408 um ) Energy: 2.73214 eV 
Arrival time: 11.8904 ns Arrival position: (13.3688 um , 96.6531 um ) Exit position: (-115.788 um , 175.907 um ) Energy: 2.58665 eV 
Arrival time: 24.7551 ns Arrival position: (-41.5728 um , -96.7917 um ) Exit position: (-98.9909 um , -41.9612 um ) Energy: 2.73331 eV 
Arrival time: 14.8659 ns Arrival position: ( -238.1 um , -222.086 um ) Exit position: (-205.892 um , -279.421 um ) Energy: 2.19781 eV 
Arrival time:  11.799 ns Arrival position: (-246.41 um , 393.908 um ) Exit position: (-196.909 um , 393.424 um ) Energy: 2.26975 eV 
Arrival time: 19.2728 ns Arrival position: (-105.554 um ,  127.53 um ) Exit position: (-103.462 um , 117.409 um ) Energy:  2.7159 eV 
Arrival time: 11.6891 ns Arrival position: (-489.188 um , -9.0392 um ) Exit position: (-395.41 um , -44.4152 um ) Energy: 2.87078 eV 
Arrival time: 14.6339 ns Arrival position: (361.587 um , 209.077 um ) Exit position: (370.395 um , 220.248 um ) Energy: 2.65383 eV 
Arrival time: 7.81143 ns Arrival position: (5.45226 um , 259.093 um ) Exit position: (-97.7021 um , 217.763 um ) Energy: 2.76088 eV 
Arrival time: 11.6521 ns Arrival position: (-93.8528 um ,  215.11 um ) Exit position: (32.9482 um , 140.684 um ) Energy: 2.38792 eV 
Arrival time: 22.3559 ns Arrival position: (-75.7165 um , 287.408 um ) Exit position: (-165.181 um , 342.169 um ) Energy: 2.14317 eV 
Arrival time: 21.7845 ns Arrival position: (-296.462 um , -325.605 um ) Exit position: (-216.051 um , -340.781 um ) Energy: 2.10391 eV 
Arrival time: 6.38408 ns Arrival position: (286.567 um , -59.1944 um ) Exit position: (262.555 um , -138.643 um ) Energy: 2.74977 eV 
Arrival time: 28.0717 ns Arrival position: (217.325 um , -138.763 um ) Exit position: (  127.7 um , -211.907 um ) Energy: 2.45033 eV 
Arrival time:  13.075 ns Arrival position: (-240.097 um , 323.883 um ) Exit position: (-152.623 um ,  259.66 um ) Energy: 2.63316 eV 
Arrival time: 33.6451 ns Arrival position: (-323.375 um , -194.563 um ) Exit position: (-356.341 um , -117.669 um ) Energy: 2.45189 eV 
Arrival time: 12.3304 ns Arrival position: (-58.0701 um , -202.83 um ) Exit position: (-75.5038 um , -141.774 um ) Energy: 2.49994 eV 
Arrival time: 19.4306 ns Arrival position: (31.1055 um , 240.696 um ) Exit position: (-26.9721 um , 188.344 um ) Energy: 2.88714 eV 
Arrival time: 24.9836 ns Arrival position: (233.363 um , 345.671 um ) Exit position: (142.379 um , 262.247 um ) Energy: 2.62439 eV 
Arrival time: 14.1503 ns Arrival position: (81.0403 um , -254.183 um ) Exit position: (69.4249 um , -278.748 um ) Energy: 2.57089 eV 
Arrival time: 37.7209 ns Arrival position: (-130.178 um , -110.792 um ) Exit position: (-94.4415 um , -44.8997 um ) Energy: 2.83514 eV 
Arrival time:  7.9703 ns Arrival position: (-400.828 um , 316.577 um ) Exit position: (-348.233 um ,  228.03 um ) Energy: 2.86805 eV 
Arrival time: 7.82979 ns Arrival position: (-197.575 um , -114.44 um ) Exit position: (-59.3709 um , -125.839 um ) Energy: 2.76137 eV 
Arrival time: 18.2214 ns Arrival position: (100.319 um , 155.628 um ) Exit position: (83.4318 um , 228.933 um ) Energy: 2.56578 eV 
Arrival time: 11.2849 ns Arrival position: (-74.8678 um ,  358.86 um ) Exit position: (-85.9817 um , 474.261 um ) Energy: 2.55698 eV 
Arrival time: 32.1606 ns Arrival position: (425.005 um , -225.293 um ) Exit position: (  318.1 um , -278.844 um ) Energy: 2.38642 eV 
Arrival time: 7.92684 ns Arrival position: (-312.443 um , -140.311 um ) Exit position: (-266.909 um , -362.317 um ) Energy: 2.56938 eV 
Arrival time: 6.83955 ns Arrival position: (-211.222 um , 35.1437 um ) Exit position: (-280.727 um , 117.026 um ) Energy: 2.55055 eV 
Arrival time: 18.6019 ns Arrival position: (312.106 um , 93.7963 um ) Exit position: (264.251 um , 87.9014 um ) Energy: 2.59955 eV 
Arrival time: 9.19892 ns Arrival position: (-54.6065 um , 363.005 um ) Exit position: (-40.386 um , 465.253 um ) Energy: 2.57476 eV 
Arrival time: 19.1341 ns Arrival position: (223.751 um , 324.896 um ) Exit position: ( 127.45 um , 354.145 um ) Energy: 2.50178 eV 
Arrival time: 12.5304 ns Arrival position: (206.758 um , -282.55 um ) Exit position: (206.986 um , -331.484 um ) Energy: 2.19424 eV 
Arrival time: 11.5378 ns Arrival position: (-85.6944 um , 391.311 um ) Exit position: (-62.407 um ,  461.71 um ) Energy: 2.74937 eV 
--> Event 7 starts.

-------->Hits Collection: in this event there are 13 hits in the photon detector: 
Arrival time: 10.3863 ns Arrival position: (284.893 um , -63.2275 um ) Exit position: (235.099 um , -66.7494 um ) Energy: 2.44465 eV 
Arrival time: 18.6584 ns Arrival position: (124.456 um , 348.128 um ) Exit position: (85.4325 um , 423.168 um ) Energy:  2.8377 eV 
Arrival time: 11.3258 ns Arrival position: (-77.3832 um , 248.559 um ) Exit position: (-111.131 um ,  219.24 um ) Energy: 2.48712 eV 
Arrival time: 7.23086 ns Arrival position: (-37.2684 um , -31.7555 um ) Exit position: (-28.1437 um , -9.14207 um ) Energy: 2.79519 eV 
Arrival time: 9.13758 ns Arrival position: (-147.568 um , 348.433 um ) Exit position: (-141.671 um , 216.507 um ) Energy: 2.55827 eV 
Arrival time: 10.8096 ns Arrival position: (215.954 um , 64.5482 um ) Exit position: (275.908 um , 6.65452 um ) Energy: 2.80416 eV 
Arrival time:  14.468 ns Arrival position: (259.218 um , 224.971 um ) Exit position: (197.178 um , 104.613 um ) Energy: 2.69082 eV 
Arrival time: 9.49815 ns Arrival position: (100.474 um , -399.292 um ) Exit position: (36.9878 um , -346.753 um ) Energy: 2.82208 eV 
Arrival time: 8.38733 ns Arrival position: (128.734 um , -405.697 um ) Exit position: (186.273 um , -448.924 um ) Energy: 2.71409 eV 
Arrival time: 22.0319 ns Arrival position: (399.031 um , -389.913 um ) Exit position: (267.238 um , -340.208 um ) Energy: 2.86365 eV 
Arrival time: 11.8234 ns Arrival position: (-290.593 um , -255.803 um ) Exit position: (-199.389 um , -237.86 um ) Energy: 2.47102 eV 
Arrival time:   21.79 ns Arrival position: (175.236 um , 170.156 um ) Exit position: (215.226 um , 195.822 um ) Energy: 2.29212 eV 
Arrival time: 7.00821 ns Arrival position: (208.928 um , -149.424 um ) Exit position: (205.216 um , -198.065 um ) Energy: 2.96288 eV 
--> Event 8 starts.

-------->Hits Collection: in this event there are 18 hits in the photon detector: 
Arrival time: 5.50801 ns Arrival position: (-237.961 um , -411.28 um ) Exit position: (-226.736 um , -344.644 um ) Energy:  2.8999 eV 
Arrival time:  5.7487 ns Arrival position: (167.742 um , 14.6259 um ) Exit position: (149.189 um , 128.693 um ) Energy: 2.61146 eV 
Arrival time: 5.59078 ns Arrival position: (-15.8556 um , 207.917 um ) Exit position: (-41.1176 um , 129.251 um ) Energy: 2.85865 eV 
Arrival time: 5.84356 ns Arrival position: (347.659 um , 154.607 um ) Exit position: (362.601 um , 29.9943 um ) Energy:  2.0613 eV 
Arrival time:  8.4227 ns Arrival position: (-44.8143 um , -182.986 um ) Exit position: (-24.5447 um , -216.844 um ) Energy:  2.7597 eV 
Arrival time: 13.5864 ns Arrival position: (-411.315 um , 366.619 um ) Exit position: (-112.28 um , 444.497 um ) Energy: 2.81682 eV 
Arrival time: 6.81827 ns Arrival position: (-303.468 um , 13.3749 um ) Exit position: (-328.534 um , -121.469 um ) Energy:  2.5121 eV 
Arrival time: 7.90698 ns Arrival position: (-344.183 nm , -598.701 um ) Exit position: (17.6069 um , -474.002 um ) Energy: 2.77135 eV 
Arrival time: 8.02766 ns Arrival position: (385.163 um , 141.378 um ) Exit position: (299.002 um ,  10.498 um ) Energy:  2.5757 eV 
Arrival time: 10.0626 ns Arrival position: (-133.853 um , -131.16 um ) Exit position: (-99.4728 um , -159.014 um ) Energy: 2.72607 eV 
Arrival time: 6.74347 ns Arrival position: (8.87768 um , -66.5422 um ) Exit position: (-849.402 nm , -53.2978 um ) Energy:  2.8382 eV 
Arrival time: 12.1847 ns Arrival position: (262.225 um , -29.3874 um ) Exit position: (292.923 um , -171.545 um ) Energy: 2.50155 eV 
Arrival time:  13.348 ns Arrival position: (247.846 um , 160.978 um ) Exit position: (203.461 um , 179.878 um ) Energy: 2.45872 eV 
Arrival time: 10.3661 ns Arrival position: (-120.825 um , 328.489 um ) Exit position: (-151.376 um , 254.423 um ) Energy: 2.14895 eV 
Arrival time: 12.0099 ns Arrival position: (-119.315 um , -206.176 um ) Exit position: (-192.759 um , -261.398 um ) Energy: 2.81982 eV 
Arrival time: 58.9715 ns Arrival position: (-247.359 um , -341.85 um ) Exit position: (-233.206 um , -319.548 um ) Energy: 2.62236 eV 
Arrival time: 24.8328 ns Arrival position: (291.411 um , 98.9473 um ) Exit position: (310.174 um , 95.0561 um ) Energy: 2.46469 eV 
Arrival time: 12.6903 ns Arrival position: ( 14.974 um , -54.3637 um ) Exit position: (81.3579 um , -164.319 um ) Energy: 2.80323 eV 
--> Event 9 starts.

-------->Hits Collection: in this event there are 15 hits in the photon detector: 
Arrival time: 17.5391 ns Arrival position: (-60.8792 um , -180.553 um ) Exit position: (-86.9914 um , -87.4214 um ) Energy: 2.38928 eV 
Arrival time: 18.7191 ns Arrival position: (14.6042 um , -71.2711 um ) Exit position: (62.8676 um , -6.38024 um ) Energy: 2.39344 eV 
Arrival time: 7.61813 ns Arrival position: ( 365.16 um , -33.7327 um ) Exit position: ( 215.58 um , 3.52371 um ) Energy: 2.58885 eV 
Arrival time: 8.15076 ns Arrival position: (180.108 um , -492.997 um ) Exit position: (149.286 um , -414.89 um ) Energy: 2.69141 eV 
Arrival time: 9.02478 ns Arrival position: (-220.035 um ,    33.9 um ) Exit position: (-121.83 um , 44.4034 um ) Energy:  2.8359 eV 
Arrival time: 6.55823 ns Arrival position: (375.194 um ,  -230.1 um ) Exit position: (373.398 um , -143.284 um ) Energy: 2.77445 eV 
Arrival time: 12.6699 ns Arrival position: (202.905 um , 99.7397 um ) Exit position: (199.248 um , 147.824 um ) Energy: 2.28427 eV 
Arrival time: 7.46758 ns Arrival position: (89.7709 um , -236.328 um ) Exit position: (61.3548 um , -94.7416 um ) Energy: 2.71595 eV 
Arrival time:  7.3853 ns Arrival position: (-157.832 um ,  116.02 um ) Exit position: (-120.08 um , 164.623 um ) Energy: 2.24371 eV 
Arrival time: 28.5584 ns Arrival position: (105.214 um ,  252.85 nm ) Exit position: (202.309 um , -42.8771 um ) Energy: 2.38594 eV 
Arrival time: 25.6346 ns Arrival position: (-45.0462 um , -48.1004 um ) Exit position: (-169.604 um , -106.594 um ) Energy: 2.39545 eV 
Arrival time: 18.7822 ns Arrival position: (-124.55 um ,  213.15 um ) Exit position: (-140.927 um ,   205.3 um ) Energy: 2.45121 eV 
Arrival time: 8.23364 ns Arrival position: ( -143.4 um , -206.691 um ) Exit position: (-55.5087 um , -182.887 um ) Energy: 2.37927 eV 
Arrival time: 7.33654 ns Arrival position: (-160.477 um , -140.229 um ) Exit position: (-29.6309 um , -51.9848 um ) Energy: 2.70853 eV 
Arrival time: 11.8654 ns Arrival position: (186.244 um , -96.706 um ) Exit position: (177.209 um , -125.061 um ) Energy: 2.52801 eV 
 Run terminated.
Run Summary
  Number of events processed : 10
  User=8.160000s Real=8.218479s Sys=0.010000s

 ----> print histograms statistics for the entire run 

 Mean number of photons detected/event: 16 rms = 10.6583
... write file : wls.root - done
... close file : wls.root - done

 ======================== run summary =====================
Average number per event:
 TIR:          1.74e+05 +- 1.09e+05
 Exiting:      3.6e+05 +- 2.25e+05
 Escaped Mid:  323 +- 195
 Escaped End:  16.3 +- 10.8
 Bounced:      1.32e+04 +- 8.48e+03
 WLS Bounce:   0 +- 0
 Clad1 Bounce: 8.91e+03 +- 5.73e+03
 Clad2 Bounce: 0 +- 0
 Reflected:    2.11e+04 +- 1.31e+04
 Escaped:      0.3 +- 0.64
 Mirror:       18.2 +- 9.74
 Detector hit: 16 +- 10.7

Graphics systems deleted.
Visualization Manager deleting...
================== Deleting memory pools ===================
Number of memory pools allocated: 14 of which, static: 0
Dynamic pools deleted: 14 / Total memory freed: 1.7 MB
============================================================
